D/AndroidRuntime(  527): CheckJNI is ON
D/AndroidRuntime(  527): Calling main entry com.android.commands.am.Am
I/ActivityManager(   69): Starting: Intent { act=android.intent.action.MAIN flg=0x10000000 cmp=com.rhomobile.timer/com.rhomobile.rhodes.RhodesActivity } from pid 527
D/AndroidRuntime(  527): Shutting down VM
D/dalvikvm(  527): GC_CONCURRENT freed 100K, 69% free 318K/1024K, external 0K/0K, paused 3ms+1ms
I/ActivityManager(   69): Start proc com.rhomobile.timer for activity com.rhomobile.timer/com.rhomobile.rhodes.RhodesActivity: pid=535 uid=10034 gids={3003}
D/jdwp    (  527): adbd disconnected
I/AndroidRuntime(  527): NOTE: attach of thread 'Binder Thread #3' failed
D/dalvikvm(  535): Trying to load lib /data/data/com.rhomobile.timer/lib/librhodes.so 0x40513888
D/dalvikvm(  535): Added shared lib /data/data/com.rhomobile.timer/lib/librhodes.so 0x40513888
I/ActivityThread(  535): Pub com.rhomobile.timer: com.rhomobile.rhodes.LocalFileProvider
D/dalvikvm(  535): GC_EXTERNAL_ALLOC freed 78K, 52% free 2601K/5379K, external 1625K/2137K, paused 57ms
I/RhodesActivity(  535): >>>>>>>>>>>>>>> onCreate()
D/RhodesActivity(  535): RhodesActivity.onStart()
D/RhodesActivity(  535): RhodesActivity.onResume()
D/RhodesService(  535): Root path: /data/data/com.rhomobile.timer/rhodata/
D/RhodesService(  535): Sqlite journals path: /data/data/com.rhomobile.timer/sqlite_stmt_journals/
I/RhodesService(  535): Application hash was changed
W/ActivityManager(   69): No content provider found for: 
D/RhodesService(  535): Root path: /data/data/com.rhomobile.timer/rhodata/
D/RhodesService(  535): Sqlite journals path: /data/data/com.rhomobile.timer/sqlite_stmt_journals/
I/APP     (  535): I 06/24/2011 14:02:30:148 002a8060         AppCallbacks| Starting main routine...
I/APP     (  535): I 06/24/2011 14:02:30:163 002a8060         AppCallbacks| ThreadQueue blocked for 300 seconds...
I/APP     (  535): I 06/24/2011 14:02:30:141 afd4d440            RhodesApp| Trying to get free listening port.
I/APP     (  535): I 06/24/2011 14:02:30:169 afd4d440            RhodesApp| Trying to bind of 0 port...
I/APP     (  535): I 06/24/2011 14:02:30:173 afd4d440            RhodesApp| Got port to bind on: 34813
I/APP     (  535): I 06/24/2011 14:02:30:176 afd4d440            RhodesApp| Free listening port: 34813
I/APP     (  535): I 06/24/2011 14:02:30:220 afd4d440               Rhodes| Loading...
I/APP     (  535): I 06/24/2011 14:02:30:617 afd4d440            RhodesApp| callAppActiveCallback
I/APP     (  535): I 06/24/2011 14:02:30:619 afd4d440         AppCallbacks| addCommand: APP-ACTIVATED
I/APP     (  535): I 06/24/2011 14:02:30:624 002a8060         AppCallbacks| Received command APP-ACTIVATED which is greater than expected (LOCAL-SERVER-STARTED) - postpone it
I/APP     (  535): I 06/24/2011 14:02:30:625 002a8060         AppCallbacks| ThreadQueue blocked for 300 seconds...
I/APP     (  535): I 06/24/2011 14:02:30:623 002fa168            RhodesApp| Starting RhodesApp main routine...
I/APP     (  535): I 06/24/2011 14:02:30:638 afd4d440         AppActivated| Cannot commit now, application will be activated when started.
I/APP     (  535): I 06/24/2011 14:02:30:639 afd4d440            Undefined| Handlers have completed.
I/APP     (  535): I 06/24/2011 14:02:30:644 afd4d440    RhodesApplication| New AppState: Undefined
I/APP     (  535): I 06/24/2011 14:02:30:678 afd4d440        RhodesService| handleCommand: startId=1, source=com.rhomobile.rhodes.BaseActivity
I/APP     (  535): I 06/24/2011 14:02:30:679 afd4d440        RhodesService| New activity was created
I/APP     (  535): I 06/24/2011 14:02:30:721 afd4d440         AppCallbacks| addCommand: UI-CREATED
I/APP     (  535): I 06/24/2011 14:02:30:732 002a8060         AppCallbacks| Received command UI-CREATED which is greater than expected (LOCAL-SERVER-STARTED) - postpone it
I/APP     (  535): I 06/24/2011 14:02:30:734 002a8060         AppCallbacks| ThreadQueue blocked for 300 seconds...
I/APP     (  535): I 06/24/2011 14:02:31:032 002fa168              RhoRuby| Init_RhoBlobs: /data/data/com.rhomobile.timer/rhodata/db/db-files
I/APP     (  535): I 06/24/2011 14:02:31:062 afd4d440       RhodesActivity| onServiceConnected: {com.rhomobile.timer/com.rhomobile.rhodes.RhodesService}
I/APP     (  535): I 06/24/2011 14:02:31:094 002fa168              RhoRuby| require_compiled: rhoframework
I/APP     (  535): I 06/24/2011 14:02:31:188 002fa168              RhoRuby| require_compiled: rational
I/APP     (  535): I 06/24/2011 14:02:31:210 002fa168              RhoRuby| require_compiled: rhom/rhom_db_adapter
I/APP     (  535): I 06/24/2011 14:02:31:320 002fa168              RhoRuby| require_compiled: rhodes
I/APP     (  535): I 06/24/2011 14:02:31:334 002fa168              RhoRuby| require_compiled: rhom/rhom_object
I/APP     (  535): I 06/24/2011 14:02:31:388 002fa168              RhoRuby| require_compiled: rhofsconnector
I/APP     (  535): I 06/24/2011 14:02:31:394 002fa168              RhoRuby| require_compiled: rho/rhofsconnector
I/ActivityManager(   69): Displayed com.rhomobile.timer/com.rhomobile.rhodes.RhodesActivity: +3s242ms
I/APP     (  535): I 06/24/2011 14:02:31:484 002fa168              RhoRuby| require_compiled: rhom/rhom_object_factory
D/szipinf (  535): Initializing inflate state
D/szipinf (  535): Initializing zlib to inflate
I/APP     (  535): I 06/24/2011 14:02:32:359 002fa168              RhoRuby| require_compiled: rhom/rhom
I/APP     (  535): I 06/24/2011 14:02:32:415 002fa168              RhoRuby| require_compiled: rhom/rhom_model
I/APP     (  535): I 06/24/2011 14:02:32:473 002fa168              RhoRuby| require_compiled: rhom
I/APP     (  535): I 06/24/2011 14:02:32:490 002fa168              RhoRuby| require_compiled: rho/rhoapplication
I/APP     (  535): I 06/24/2011 14:02:32:559 002fa168              RhoRuby| require_compiled: rholang/localization_simplified
I/APP     (  535): I 06/24/2011 14:02:32:623 002fa168                  APP| Current locale: en; Country code: us
I/APP     (  535): I 06/24/2011 14:02:32:652 002fa168                  APP| file: /data/data/com.rhomobile.timer/rhodata/lib/rholang/lang_
I/APP     (  535): I 06/24/2011 14:02:32:655 002fa168              RhoRuby| require_compiled: /data/data/com.rhomobile.timer/rhodata/lib/rholang/lang_en
I/APP     (  535): I 06/24/2011 14:02:32:677 002fa168              RhoRuby| require_compiled: rho/rhomsg
I/APP     (  535): I 06/24/2011 14:02:32:710 002fa168                  APP| Current locale: en; Country code: us
I/APP     (  535): I 06/24/2011 14:02:32:711 002fa168                  APP| file: /data/data/com.rhomobile.timer/rhodata/lib/rholang/rhomsg_
I/APP     (  535): I 06/24/2011 14:02:32:716 002fa168              RhoRuby| require_compiled: /data/data/com.rhomobile.timer/rhodata/lib/rholang/rhomsg_en
I/APP     (  535): I 06/24/2011 14:02:32:752 002fa168              RhoRuby| require_compiled: rho/rhotabbar
I/APP     (  535): I 06/24/2011 14:02:32:770 002fa168              RhoRuby| require_compiled: rho/rhotoolbar
I/APP     (  535): I 06/24/2011 14:02:32:809 002fa168              RhoRuby| require_compiled: indifferent_access
I/APP     (  535): I 06/24/2011 14:02:32:859 002fa168              RhoRuby| require_compiled: rho/rhosupport
I/APP     (  535): I 06/24/2011 14:02:32:943 002fa168              RhoRuby| require_compiled: rho/rhocontroller
I/APP     (  535): I 06/24/2011 14:02:33:000 002fa168              RhoRuby| require_compiled: rho/render
I/APP     (  535): I 06/24/2011 14:02:33:125 002fa168              RhoRuby| require_compiled: rho/rho
D/szipinf (  535): Initializing inflate state
D/szipinf (  535): Initializing zlib to inflate
I/APP     (  535): I 06/24/2011 14:02:33:567 002fa168              RhoRuby| require_compiled: rho/rhoerror
I/APP     (  535): I 06/24/2011 14:02:33:598 002fa168                  APP| Current locale: en; Country code: us
I/APP     (  535): I 06/24/2011 14:02:33:612 002fa168                  APP| file: /data/data/com.rhomobile.timer/rhodata/lib/rholang/rhoerror_
I/APP     (  535): I 06/24/2011 14:02:33:614 002fa168              RhoRuby| require_compiled: /data/data/com.rhomobile.timer/rhodata/lib/rholang/rhoerror_en
I/APP     (  535): I 06/24/2011 14:02:33:642 002fa168              RhoRuby| require_compiled: rhom/rhom_source
I/APP     (  535): I 06/24/2011 14:02:33:711 002fa168              RhoRuby| require_compiled: rho/rhoviewhelpers
I/APP     (  535): I 06/24/2011 14:02:33:766 002fa168              RhoRuby| require_compiled: rho
I/APP     (  535): I 06/24/2011 14:02:33:772 002fa168                  APP| RHO loaded
I/APP     (  535): I 06/24/2011 14:02:33:787 002fa168                  APP| Calling RHO.initialize
I/APP     (  535): I 06/24/2011 14:02:33:793 002fa168                  APP| model file: Alarms/alarms
I/APP     (  535): I 06/24/2011 14:02:33:821 002fa168                   DB| Open DB: /data/data/com.rhomobile.timer/rhodata/db/syncdbuser.sqlite
I/APP     (  535): I 06/24/2011 14:02:33:911 002fa168            RhodesApp| Starting sync engine...
I/APP     (  535): I 06/24/2011 14:02:33:913 002fa168                 Sync| sync_poll_interval: 0
I/APP     (  535): I 06/24/2011 14:02:33:917 002fa168                 Sync| syncserver: 
I/APP     (  535): I 06/24/2011 14:02:33:919 002fa168                 Sync| bulksync_state: 0
I/APP     (  535): I 06/24/2011 14:02:33:922 002fa168            RhodesApp| RhoRubyInitApp...
I/APP     (  535): I 06/24/2011 14:02:33:925 002fa168                  APP| init_app
I/APP     (  535): I 06/24/2011 14:02:33:933 002fa168              RhoRuby| require_compiled: application
I/APP     (  535): I 06/24/2011 14:02:33:950 002fa168                  APP| Current locale: en; Country code: us
I/APP     (  535): I 06/24/2011 14:02:33:955 002fa168                  APP| on_reinstall_config_update: {"LogToOutput"=>["0", "1"]}
I/APP     (  535): I 06/24/2011 14:02:33:971 002fa168           HttpServer| Start HTTP server
I/APP     (  535): I 06/24/2011 14:02:33:972 002fa168         AppCallbacks| addCommand: LOCAL-SERVER-STARTED
I/APP     (  535): I 06/24/2011 14:02:33:976 002a8060         AppCallbacks| process command: LOCAL-SERVER-STARTED
I/APP     (  535): I 06/24/2011 14:02:33:980 002a8060           AppStarted| Handlers have completed.
I/APP     (  535): I 06/24/2011 14:02:33:980 002a8060         AppActivated| Handlers have completed.
I/APP     (  535): I 06/24/2011 14:02:33:981 002a8060    RhodesApplication| New AppState: AppActivated
I/APP     (  535): I 06/24/2011 14:02:33:981 002a8060         AppCallbacks| process command: UI-CREATED
I/APP     (  535): I 06/24/2011 14:02:34:008 002fa168           HttpServer| Process URI: '/system/uicreated'
I/APP     (  535): I 06/24/2011 14:02:34:010 002fa168                  APP| on_ui_created.navigate to start url: '/app'
I/APP     (  535): I 06/24/2011 14:02:34:051 002a8060         AppCallbacks| process command: APP-ACTIVATED
I/APP     (  535): I 06/24/2011 14:02:34:131 002fa168           HttpServer| Process URI: '/system/activateapp'
I/APP     (  535): I 06/24/2011 14:02:34:141 002a8060         AppCallbacks| ThreadQueue blocked for 300 seconds...
D/dalvikvm(  535): GC_EXTERNAL_ALLOC freed 620K, 55% free 2694K/5959K, external 3232K/3528K, paused 124ms
D/webviewglue(  535): nativeDestroy view: 0x386da8
V/SimpleMainView(  535): ms[1308924154461] processForNativeView : [http://127.0.0.1:34813/app]
V/SimpleMainView.View(  535): ms[1308924154541]  Main Window :: onSizeChanged() old [ 480 x 762 ]  new [ 0 x 0 ]
I/APP     (  535): I 06/24/2011 14:02:34:708 002fa168           HttpServer| Process URI: '/app'
I/APP     (  535): I 06/24/2011 14:02:35:010 002fa168           HttpServer| Process URI: '/app/index_erb.iseq'
I/APP     (  535): I 06/24/2011 14:02:35:015 002fa168                  APP| RHO serve_index: /app/index_erb.iseq
I/APP     (  535): I 06/24/2011 14:02:35:023 002fa168 RHO Rho::RhoController| inst_render_index
I/APP     (  535): I 06/24/2011 14:02:35:110 002fa168 RHO Rho::RhoController| index layout
I/APP     (  535): I 06/24/2011 14:02:35:409 002fa168           HttpServer| Process URI: '/public/jqtouch/jquery.1.3.2.min.js'
D/dalvikvm(  535): GREF has increased to 201
I/APP     (  535): I 06/24/2011 14:02:35:612 002fa168           HttpServer| Process URI: '/public/jqtouch/jqtouch.js'
I/APP     (  535): I 06/24/2011 14:02:35:710 002fa168           HttpServer| Process URI: '/public/jqtouch/jqtouch.css'
I/APP     (  535): I 06/24/2011 14:02:35:931 002fa168           HttpServer| Process URI: '/public/css/android.css'
I/APP     (  535): I 06/24/2011 14:02:37:654 002fa168           HttpServer| Process URI: '/public/images/android/disclosure.png'
D/dalvikvm(  408): GC_EXPLICIT freed 3K, 55% free 2530K/5511K, external 1625K/2137K, paused 2251ms
I/APP     (  535): I 06/24/2011 14:02:40:551 002fa168           HttpServer| Process URI: '/app/Alarms'
I/APP     (  535): I 06/24/2011 14:02:40:554 002fa168                  APP| RHO serve: /app/Alarms
I/APP     (  535): I 06/24/2011 14:02:40:565 002fa168              RhoRuby| require_compiled: Alarms/alarms_controller
I/APP     (  535): I 06/24/2011 14:02:40:606 002fa168              RhoRuby| require_compiled: helpers/browser_helper
I/APP     (  535): I 06/24/2011 14:02:40:629 002fa168                  APP| const_missing: Alarms
I/APP     (  535): I 06/24/2011 14:02:40:631 002fa168                  APP| load_model: Alarms
I/APP     (  535): I 06/24/2011 14:02:40:658 002fa168              RhoRuby| require_compiled: Alarms/alarms
I/APP     (  535): I 06/24/2011 14:02:40:678 002fa168                  APP| model name: Alarms
I/APP     (  535): I 06/24/2011 14:02:40:679 002fa168                  APP| model class found
I/APP     (  535): I 06/24/2011 14:02:40:684 002fa168                  APP| Alarms : {"property"=>{}}
I/APP     (  535): I 06/24/2011 14:02:40:689 002fa168                   DB| Open DB: /data/data/com.rhomobile.timer/rhodata/db/syncdblocal.sqlite
I/APP     (  535): I 06/24/2011 14:02:40:903 002fa168                  APP| init_db_sources
I/APP     (  535): I 06/24/2011 14:02:40:909 002fa168                  APP| start_id: 40003
I/APP     (  535): I 06/24/2011 14:02:40:925 002fa168                  APP| Migrate schema sources: {}
D/dalvikvm(  285): GC_EXPLICIT freed 6K, 55% free 2590K/5703K, external 1625K/2137K, paused 515ms
I/APP     (  535): I 06/24/2011 14:02:46:499 002fa168           HttpServer| Process URI: '/app/Alarms/new'
I/APP     (  535): I 06/24/2011 14:02:46:502 002fa168                  APP| RHO serve: /app/Alarms/new
D/dalvikvm(  216): GC_EXPLICIT freed 10K, 50% free 2918K/5767K, external 6157K/7338K, paused 1548ms
W/KeyCharacterMap(  535): No keyboard for id 0
W/KeyCharacterMap(  535): Using default keymap: /system/usr/keychars/qwerty.kcm.bin
D/dalvikvm(  144): GC_CONCURRENT freed 453K, 47% free 3534K/6599K, external 6963K/7268K, paused 5ms+5ms
W/KeyCharacterMap(  144): No keyboard for id 0
W/KeyCharacterMap(  144): Using default keymap: /system/usr/keychars/qwerty.kcm.bin
D/SntpClient(   69): request time failed: java.net.SocketException: Address family not supported by protocol
I/APP     (  535): I 06/24/2011 14:03:56:258 002fa168           HttpServer| Process URI: '/app/Alarms'
I/APP     (  535): I 06/24/2011 14:03:56:261 002fa168                  APP| RHO serve: /app/Alarms
I/APP     (  535): I 06/24/2011 14:03:56:283 002fa168                  APP| Params: {"id"=>"78156166512603.6", "alarms"=>{"starttime"=>"10:15 am", "duration"=>"10", "sound"=>"no", "repeatable"=>"no"}}
I/APP     (  535): I 06/24/2011 14:03:56:529 002fa168           HttpServer| Process URI: '/app/Alarms'
I/APP     (  535): I 06/24/2011 14:03:56:533 002fa168                  APP| RHO serve: /app/Alarms
I/APP     (  535): I 06/24/2011 14:04:06:659 002fa168           HttpServer| Process URI: '/app/Alarms/{78156166512604.6}/show'
I/APP     (  535): I 06/24/2011 14:04:06:661 002fa168                  APP| RHO serve: /app/Alarms/{78156166512604.6}/show
I/APP     (  535): I 06/24/2011 14:04:06:664 002fa168                  APP| Params: {"id"=>"{78156166512604.6}"}
I/APP     (  535): I 06/24/2011 14:07:34:185 002a8060         AppCallbacks| ThreadQueue blocked for 300 seconds...
D/SntpClient(   69): request time failed: java.net.SocketException: Address family not supported by protocol
I/APP     (  535): I 06/24/2011 14:12:34:187 002a8060         AppCallbacks| ThreadQueue blocked for 300 seconds...
D/SntpClient(   69): request time failed: java.net.SocketException: Address family not supported by protocol
D/dalvikvm(  535): GC_CONCURRENT freed 1161K, 57% free 2886K/6663K, external 3222K/3999K, paused 6ms+4ms
I/APP     (  535): I 06/24/2011 14:17:34:239 002a8060         AppCallbacks| ThreadQueue blocked for 300 seconds...
D/SntpClient(   69): request time failed: java.net.SocketException: Address family not supported by protocol
I/APP     (  535): I 06/24/2011 14:22:34:297 002a8060         AppCallbacks| ThreadQueue blocked for 300 seconds...
D/dalvikvm(  151): GC_CONCURRENT freed 362K, 53% free 2730K/5767K, external 2117K/2137K, paused 5ms+5ms
D/SntpClient(   69): request time failed: java.net.SocketException: Address family not supported by protocol
I/APP     (  535): I 06/24/2011 14:27:34:303 002a8060         AppCallbacks| ThreadQueue blocked for 300 seconds...
D/SntpClient(   69): request time failed: java.net.SocketException: Address family not supported by protocol
I/APP     (  535): I 06/24/2011 14:32:34:340 002a8060         AppCallbacks| ThreadQueue blocked for 300 seconds...
D/SntpClient(   69): request time failed: java.net.SocketException: Address family not supported by protocol
I/APP     (  535): I 06/24/2011 14:37:34:375 002a8060         AppCallbacks| ThreadQueue blocked for 300 seconds...
D/SntpClient(   69): request time failed: java.net.SocketException: Address family not supported by protocol
I/APP     (  535): I 06/24/2011 14:42:34:406 002a8060         AppCallbacks| ThreadQueue blocked for 300 seconds...
D/SntpClient(   69): request time failed: java.net.SocketException: Address family not supported by protocol
I/APP     (  535): I 06/24/2011 14:47:34:450 002a8060         AppCallbacks| ThreadQueue blocked for 300 seconds...
D/SntpClient(   69): request time failed: java.net.SocketException: Address family not supported by protocol
I/dalvikvm(   69): Jit: resizing JitTable from 2048 to 4096
I/APP     (  535): I 06/24/2011 14:52:34:484 002a8060         AppCallbacks| ThreadQueue blocked for 300 seconds...
D/SntpClient(   69): request time failed: java.net.SocketException: Address family not supported by protocol
D/dalvikvm(  149): GC_CONCURRENT freed 560K, 53% free 2979K/6215K, external 1625K/2137K, paused 6ms+4ms
I/APP     (  535): I 06/24/2011 14:57:34:542 002a8060         AppCallbacks| ThreadQueue blocked for 300 seconds...
D/SntpClient(   69): request time failed: java.net.SocketException: Address family not supported by protocol
I/APP     (  535): I 06/24/2011 15:02:34:559 002a8060         AppCallbacks| ThreadQueue blocked for 300 seconds...
D/SntpClient(   69): request time failed: java.net.SocketException: Address family not supported by protocol
D/dalvikvm(   69): GC_CONCURRENT freed 1098K, 59% free 4305K/10375K, external 3125K/3903K, paused 12ms+9ms
I/APP     (  535): I 06/24/2011 15:07:34:602 002a8060         AppCallbacks| ThreadQueue blocked for 300 seconds...
D/SntpClient(   69): request time failed: java.net.SocketException: Address family not supported by protocol
D/dalvikvm(  535): GC_CONCURRENT freed 1157K, 58% free 2830K/6663K, external 3222K/3999K, paused 6ms+6ms
I/APP     (  535): I 06/24/2011 15:12:34:629 002a8060         AppCallbacks| ThreadQueue blocked for 300 seconds...
D/SntpClient(   69): request time failed: java.net.SocketException: Address family not supported by protocol
I/APP     (  535): I 06/24/2011 15:17:34:658 002a8060         AppCallbacks| ThreadQueue blocked for 300 seconds...
D/SntpClient(   69): request time failed: java.net.SocketException: Address family not supported by protocol
I/APP     (  535): I 06/24/2011 15:22:34:707 002a8060         AppCallbacks| ThreadQueue blocked for 300 seconds...
I/dalvikvm(  151): Jit: resizing JitTable from 512 to 1024
D/SntpClient(   69): request time failed: java.net.SocketException: Address family not supported by protocol
I/APP     (  535): I 06/24/2011 15:27:34:757 002a8060         AppCallbacks| ThreadQueue blocked for 300 seconds...
D/SntpClient(   69): request time failed: java.net.SocketException: Address family not supported by protocol
I/APP     (  535): I 06/24/2011 15:32:34:814 002a8060         AppCallbacks| ThreadQueue blocked for 300 seconds...
D/SntpClient(   69): request time failed: java.net.SocketException: Address family not supported by protocol
I/APP     (  535): I 06/24/2011 15:37:34:874 002a8060         AppCallbacks| ThreadQueue blocked for 300 seconds...
D/SntpClient(   69): request time failed: java.net.SocketException: Address family not supported by protocol
I/APP     (  535): I 06/24/2011 15:42:34:890 002a8060         AppCallbacks| ThreadQueue blocked for 300 seconds...
D/SntpClient(   69): request time failed: java.net.SocketException: Address family not supported by protocol
I/APP     (  535): I 06/24/2011 15:47:34:931 002a8060         AppCallbacks| ThreadQueue blocked for 300 seconds...
D/SntpClient(   69): request time failed: java.net.SocketException: Address family not supported by protocol
I/APP     (  535): I 06/24/2011 15:52:34:998 002a8060         AppCallbacks| ThreadQueue blocked for 300 seconds...
D/SntpClient(   69): request time failed: java.net.SocketException: Address family not supported by protocol
I/APP     (  535): I 06/24/2011 15:57:35:011 002a8060         AppCallbacks| ThreadQueue blocked for 300 seconds...
D/SntpClient(   69): request time failed: java.net.SocketException: Address family not supported by protocol
D/dalvikvm(  535): GC_CONCURRENT freed 1060K, 58% free 2822K/6663K, external 3222K/3999K, paused 6ms+4ms
I/APP     (  535): I 06/24/2011 16:02:35:028 002a8060         AppCallbacks| ThreadQueue blocked for 300 seconds...
D/SntpClient(   69): request time failed: java.net.SocketException: Address family not supported by protocol
D/SntpClient(   69): request time failed: java.net.SocketException: Address family not supported by protocol
I/APP     (  535): I 06/24/2011 16:23:26:333 002a8060         AppCallbacks| ThreadQueue blocked for 300 seconds...
D/SntpClient(   69): request time failed: java.net.SocketException: Address family not supported by protocol
I/APP     (  535): I 06/24/2011 16:28:26:358 002a8060         AppCallbacks| ThreadQueue blocked for 300 seconds...
D/SntpClient(   69): request time failed: java.net.SocketException: Address family not supported by protocol
I/APP     (  535): I 06/24/2011 16:33:26:398 002a8060         AppCallbacks| ThreadQueue blocked for 300 seconds...
D/SntpClient(   69): request time failed: java.net.SocketException: Address family not supported by protocol
I/APP     (  535): I 06/24/2011 16:38:26:435 002a8060         AppCallbacks| ThreadQueue blocked for 300 seconds...
V/SimpleMainView(  430): ms[1308922067183] processForNativeView : [http://127.0.0.1:34708/app/Settings]
I/APP     (  430): I 06/24/2011 13:27:47:242 002d6658           HttpServer| Process URI: '/app/Settings'
I/APP     (  430): I 06/24/2011 13:27:47:245 002d6658                  APP| RHO serve: /app/Settings
I/APP     (  430): I 06/24/2011 13:27:47:447 002d6658 RHO SettingsController| Layout file: /data/data/com.rhomobile.timer/rhodata/apps/app/layout_erb.iseq. Content size: 1318
I/APP     (  430): I 06/24/2011 13:27:58:242 002d6658           HttpServer| Process URI: '/app/Settings/login'
I/APP     (  430): I 06/24/2011 13:27:58:245 002d6658                  APP| RHO serve: /app/Settings/login
I/APP     (  430): I 06/24/2011 13:28:02:854 002d6658           HttpServer| Process URI: '/app/Settings/do_login'
I/APP     (  430): I 06/24/2011 13:28:02:858 002d6658                  APP| RHO serve: /app/Settings/do_login
I/APP     (  430): I 06/24/2011 13:28:02:867 002d6658                  APP| Params: {"login"=>"", "password"=>""}
I/APP     (  430): I 06/24/2011 13:28:02:899 002d6658  SyncThread.cpp: 225| STOP sync
I/APP     (  430): I 06/24/2011 13:28:02:901 002d6658                 Sync| addCommand: Login
I/APP     (  430): I 06/24/2011 13:28:02:912 002d6658                 Sync| Command already exists in queue. Skip it.
D/dalvikvm(  430): GC_CONCURRENT freed 1111K, 56% free 2966K/6727K, external 3222K/3999K, paused 6ms+17ms
V/SimpleMainView(  430): ms[1308922087611] processForNativeView : [http://127.0.0.1:34708/app]
I/APP     (  430): I 06/24/2011 13:28:07:652 002d6658           HttpServer| Process URI: '/app'
I/APP     (  430): I 06/24/2011 13:28:07:806 002d6658           HttpServer| Process URI: '/app/index_erb.iseq'
I/APP     (  430): I 06/24/2011 13:28:07:812 002d6658                  APP| RHO serve_index: /app/index_erb.iseq
I/APP     (  430): I 06/24/2011 13:28:07:819 002d6658 RHO Rho::RhoController| inst_render_index
I/APP     (  430): I 06/24/2011 13:28:07:872 002d6658 RHO Rho::RhoController| index layout
D/SntpClient(   69): request time failed: java.net.SocketException: Address family not supported by protocol
W/KeyCharacterMap(  430): No keyboard for id 0
W/KeyCharacterMap(  430): Using default keymap: /system/usr/keychars/qwerty.kcm.bin
I/ActivityManager(   69): moveTaskToBack: 6
D/PhoneWindow(  430): couldn't save which view has focus because the focused view android.webkit.WebView@405cee18 has no id.
I/APP     (  430): I 06/24/2011 13:28:18:191 afd4d440         AppActivated| Handlers have completed.
I/APP     (  430): I 06/24/2011 13:28:18:199 afd4d440    RhodesApplication| New UiState: MainActivityPaused
D/RhodesActivity(  430): RhodesActivity.onPause()
I/APP     (  430): I 06/24/2011 13:28:18:222 002d6658           HttpServer| Process URI: '/system/uidestroyed'
W/InputManagerService(   69): Window already focused, ignoring focus gain of: com.android.internal.view.IInputMethodClient$Stub$Proxy@406d52a0
I/APP     (  430): I 06/24/2011 13:28:20:027 afd4d440       AppDeactivated| Handlers have completed.
I/APP     (  430): I 06/24/2011 13:28:20:034 afd4d440    RhodesApplication| New AppState: AppDeactivated
I/APP     (  430): I 06/24/2011 13:28:20:040 afd4d440        RhodesService| activityStopped() temporary release wakeLock object
I/APP     (  430): I 06/24/2011 13:28:20:049 afd4d440            RhodesApp| callAppActiveCallback
I/APP     (  430): I 06/24/2011 13:28:20:060 afd4d440         AppCallbacks| addCommand: APP-DEACTIVATED
I/APP     (  430): I 06/24/2011 13:28:20:062 002a5368         AppCallbacks| process command: APP-DEACTIVATED
I/APP     (  430): I 06/24/2011 13:28:20:062 002a5368         AppCallbacks| ThreadQueue blocked for 300 seconds...
I/APP     (  430): I 06/24/2011 13:28:20:079 002d6658           HttpServer| Process URI: '/system/deactivateapp'
D/RhodesActivity(  430): RhodesActivity.onStop()
D/dalvikvm(  430): GC_EXPLICIT freed 321K, 58% free 2866K/6727K, external 3222K/3999K, paused 59ms
D/dalvikvm(  216): GC_EXPLICIT freed 130K, 49% free 2984K/5767K, external 5918K/7338K, paused 75ms
D/SntpClient(   69): request time failed: java.net.SocketException: Address family not supported by protocol
I/APP     (  430): I 06/24/2011 13:33:20:066 002a5368         AppCallbacks| ThreadQueue blocked for 300 seconds...
D/SntpClient(   69): request time failed: java.net.SocketException: Address family not supported by protocol
I/APP     (  430): I 06/24/2011 13:38:20:068 002a5368         AppCallbacks| ThreadQueue blocked for 300 seconds...
D/SntpClient(   69): request time failed: java.net.SocketException: Address family not supported by protocol
I/APP     (  430): I 06/24/2011 13:43:20:122 002a5368         AppCallbacks| ThreadQueue blocked for 300 seconds...
I/ActivityManager(   69): Starting: Intent { act=android.intent.action.MAIN cat=[android.intent.category.LAUNCHER] flg=0x10200000 cmp=com.rhomobile.timer/com.rhomobile.rhodes.RhodesActivity } from pid 216
D/RhodesActivity(  430): RhodesActivity.onNewIntent()
I/APP     (  430): I 06/24/2011 13:47:52:720 afd4d440            RhodesApp| callAppActiveCallback
I/APP     (  430): I 06/24/2011 13:47:52:721 afd4d440         AppCallbacks| addCommand: APP-ACTIVATED
I/APP     (  430): I 06/24/2011 13:47:52:728 002a5368            RhodesApp| restart local server.
I/APP     (  430): I 06/24/2011 13:47:52:730 002a5368           HttpServer| Stopping server...
I/APP     (  430): I 06/24/2011 13:47:52:733 002d6658           HttpServer| Start HTTP server
I/APP     (  430): I 06/24/2011 13:47:52:735 002d6658         AppCallbacks| addCommand: LOCAL-SERVER-STARTED
I/APP     (  430): I 06/24/2011 13:47:52:743 afd4d440         AppActivated| Handlers have completed.
I/APP     (  430): I 06/24/2011 13:47:52:745 afd4d440    RhodesApplication| New AppState: AppActivated
D/RhodesActivity(  430): RhodesActivity.onStart()
I/APP     (  430): I 06/24/2011 13:47:52:754 002a5368         AppCallbacks| Received command APP-ACTIVATED which is greater than expected (LOCAL-SERVER-STARTED) - postpone it
I/APP     (  430): I 06/24/2011 13:47:52:755 002a5368         AppCallbacks| process command: LOCAL-SERVER-STARTED
I/APP     (  430): I 06/24/2011 13:47:52:757 002a5368           AppStarted| Handlers have completed.
I/APP     (  430): I 06/24/2011 13:47:52:774 afd4d440         AppActivated| Handlers have completed.
I/APP     (  430): I 06/24/2011 13:47:52:776 afd4d440    RhodesApplication| New UiState: MainActivityStarted
D/RhodesActivity(  430): RhodesActivity.onResume()
I/APP     (  430): I 06/24/2011 13:47:52:760 002a5368         AppActivated| Handlers have completed.
I/APP     (  430): I 06/24/2011 13:47:52:845 002a5368    RhodesApplication| New AppState: AppActivated
I/APP     (  430): I 06/24/2011 13:47:52:846 002a5368         AppCallbacks| process command: APP-ACTIVATED
I/APP     (  430): I 06/24/2011 13:47:52:940 002d6658           HttpServer| Process URI: '/system/activateapp'
I/APP     (  430): I 06/24/2011 13:47:53:020 002a5368         AppCallbacks| ThreadQueue blocked for 300 seconds...
I/APP     (  430): I 06/24/2011 13:47:53:026 002a5368         AppCallbacks| ThreadQueue blocked for 300 seconds...
W/InputManagerService(   69): Window already focused, ignoring focus gain of: com.android.internal.view.IInputMethodClient$Stub$Proxy@406b5520
D/dalvikvm(  216): GC_EXPLICIT freed 100K, 50% free 2936K/5767K, external 6039K/7338K, paused 64ms
W/KeyCharacterMap(  430): No keyboard for id 0
W/KeyCharacterMap(  430): Using default keymap: /system/usr/keychars/qwerty.kcm.bin
I/ActivityManager(   69): moveTaskToBack: 6
D/PhoneWindow(  430): couldn't save which view has focus because the focused view android.webkit.WebView@405cee18 has no id.
I/APP     (  430): I 06/24/2011 13:48:04:133 afd4d440         AppActivated| Handlers have completed.
I/APP     (  430): I 06/24/2011 13:48:04:157 afd4d440    RhodesApplication| New UiState: MainActivityPaused
D/RhodesActivity(  430): RhodesActivity.onPause()
I/APP     (  430): I 06/24/2011 13:48:04:178 002d6658           HttpServer| Process URI: '/system/uidestroyed'
I/APP     (  430): I 06/24/2011 13:48:05:654 afd4d440       AppDeactivated| Handlers have completed.
I/APP     (  430): I 06/24/2011 13:48:05:657 afd4d440    RhodesApplication| New AppState: AppDeactivated
I/APP     (  430): I 06/24/2011 13:48:05:662 afd4d440        RhodesService| activityStopped() temporary release wakeLock object
I/APP     (  430): I 06/24/2011 13:48:05:668 afd4d440            RhodesApp| callAppActiveCallback
I/APP     (  430): I 06/24/2011 13:48:05:671 afd4d440         AppCallbacks| addCommand: APP-DEACTIVATED
I/APP     (  430): I 06/24/2011 13:48:05:676 002a5368         AppCallbacks| process command: APP-DEACTIVATED
I/APP     (  430): I 06/24/2011 13:48:05:680 002a5368         AppCallbacks| ThreadQueue blocked for 300 seconds...
I/APP     (  430): I 06/24/2011 13:48:05:694 002d6658           HttpServer| Process URI: '/system/deactivateapp'
D/RhodesActivity(  430): RhodesActivity.onStop()
W/KeyCharacterMap(  216): No keyboard for id 0
W/KeyCharacterMap(  216): Using default keymap: /system/usr/keychars/qwerty.kcm.bin
D/SntpClient(   69): request time failed: java.net.SocketException: Address family not supported by protocol
D/dalvikvm(  430): GC_EXPLICIT freed 440K, 58% free 2833K/6727K, external 3222K/3999K, paused 67ms
I/APP     (  430): I 06/24/2011 13:53:05:740 002a5368         AppCallbacks| ThreadQueue blocked for 300 seconds...
D/SntpClient(   69): request time failed: java.net.SocketException: Address family not supported by protocol
D/AndroidRuntime(  460): 
D/AndroidRuntime(  460): >>>>>> AndroidRuntime START com.android.internal.os.RuntimeInit <<<<<<
D/AndroidRuntime(  460): CheckJNI is ON
D/AndroidRuntime(  460): Calling main entry com.android.commands.pm.Pm
D/dalvikvm(  395): GC_EXPLICIT freed 36K, 54% free 2538K/5511K, external 1625K/2137K, paused 42ms
W/ActivityManager(   69): No content provider found for: 
W/ActivityManager(   69): No content provider found for: 
D/PackageParser(   69): Scanning package: /data/app/vmdl1571366327.tmp
D/dalvikvm(   69): GC_CONCURRENT freed 770K, 57% free 4518K/10375K, external 3125K/3903K, paused 8ms+8ms
D/dalvikvm(   69): GC_CONCURRENT freed 1170K, 57% free 4508K/10375K, external 3125K/3903K, paused 9ms+7ms
I/PackageManager(   69): Removing non-system package:com.rhomobile.timer
I/ActivityManager(   69): Force stopping package com.rhomobile.timer uid=10034
W/ActivityManager(   69): Scheduling restart of crashed service com.rhomobile.timer/com.rhomobile.rhodes.RhodesService in 5000ms
I/Process (   69): Sending signal. PID: 430 SIG: 9
I/ActivityManager(   69):   Force finishing activity HistoryRecord{408ae9f0 com.rhomobile.timer/com.rhomobile.rhodes.RhodesActivity}
I/ActivityManager(   69):   Force stopping service ServiceRecord{408dcb58 com.rhomobile.timer/com.rhomobile.rhodes.RhodesService}
I/WindowManager(   69): WIN DEATH: Window{40660cf0 com.rhomobile.timer/com.rhomobile.rhodes.RhodesActivity paused=true}
D/PackageManager(   69): Scanning package com.rhomobile.timer
I/PackageManager(   69): Package com.rhomobile.timer codePath changed from /data/app/com.rhomobile.timer-1.apk to /data/app/com.rhomobile.timer-2.apk; Retaining data and using new
I/PackageManager(   69): Unpacking native libraries for /data/app/com.rhomobile.timer-2.apk
D/installd(   34): DexInv: --- BEGIN '/data/app/com.rhomobile.timer-2.apk' ---
D/dalvikvm(  469): DexOpt: load 127ms, verify+opt 598ms
D/installd(   34): DexInv: --- END '/data/app/com.rhomobile.timer-2.apk' (success) ---
I/ActivityManager(   69): Force stopping package com.rhomobile.timer uid=10034
W/PackageManager(   69): Code path for pkg : com.rhomobile.timer changing from /data/app/com.rhomobile.timer-1.apk to /data/app/com.rhomobile.timer-2.apk
W/PackageManager(   69): Resource path for pkg : com.rhomobile.timer changing from /data/app/com.rhomobile.timer-1.apk to /data/app/com.rhomobile.timer-2.apk
D/PackageManager(   69): Registered content provider: com.rhomobile.timer, className = com.rhomobile.rhodes.LocalFileProvider, isSyncable = false
D/PackageManager(   69):   Providers: com.rhomobile.rhodes.LocalFileProvider
D/PackageManager(   69):   Services: com.rhomobile.rhodes.RhodesService
D/PackageManager(   69):   Activities: com.rhomobile.rhodes.RhodesActivity com.rhomobile.rhodes.alert.PopupActivity com.rhomobile.rhodes.camera.FileList com.rhomobile.rhodes.camera.ImageCapture com.rhomobile.rhodes.signature.ImageCapture com.rhomobile.rhodes.datetime.DateTimePickerScreen com.rhomobile.rhodes.mapview.MapView com.rhomobile.rhodes.mapview.GoogleMapView com.rhomobile.rhodes.bluetooth.RhoBluetoothDeviceListActivity
I/installd(   34): move /data/dalvik-cache/data@app@com.rhomobile.timer-2.apk@classes.dex -> /data/dalvik-cache/data@app@com.rhomobile.timer-2.apk@classes.dex
D/PackageManager(   69): New package installed in /data/app/com.rhomobile.timer-2.apk
D/dalvikvm(   69): GC_CONCURRENT freed 1081K, 56% free 4587K/10375K, external 3125K/3903K, paused 7ms+12ms
I/ActivityManager(   69): Force stopping package com.rhomobile.timer uid=10034
D/dalvikvm(  216): GC_EXPLICIT freed 46K, 50% free 2892K/5767K, external 5918K/7338K, paused 62ms
D/dalvikvm(  232): GC_EXPLICIT freed 251K, 53% free 2768K/5767K, external 1625K/2137K, paused 60ms
W/RecognitionManagerService(   69): no available voice recognition services found
D/dalvikvm(   69): GC_EXPLICIT freed 535K, 60% free 4228K/10375K, external 3125K/3903K, paused 93ms
I/installd(   34): unlink /data/dalvik-cache/data@app@com.rhomobile.timer-1.apk@classes.dex
D/AndroidRuntime(  460): Shutting down VM
D/dalvikvm(  460): GC_CONCURRENT freed 100K, 72% free 293K/1024K, external 0K/0K, paused 2ms+2ms
D/jdwp    (  460): adbd disconnected
I/AndroidRuntime(  460): NOTE: attach of thread 'Binder Thread #3' failed
D/AndroidRuntime(  474): 
D/AndroidRuntime(  474): >>>>>> AndroidRuntime START com.android.internal.os.RuntimeInit <<<<<<
D/AndroidRuntime(  474): CheckJNI is ON
D/AndroidRuntime(  474): Calling main entry com.android.commands.am.Am
I/ActivityManager(   69): Starting: Intent { act=android.intent.action.MAIN flg=0x10000000 cmp=com.rhomobile.timer/com.rhomobile.rhodes.RhodesActivity } from pid 474
D/AndroidRuntime(  474): Shutting down VM
D/dalvikvm(  474): GC_CONCURRENT freed 100K, 69% free 318K/1024K, external 0K/0K, paused 2ms+1ms
I/ActivityManager(   69): Start proc com.rhomobile.timer for activity com.rhomobile.timer/com.rhomobile.rhodes.RhodesActivity: pid=483 uid=10034 gids={3003}
I/AndroidRuntime(  474): NOTE: attach of thread 'Binder Thread #3' failed
D/jdwp    (  474): adbd disconnected
D/dalvikvm(  483): Trying to load lib /data/data/com.rhomobile.timer/lib/librhodes.so 0x40513420
D/dalvikvm(  483): Added shared lib /data/data/com.rhomobile.timer/lib/librhodes.so 0x40513420
I/ActivityThread(  483): Pub com.rhomobile.timer: com.rhomobile.rhodes.LocalFileProvider
D/dalvikvm(  483): GC_EXTERNAL_ALLOC freed 77K, 52% free 2601K/5379K, external 1625K/2137K, paused 55ms
I/RhodesActivity(  483): >>>>>>>>>>>>>>> onCreate()
D/RhodesActivity(  483): RhodesActivity.onStart()
D/RhodesActivity(  483): RhodesActivity.onResume()
D/RhodesService(  483): Root path: /data/data/com.rhomobile.timer/rhodata/
D/RhodesService(  483): Sqlite journals path: /data/data/com.rhomobile.timer/sqlite_stmt_journals/
I/RhodesService(  483): Application hash was changed
W/ActivityManager(   69): No content provider found for: 
D/RhodesService(  483): Root path: /data/data/com.rhomobile.timer/rhodata/
D/RhodesService(  483): Sqlite journals path: /data/data/com.rhomobile.timer/sqlite_stmt_journals/
I/APP     (  483): I 06/24/2011 13:56:53:859 002a8060         AppCallbacks| Starting main routine...
I/APP     (  483): I 06/24/2011 13:56:53:882 002a8060         AppCallbacks| ThreadQueue blocked for 300 seconds...
I/APP     (  483): I 06/24/2011 13:56:53:848 afd4d440            RhodesApp| Trying to get free listening port.
I/APP     (  483): I 06/24/2011 13:56:53:893 afd4d440            RhodesApp| Trying to bind of 0 port...
I/APP     (  483): I 06/24/2011 13:56:53:896 afd4d440            RhodesApp| Got port to bind on: 43078
I/APP     (  483): I 06/24/2011 13:56:53:902 afd4d440            RhodesApp| Free listening port: 43078
I/APP     (  483): I 06/24/2011 13:56:54:020 afd4d440               Rhodes| Loading...
I/APP     (  483): I 06/24/2011 13:56:54:430 afd4d440            RhodesApp| callAppActiveCallback
I/APP     (  483): I 06/24/2011 13:56:54:432 afd4d440         AppCallbacks| addCommand: APP-ACTIVATED
I/APP     (  483): I 06/24/2011 13:56:54:460 002a8060         AppCallbacks| Received command APP-ACTIVATED which is greater than expected (LOCAL-SERVER-STARTED) - postpone it
I/APP     (  483): I 06/24/2011 13:56:54:462 002a8060         AppCallbacks| ThreadQueue blocked for 300 seconds...
I/APP     (  483): I 06/24/2011 13:56:54:468 afd4d440         AppActivated| Cannot commit now, application will be activated when started.
I/APP     (  483): I 06/24/2011 13:56:54:473 afd4d440            Undefined| Handlers have completed.
I/APP     (  483): I 06/24/2011 13:56:54:480 afd4d440    RhodesApplication| New AppState: Undefined
I/APP     (  483): I 06/24/2011 13:56:54:479 002e4a18            RhodesApp| Starting RhodesApp main routine...
I/APP     (  483): I 06/24/2011 13:56:54:506 afd4d440        RhodesService| handleCommand: startId=1, source=com.rhomobile.rhodes.BaseActivity
I/APP     (  483): I 06/24/2011 13:56:54:508 afd4d440        RhodesService| New activity was created
I/APP     (  483): I 06/24/2011 13:56:54:585 afd4d440         AppCallbacks| addCommand: UI-CREATED
I/APP     (  483): I 06/24/2011 13:56:54:597 002a8060         AppCallbacks| Received command UI-CREATED which is greater than expected (LOCAL-SERVER-STARTED) - postpone it
I/APP     (  483): I 06/24/2011 13:56:54:603 002a8060         AppCallbacks| ThreadQueue blocked for 300 seconds...
I/APP     (  483): I 06/24/2011 13:56:54:787 afd4d440       RhodesActivity| onServiceConnected: {com.rhomobile.timer/com.rhomobile.rhodes.RhodesService}
I/APP     (  483): I 06/24/2011 13:56:55:209 002e4a18              RhoRuby| Init_RhoBlobs: /data/data/com.rhomobile.timer/rhodata/db/db-files
I/APP     (  483): I 06/24/2011 13:56:55:305 002e4a18              RhoRuby| require_compiled: rhoframework
I/APP     (  483): I 06/24/2011 13:56:55:374 002e4a18              RhoRuby| require_compiled: rational
I/APP     (  483): I 06/24/2011 13:56:55:391 002e4a18              RhoRuby| require_compiled: rhom/rhom_db_adapter
I/APP     (  483): I 06/24/2011 13:56:55:482 002e4a18              RhoRuby| require_compiled: rhodes
I/APP     (  483): I 06/24/2011 13:56:55:490 002e4a18              RhoRuby| require_compiled: rhom/rhom_object
I/APP     (  483): I 06/24/2011 13:56:55:529 002e4a18              RhoRuby| require_compiled: rhofsconnector
I/APP     (  483): I 06/24/2011 13:56:55:533 002e4a18              RhoRuby| require_compiled: rho/rhofsconnector
I/APP     (  483): I 06/24/2011 13:56:55:554 002e4a18              RhoRuby| require_compiled: rhom/rhom_object_factory
D/szipinf (  483): Initializing inflate state
D/szipinf (  483): Initializing zlib to inflate
I/APP     (  483): I 06/24/2011 13:56:55:947 002e4a18              RhoRuby| require_compiled: rhom/rhom
I/APP     (  483): I 06/24/2011 13:56:55:997 002e4a18              RhoRuby| require_compiled: rhom/rhom_model
I/APP     (  483): I 06/24/2011 13:56:56:057 002e4a18              RhoRuby| require_compiled: rhom
I/APP     (  483): I 06/24/2011 13:56:56:060 002e4a18              RhoRuby| require_compiled: rho/rhoapplication
I/APP     (  483): I 06/24/2011 13:56:56:107 002e4a18              RhoRuby| require_compiled: rholang/localization_simplified
I/APP     (  483): I 06/24/2011 13:56:56:174 002e4a18                  APP| Current locale: en; Country code: us
I/APP     (  483): I 06/24/2011 13:56:56:175 002e4a18                  APP| file: /data/data/com.rhomobile.timer/rhodata/lib/rholang/lang_
I/APP     (  483): I 06/24/2011 13:56:56:178 002e4a18              RhoRuby| require_compiled: /data/data/com.rhomobile.timer/rhodata/lib/rholang/lang_en
I/APP     (  483): I 06/24/2011 13:56:56:209 002e4a18              RhoRuby| require_compiled: rho/rhomsg
I/APP     (  483): I 06/24/2011 13:56:56:214 002e4a18                  APP| Current locale: en; Country code: us
I/APP     (  483): I 06/24/2011 13:56:56:215 002e4a18                  APP| file: /data/data/com.rhomobile.timer/rhodata/lib/rholang/rhomsg_
I/APP     (  483): I 06/24/2011 13:56:56:218 002e4a18              RhoRuby| require_compiled: /data/data/com.rhomobile.timer/rhodata/lib/rholang/rhomsg_en
I/APP     (  483): I 06/24/2011 13:56:56:232 002e4a18              RhoRuby| require_compiled: rho/rhotabbar
I/APP     (  483): I 06/24/2011 13:56:56:247 002e4a18              RhoRuby| require_compiled: rho/rhotoolbar
I/APP     (  483): I 06/24/2011 13:56:56:261 002e4a18              RhoRuby| require_compiled: indifferent_access
I/APP     (  483): I 06/24/2011 13:56:56:299 002e4a18              RhoRuby| require_compiled: rho/rhosupport
I/APP     (  483): I 06/24/2011 13:56:56:366 002e4a18              RhoRuby| require_compiled: rho/rhocontroller
I/APP     (  483): I 06/24/2011 13:56:56:419 002e4a18              RhoRuby| require_compiled: rho/render
I/APP     (  483): I 06/24/2011 13:56:56:517 002e4a18              RhoRuby| require_compiled: rho/rho
D/szipinf (  483): Initializing inflate state
D/szipinf (  483): Initializing zlib to inflate
I/ActivityManager(   69): Displayed com.rhomobile.timer/com.rhomobile.rhodes.RhodesActivity: +5s59ms
I/APP     (  483): I 06/24/2011 13:56:57:435 002e4a18              RhoRuby| require_compiled: rho/rhoerror
I/APP     (  483): I 06/24/2011 13:56:57:445 002e4a18                  APP| Current locale: en; Country code: us
I/APP     (  483): I 06