I/ActivityThread(  292): Pub com.android.launcher2.settings: com.android.launcher2.LauncherProvider
D/dalvikvm(   33): GC_EXPLICIT freed <1K, 5% free 6232K/6531K, paused 3ms+3ms
D/dalvikvm(   33): GC_EXPLICIT freed <1K, 5% free 6232K/6531K, paused 3ms+3ms
D/dalvikvm(  335): DexOpt: load 34ms, verify+opt 63ms
D/installd(   35): DexInv: --- END '/system/app/DefaultContainerService.apk' (success) ---
I/TelephonyRegistry(   97): notifyDataConnection: state=0 isDataConnectivityPossible=false reason='gprsDetached' apn='null' apnType=default networkType=0
D/MobileDataStateTracker(   97): default: Received state=DISCONNECTED, old=DISCONNECTED, reason=radioTurnedOff
D/MobileDataStateTracker(   97): default: Received state=DISCONNECTED, old=DISCONNECTED, reason=gprsDetached
W/CallNotifier(  214): Got onMwiChanged() on non-voice-capable device! Ignoring...
I/ActivityManager(   97): Start proc com.android.deskclock for broadcast com.android.deskclock/.AlarmInitReceiver: pid=338 uid=10020 gids={}
D/dalvikvm(   97): GREF has increased to 301
D/installd(   35): DexInv: --- BEGIN '/system/app/DeskClock.apk' ---
I/TelephonyRegistry(   97): notifyServiceState: 0 home Android Android 310260  UMTS CSS not supported 0 0 RoamInd=0 DefRoamInd=0 EmergOnly=false
D/dalvikvm(  292): GC_CONCURRENT freed 139K, 4% free 6492K/6727K, paused 7ms+14ms
D/dalvikvm(  292): GC_CONCURRENT freed 42K, 2% free 6929K/7047K, paused 4ms+14ms
D/dalvikvm(  348): DexOpt: load 241ms, verify+opt 675ms
D/installd(   35): DexInv: --- END '/system/app/DeskClock.apk' (success) ---
I/TelephonyRegistry(   97): notifyDataConnection: state=0 isDataConnectivityPossible=false reason='null' apn='null' apnType=default networkType=3
D/TelephonyRegistry(   97): onDataConnectionStateChanged(0, 3)
D/MobileDataStateTracker(   97): default: Received state=DISCONNECTED, old=DISCONNECTED, reason=(unspecified)
I/ActivityThread(  338): Pub com.android.deskclock: com.android.deskclock.AlarmProvider
D/MccTable(  214): updateMccMncConfiguration: mcc=310, mnc=260
D/MccTable(  214): locale set to en_us
I/ActivityManager(   97): Config changed: { scale=1.0 imsi=0/0 loc=en_US touch=3 keys=2/1/1 nav=3/1 orien=L layout=0x10000014 uiMode=0x11 seq=3}
D/MccTable(  214): WIFI_COUNTRY_CODE set to us
I/WifiService(   97): WifiService trying to set country code to us with persist set to true
I/ActivityManager(   97): Config changed: { scale=1.0 imsi=310/260 loc=en_US touch=3 keys=2/1/1 nav=3/1 orien=L layout=0x10000014 uiMode=0x11 seq=4}
D/dalvikvm(  214): GC_CONCURRENT freed 370K, 7% free 6660K/7111K, paused 4ms+41ms
D/dalvikvm(   97): GC_FOR_ALLOC freed 1644K, 32% free 13236K/19463K, paused 306ms
I/dalvikvm-heap(   97): Grow heap (frag case) to 23.298MB for 10813456-byte allocation
D/dalvikvm(   97): GC_FOR_ALLOC freed 6K, 21% free 23789K/30087K, paused 109ms
W/BackupManagerService(   97): dataChanged but no participant pkg='com.android.providers.settings' uid=10020
V/AlarmClock(  338): AlarmInitReceiver finished
V/AlarmClock(  338): AlarmInitReceiver finished
D/dalvikvm(   97): GC_CONCURRENT freed 280K, 21% free 23803K/30087K, paused 8ms+9ms
D/dalvikvm(  292): GC_FOR_ALLOC freed 150K, 4% free 7116K/7367K, paused 506ms
I/dalvikvm-heap(  292): Grow heap (frag case) to 7.392MB for 411152-byte allocation
D/dalvikvm(  214): GC_CONCURRENT freed 476K, 8% free 6708K/7239K, paused 4ms+31ms
D/TelephonyProvider(  214): Setting numeric '310260' to be the current operator
D/dalvikvm(  292): GC_CONCURRENT freed 4K, 4% free 7513K/7815K, paused 4ms+2ms
I/TelephonyRegistry(   97): notifyDataConnection: state=1 isDataConnectivityPossible=true reason='simLoaded' apn='internet' apnType=default networkType=3
I/TelephonyRegistry(   97): notifyDataConnection: state=0 isDataConnectivityPossible=true reason='simLoaded' apn='internet' apnType=mms networkType=3
I/TelephonyRegistry(   97): notifyDataConnection: state=0 isDataConnectivityPossible=true reason='simLoaded' apn='internet' apnType=supl networkType=3
I/TelephonyRegistry(   97): notifyDataConnection: state=0 isDataConnectivityPossible=true reason='simLoaded' apn='internet' apnType=dun networkType=3
I/TelephonyRegistry(   97): notifyDataConnection: state=0 isDataConnectivityPossible=true reason='simLoaded' apn='internet' apnType=hipri networkType=3
I/TelephonyRegistry(   97): notifyDataConnection: state=2 isDataConnectivityPossible=true reason='simLoaded' apn='internet' apnType=default networkType=3
D/TelephonyRegistry(   97): onDataConnectionStateChanged(2, 3)
D/dalvikvm(  292): GC_FOR_ALLOC freed 519K, 9% free 7334K/8007K, paused 354ms
D/TelephonyProvider(  214): Setting numeric '310260' to be the current operator
V/AlarmClock(  338): AlarmInitReceiver finished
I/TelephonyRegistry(   97): notifyDataConnection: state=0 isDataConnectivityPossible=false reason='apnChanged' apn='internet' apnType=default networkType=3
D/TelephonyRegistry(   97): onDataConnectionStateChanged(0, 3)
I/TelephonyRegistry(   97): notifyDataConnection: state=0 isDataConnectivityPossible=false reason='apnChanged' apn='internet' apnType=mms networkType=3
I/TelephonyRegistry(   97): notifyDataConnection: state=0 isDataConnectivityPossible=false reason='apnChanged' apn='internet' apnType=supl networkType=3
I/TelephonyRegistry(   97): notifyDataConnection: state=0 isDataConnectivityPossible=false reason='apnChanged' apn='internet' apnType=dun networkType=3
D/dalvikvm(  292): GC_CONCURRENT freed 1K, 4% free 7734K/8007K, paused 5ms+2ms
I/TelephonyRegistry(   97): notifyDataConnection: state=0 isDataConnectivityPossible=false reason='apnChanged' apn='internet' apnType=hipri networkType=3
D/dalvikvm(  214): GC_CONCURRENT freed 501K, 8% free 6730K/7303K, paused 4ms+47ms
I/TelephonyRegistry(   97): notifyDataConnection: state=1 isDataConnectivityPossible=true reason='apnChanged' apn='internet' apnType=default networkType=3
I/TelephonyRegistry(   97): notifyDataConnection: state=0 isDataConnectivityPossible=true reason='apnChanged' apn='internet' apnType=mms networkType=3
I/TelephonyRegistry(   97): notifyDataConnection: state=0 isDataConnectivityPossible=true reason='apnChanged' apn='internet' apnType=supl networkType=3
I/TelephonyRegistry(   97): notifyDataConnection: state=0 isDataConnectivityPossible=true reason='apnChanged' apn='internet' apnType=dun networkType=3
I/TelephonyRegistry(   97): notifyDataConnection: state=0 isDataConnectivityPossible=true reason='apnChanged' apn='internet' apnType=hipri networkType=3
I/TelephonyRegistry(   97): notifyDataConnection: state=2 isDataConnectivityPossible=true reason='apnChanged' apn='internet' apnType=default networkType=3
D/TelephonyRegistry(   97): onDataConnectionStateChanged(2, 3)
W/WindowManager(   97): App freeze timeout expired.
W/WindowManager(   97): Force clearing freeze: AppWindowToken{40844328 token=ActivityRecord{4082b8e0 com.android.launcher/com.android.launcher2.Launcher}}
D/dalvikvm(  292): GC_CONCURRENT freed 520K, 8% free 7662K/8263K, paused 7ms+3ms
I/SearchManagerService(   97): Building list of searchable activities
D/dalvikvm(   97): GC_FOR_ALLOC freed 525K, 21% free 23990K/30087K, paused 116ms
I/dalvikvm-heap(   97): Grow heap (frag case) to 28.644MB for 5406736-byte allocation
D/dalvikvm(   97): GC_FOR_ALLOC freed 17K, 18% free 29252K/35399K, paused 118ms
I/ActivityManager(   97): Start proc com.android.quicksearchbox for broadcast com.android.quicksearchbox/.SearchWidgetProvider: pid=358 uid=10012 gids={3003}
W/Resources(  292): Converting to int: TypedValue{t=0x3/d=0x10 "4" a=-1}
W/Resources(  292): Converting to int: TypedValue{t=0x3/d=0xe "1" a=-1}
D/dalvikvm(   97): GC_CONCURRENT freed 300K, 18% free 29110K/35399K, paused 9ms+46ms
D/dalvikvm(  292): GC_EXPLICIT freed 252K, 7% free 7725K/8263K, paused 6ms+16ms
D/installd(   35): DexInv: --- BEGIN '/system/app/QuickSearchBox.apk' ---
D/dalvikvm(   97): GC_EXPLICIT freed 15888K, 63% free 13302K/35399K, paused 8ms+7ms
D/dalvikvm(   97): GC_EXPLICIT freed 46K, 63% free 13263K/35399K, paused 5ms+6ms
I/AccountTypeManager(  259): Loaded meta-data for 1 account types, 0 accounts in 221ms
I/AccountTypeManager(  259): Loaded meta-data for 1 account types, 0 accounts in 8ms
D/dalvikvm(  366): DexOpt: load 419ms, verify+opt 1679ms
D/installd(   35): DexInv: --- END '/system/app/QuickSearchBox.apk' (success) ---
D/MobileDataStateTracker(   97): default: Received state=CONNECTING, old=DISCONNECTED, reason=simLoaded
D/MobileDataStateTracker(   97): default: setDetailed state, old =IDLE and new state=CONNECTING
D/ConnectivityService(   97): ConnectivityChange for mobile: CONNECTING/CONNECTING
D/MobileDataStateTracker(   97): mms: Received state=DISCONNECTED, old=DISCONNECTED, reason=simLoaded
D/MobileDataStateTracker(   97): supl: Received state=DISCONNECTED, old=DISCONNECTED, reason=simLoaded
D/MobileDataStateTracker(   97): hipri: Received state=DISCONNECTED, old=DISCONNECTED, reason=simLoaded
D/MobileDataStateTracker(   97): default: Received state=CONNECTED, old=CONNECTING, reason=simLoaded
D/MobileDataStateTracker(   97): default: setDetailed state, old =CONNECTING and new state=CONNECTED
D/ConnectivityService(   97): ConnectivityChange for mobile: CONNECTED/CONNECTED
E/TelephonyManager(   97): Hidden constructor called more than once per process!
E/TelephonyManager(   97): Original: android, new: android
D/ConnectivityService(   97): Setting TCP values: [4094,87380,110208,4096,16384,110208] which comes from [net.tcp.buffersize.umts]
D/ConnectivityService(   97): adding dns /10.0.2.3 for mobile
D/ConnectivityService(   97): adding dns /10.0.2.4 for mobile
D/MobileDataStateTracker(   97): default: Received state=DISCONNECTED, old=CONNECTED, reason=apnChanged
D/MobileDataStateTracker(   97): default: setDetailed state, old =CONNECTED and new state=DISCONNECTED
D/dalvikvm(   32): GC_EXTERNAL_ALLOC freed 15K, 51% free 2520K/5123K, external 1561K/1566K, paused 36ms
W/Zygote  (   32): Preloaded drawable resource #0x10801dc (res/drawable-hdpi/indicator_code_lock_point_area_red.png) that varies with configuration!!
I/Zygote  (   32): ...preloaded 51 resources in 893ms.
I/Zygote  (   32): ...preloaded 15 resources in 13ms.
D/dalvikvm(   32): GC_EXPLICIT freed 8K, 51% free 2526K/5123K, external 1625K/2137K, paused 42ms
D/dalvikvm(   32): GC_EXPLICIT freed 5K, 51% free 2520K/5123K, external 1625K/2137K, paused 39ms
D/dalvikvm(   32): GC_EXPLICIT freed <1K, 51% free 2520K/5123K, external 1625K/2137K, paused 44ms
I/dalvikvm(   32): System server process 69 has been created
I/Zygote  (   32): Accepting command socket connections
E/BatteryService(   69): usbOnlinePath not found
E/BatteryService(   69): batteryVoltagePath not found
E/BatteryService(   69): batteryTemperaturePath not found
I/sysproc (   69): Entered system_init()
I/sysproc (   69): ServiceManager: 0x120908
I/SurfaceFlinger(   69): SurfaceFlinger is starting
I/SurfaceFlinger(   69): SurfaceFlinger's main thread ready to run. Initializing graphics H/W...
E/SurfaceFlinger(   69): Couldn't open /sys/power/wait_for_fb_sleep or /sys/power/wait_for_fb_wake
I/gralloc (   69): using (fd=26)
I/gralloc (   69): id           = 
I/gralloc (   69): xres         = 480 px
I/gralloc (   69): yres         = 800 px
I/gralloc (   69): xres_virtual = 480 px
I/gralloc (   69): yres_virtual = 1600 px
I/gralloc (   69): bpp          = 16
I/gralloc (   69): r            = 11:5
I/gralloc (   69): g            =  5:6
I/gralloc (   69): b            =  0:5
I/gralloc (   69): width        = 74 mm (164.756760 dpi)
I/gralloc (   69): height       = 123 mm (165.203247 dpi)
I/gralloc (   69): refresh rate = 60.00 Hz
D/libEGL  (   69): egl.cfg not found, using default config
D/libEGL  (   69): loaded /system/lib/egl/libGLES_android.so
I/SurfaceFlinger(   69): EGL informations:
I/SurfaceFlinger(   69): # of configs : 8
I/SurfaceFlinger(   69): vendor    : Android
I/SurfaceFlinger(   69): version   : 1.4 Android META-EGL
I/SurfaceFlinger(   69): extensions: EGL_KHR_image EGL_KHR_image_base EGL_KHR_image_pixmap EGL_ANDROID_image_native_buffer EGL_ANDROID_swap_rectangle 
I/SurfaceFlinger(   69): Client API: OpenGL ES
I/SurfaceFlinger(   69): EGLSurface: 5-6-5-0, config=0x0
I/SurfaceFlinger(   69): OpenGL informations:
I/SurfaceFlinger(   69): vendor    : Android
I/SurfaceFlinger(   69): renderer  : Android PixelFlinger 1.4
I/SurfaceFlinger(   69): version   : OpenGL ES-CM 1.0
I/SurfaceFlinger(   69): extensions: GL_OES_byte_coordinates GL_OES_fixed_point GL_OES_single_precision GL_OES_read_format GL_OES_compressed_paletted_texture GL_OES_draw_texture GL_OES_matrix_get GL_OES_query_matrix GL_OES_EGL_image GL_OES_compressed_ETC1_RGB8_texture GL_ARB_texture_compression GL_ARB_texture_non_power_of_two GL_ANDROID_user_clip_plane GL_ANDROID_vertex_buffer_object GL_ANDROID_generate_mipmap 
I/SurfaceFlinger(   69): GL_MAX_TEXTURE_SIZE = 4096
I/SurfaceFlinger(   69): GL_MAX_VIEWPORT_DIMS = 4096
I/SurfaceFlinger(   69): flags = 000c0000
D/SensorService(   69): nuSensorService starting...
E/SensorService(   69): couldn't open device for module sensors (Invalid argument)
I/sysproc (   69): System server: starting Android runtime.
I/sysproc (   69): System server: starting Android services.
I/SystemServer(   69): Entered the Android system server!
I/sysproc (   69): System server: entering thread pool.
I/SystemServer(   69): Entropy Service
W/EntropyService(   69): unable to load initial entropy (first boot?)
W/EntropyService(   69): java.io.FileNotFoundException: /data/system/entropy.dat (No such file or directory)
W/EntropyService(   69): 	at org.apache.harmony.luni.platform.OSFileSystem.open(Native Method)
W/EntropyService(   69): 	at dalvik.system.BlockGuard$WrappedFileSystem.open(BlockGuard.java:232)
W/EntropyService(   69): 	at java.io.FileInputStream.<init>(FileInputStream.java:80)
W/EntropyService(   69): 	at java.io.FileInputStream.<init>(FileInputStream.java:132)
W/EntropyService(   69): 	at com.android.server.RandomBlock.fromFile(RandomBlock.java:45)
W/EntropyService(   69): 	at com.android.server.EntropyService.loadInitialEntropy(EntropyService.java:99)
W/EntropyService(   69): 	at com.android.server.EntropyService.<init>(EntropyService.java:86)
W/EntropyService(   69): 	at com.android.server.EntropyService.<init>(EntropyService.java:76)
W/EntropyService(   69): 	at com.android.server.ServerThread.run(SystemServer.java:133)
I/SystemServer(   69): Power Manager
I/SystemServer(   69): Activity Manager
I/ActivityManager(   69): Memory class: 24
D/libEGL  (   81): egl.cfg not found, using default config
D/libEGL  (   81): loaded /system/lib/egl/libGLES_android.so
W/zipro   (   81): Unable to open zip '/data/local/bootanimation.zip': No such file or directory
W/zipro   (   81): Unable to open zip '/system/media/bootanimation.zip': No such file or directory
I/SystemServer(   69): Telephony Registry
I/SystemServer(   69): Package Manager
I/Installer(   69): connecting...
I/installd(   34): new connection
I/ARMAssembler(   69): generated scanline__00000077:03010104_00000004_00000000 [ 22 ipp] (41 ins) at [0x446f11e8:0x446f128c] in 3722719 ns
I/ARMAssembler(   81): generated scanline__00000077:03545404_00000A01_00000000 [ 30 ipp] (51 ins) at [0x404281e8:0x404282b4] in 2140994 ns
I/PackageManager(   69): No settings file; creating initial state
W/PackageManager(   69): Running ENG build: no pre-dexopt!
D/installd(   34): DexInv: --- BEGIN '/system/framework/android.test.runner.jar' ---
D/dalvikvm(   88): DexOpt: load 68ms, verify+opt 321ms
D/installd(   34): DexInv: --- END '/system/framework/android.test.runner.jar' (success) ---
D/installd(   34): DexInv: --- BEGIN '/system/framework/com.android.location.provider.jar' ---
D/dalvikvm(   89): DexOpt: load 18ms, verify+opt 29ms
D/installd(   34): DexInv: --- END '/system/framework/com.android.location.provider.jar' (success) ---
D/installd(   34): DexInv: --- BEGIN '/system/framework/javax.obex.jar' ---
D/dalvikvm(   90): DexOpt: load 13ms, verify+opt 91ms
D/installd(   34): DexInv: --- END '/system/framework/javax.obex.jar' (success) ---
D/installd(   34): DexInv: --- BEGIN '/system/framework/bmgr.jar' ---
D/dalvikvm(   91): DexOpt: load 16ms, verify+opt 36ms
D/installd(   34): DexInv: --- END '/system/framework/bmgr.jar' (success) ---
D/installd(   34): DexInv: --- BEGIN '/system/framework/input.jar' ---
D/dalvikvm(   92): DexOpt: load 6ms, verify+opt 52ms
D/installd(   34): DexInv: --- END '/system/framework/input.jar' (success) ---
D/installd(   34): DexInv: --- BEGIN '/system/framework/monkey.jar' ---
D/dalvikvm(   93): DexOpt: load 27ms, verify+opt 185ms
D/installd(   34): DexInv: --- END '/system/framework/monkey.jar' (success) ---
D/installd(   34): DexInv: --- BEGIN '/system/framework/ime.jar' ---
D/dalvikvm(   94): DexOpt: load 9ms, verify+opt 44ms
D/installd(   34): DexInv: --- END '/system/framework/ime.jar' (success) ---
D/installd(   34): DexInv: --- BEGIN '/system/framework/svc.jar' ---
D/dalvikvm(   95): DexOpt: load 7ms, verify+opt 33ms
D/installd(   34): DexInv: --- END '/system/framework/svc.jar' (success) ---
D/installd(   34): DexInv: --- BEGIN '/system/framework/sqlite-jdbc.jar' ---
D/dalvikvm(   96): DexOpt: load 42ms, verify+opt 185ms
D/installd(   34): DexInv: --- END '/system/framework/sqlite-jdbc.jar' (success) ---
D/installd(   34): DexInv: --- BEGIN '/system/framework/am.jar' ---
D/dalvikvm(   97): DexOpt: load 18ms, verify+opt 71ms
D/installd(   34): DexInv: --- END '/system/framework/am.jar' (success) ---
D/installd(   34): DexInv: --- BEGIN '/system/framework/pm.jar' ---
D/dalvikvm(   98): DexOpt: load 15ms, verify+opt 83ms
D/installd(   34): DexInv: --- END '/system/framework/pm.jar' (success) ---
I/PackageManager(   69): /system/framework/framework-res.apk changed; collecting certs
D/dalvikvm(   69): GC_CONCURRENT freed 162K, 49% free 2876K/5639K, external 1625K/2137K, paused 4ms+6ms
D/dalvikvm(   69): GC_CONCURRENT freed 173K, 47% free 3231K/6023K, external 1625K/2137K, paused 4ms+5ms
D/dalvikvm(   69): GC_CONCURRENT freed 320K, 47% free 3429K/6407K, external 1625K/2137K, paused 4ms+3ms
D/dalvikvm(   69): GC_FOR_MALLOC freed 162K, 47% free 3551K/6599K, external 1625K/2137K, paused 43ms
I/dalvikvm-heap(   69): Grow heap (frag case) to 7.980MB for 391186-byte allocation
D/dalvikvm(   69): GC_FOR_MALLOC freed 0K, 44% free 3933K/6983K, external 1625K/2137K, paused 43ms
D/dalvikvm(   69): GC_FOR_MALLOC freed 755K, 49% free 3791K/7303K, external 1625K/2137K, paused 43ms
D/dalvikvm(   69): GC_CONCURRENT freed 214K, 42% free 4267K/7303K, external 1625K/2137K, paused 5ms+4ms
D/dalvikvm(   69): GC_FOR_MALLOC freed 695K, 46% free 4219K/7687K, external 1625K/2137K, paused 47ms
D/dalvikvm(   69): GC_CONCURRENT freed 429K, 40% free 4625K/7687K, external 1625K/2137K, paused 4ms+6ms
D/dalvikvm(   69): GC_CONCURRENT freed 95K, 34% free 5490K/8199K, external 1625K/2137K, paused 6ms+6ms
D/dalvikvm(   69): GC_CONCURRENT freed 608K, 35% free 6065K/9287K, external 1625K/2137K, paused 4ms+6ms
I/PackageManager(   69): /system/app/DownloadProvider.apk changed; collecting certs
I/PackageManager(   69): New shared user android.media: id=10000
I/PackageManager(   69): /system/app/HTMLViewer.apk changed; collecting certs
I/PackageManager(   69): /system/app/QuickSearchBox.apk changed; collecting certs
D/dalvikvm(   69): GC_CONCURRENT freed 1020K, 37% free 6346K/9991K, external 1625K/2137K, paused 4ms+62ms
I/PackageManager(   69): /system/app/DefaultContainerService.apk changed; collecting certs
I/PackageManager(   69): /system/app/VpnServices.apk changed; collecting certs
I/PackageManager(   69): /system/app/SettingsProvider.apk changed; collecting certs
I/PackageManager(   69): /system/app/OpenWnn.apk changed; collecting certs
D/dalvikvm(   69): GC_CONCURRENT freed 4208K, 65% free 3729K/10375K, external 1625K/2137K, paused 5ms+14ms
I/PackageManager(   69): /system/app/Music.apk changed; collecting certs
D/dalvikvm(   69): GC_CONCURRENT freed 768K, 65% free 3671K/10375K, external 1625K/2137K, paused 5ms+15ms
I/PackageManager(   69): /system/app/ApplicationsProvider.apk changed; collecting certs
I/PackageManager(   69): New shared user android.uid.shared: id=10006
I/PackageManager(   69): /system/app/LiveWallpapersPicker.apk changed; collecting certs
I/PackageManager(   69): /system/app/Fallback.apk changed; collecting certs
I/PackageManager(   69): /system/app/PicoTts.apk changed; collecting certs
D/dalvikvm(   69): GC_CONCURRENT freed 1038K, 68% free 3330K/10375K, external 1625K/2137K, paused 5ms+8ms
I/PackageManager(   69): /system/app/LatinIME.apk changed; collecting certs
D/dalvikvm(   69): GC_CONCURRENT freed 713K, 69% free 3228K/10375K, external 1625K/2137K, paused 5ms+6ms
I/PackageManager(   69): /system/app/TtsService.apk changed; collecting certs
I/PackageManager(   69): /system/app/SoundRecorder.apk changed; collecting certs
D/dalvikvm(   69): GC_CONCURRENT freed 436K, 68% free 3374K/10375K, external 1625K/2137K, paused 5ms+17ms
I/PackageManager(   69): /system/app/PinyinIME.apk changed; collecting certs
I/PackageManager(   69): /system/app/DownloadProviderUi.apk changed; collecting certs
D/dalvikvm(   69): GC_CONCURRENT freed 792K, 70% free 3203K/10375K, external 1625K/2137K, paused 5ms+8ms
I/PackageManager(   69): /system/app/Gallery.apk changed; collecting certs
D/dalvikvm(   69): GC_CONCURRENT freed 414K, 68% free 3367K/10375K, external 1625K/2137K, paused 5ms+14ms
I/PackageManager(   69): /system/app/AccountAndSyncSettings.apk changed; collecting certs
I/PackageManager(   69): /system/app/Launcher2.apk changed; collecting certs
D/dalvikvm(   69): GC_CONCURRENT freed 555K, 68% free 3400K/10375K, external 1625K/2137K, paused 4ms+8ms
I/PackageManager(   69): /system/app/TelephonyProvider.apk changed; collecting certs
D/dalvikvm(   69): GC_CONCURRENT freed 711K, 69% free 3318K/10375K, external 1625K/2137K, paused 5ms+5ms
I/PackageManager(   69): /system/app/DrmProvider.apk changed; collecting certs
I/PackageManager(   69): /system/app/CustomLocale.apk changed; collecting certs
I/PackageManager(   69): /system/app/ContactsProvider.apk changed; collecting certs
I/PackageManager(   69): /system/app/Mms.apk changed; collecting certs
D/dalvikvm(   69): GC_CONCURRENT freed 399K, 67% free 3518K/10375K, external 1625K/2137K, paused 5ms+11ms
I/PackageManager(   69): /system/app/SpareParts.apk changed; collecting certs
D/dalvikvm(   69): GC_CONCURRENT freed 838K, 68% free 3335K/10375K, external 1625K/2137K, paused 5ms+6ms
I/PackageManager(   69): /system/app/SpeechRecorder.apk changed; collecting certs
I/PackageManager(   69): /system/app/Settings.apk changed; collecting certs
D/dalvikvm(   69): GC_CONCURRENT freed 240K, 65% free 3678K/10375K, external 1625K/2137K, paused 5ms+10ms
D/dalvikvm(   69): GC_CONCURRENT freed 733K, 65% free 3644K/10375K, external 1625K/2137K, paused 5ms+5ms
I/PackageManager(   69): /system/app/Term.apk changed; collecting certs
I/PackageManager(   69): /system/app/DeskClock.apk changed; collecting certs
D/dalvikvm(   69): GC_CONCURRENT freed 471K, 63% free 3855K/10375K, external 1625K/2137K, paused 5ms+15ms
I/PackageManager(   69): /system/app/UserDictionaryProvider.apk changed; collecting certs
I/PackageManager(   69): /system/app/Browser.apk changed; collecting certs
D/dalvikvm(   69): GC_CONCURRENT freed 1021K, 66% free 3593K/10375K, external 1625K/2137K, paused 5ms+14ms
I/PackageManager(   69): /system/app/PackageInstaller.apk changed; collecting certs
I/PackageManager(   69): /system/app/CertInstaller.apk changed; collecting certs
I/PackageManager(   69): /system/app/NetSpeed.apk changed; collecting certs
I/PackageManager(   69): /system/app/SystemUI.apk changed; collecting certs
D/dalvikvm(   69): GC_CONCURRENT freed 702K, 66% free 3565K/10375K, external 1625K/2137K, paused 5ms+10ms
I/PackageManager(   69): /system/app/Contacts.apk changed; collecting certs
D/dalvikvm(   69): GC_CONCURRENT freed 658K, 66% free 3576K/10375K, external 1625K/2137K, paused 5ms+9ms
D/dalvikvm(   69): GC_CONCURRENT freed 706K, 66% free 3543K/10375K, external 1625K/2137K, paused 6ms+8ms
I/PackageManager(   69): /system/app/MediaProvider.apk changed; collecting certs
I/PackageManager(   69): /system/app/Protips.apk changed; collecting certs
D/dalvikvm(   69): GC_CONCURRENT freed 393K, 64% free 3814K/10375K, external 1625K/2137K, paused 6ms+12ms
I/PackageManager(   69): /system/app/Camera.apk changed; collecting certs
I/PackageManager(   69): /system/app/SdkSetup.apk changed; collecting certs
D/dalvikvm(   69): GC_CONCURRENT freed 995K, 66% free 3551K/10375K, external 1625K/2137K, paused 6ms+8ms
I/PackageManager(   69): /system/app/Calculator.apk changed; collecting certs
I/PackageManager(   69): /system/app/Email.apk changed; collecting certs
D/dalvikvm(   69): GC_CONCURRENT freed 460K, 64% free 3757K/10375K, external 1625K/2137K, paused 5ms+12ms
I/PackageManager(   69): /system/app/Development.apk changed; collecting certs
I/PackageManager(   69): /system/app/Phone.apk changed; collecting certs
D/dalvikvm(   69): GC_CONCURRENT freed 727K, 64% free 3748K/10375K, external 1625K/2137K, paused 5ms+12ms
D/dalvikvm(   69): GC_CONCURRENT freed 720K, 64% free 3745K/10375K, external 1625K/2137K, paused 5ms+7ms
D/PackageManager(   69): No files in app dir /vendor/app
I/PackageManager(   69): /data/app/GestureBuilder.apk changed; collecting certs
I/PackageManager(   69): Unpacking native libraries for /data/app/GestureBuilder.apk
I/PackageManager(   69): /data/app/SoftKeyboard.apk changed; collecting certs
D/dalvikvm(   69): GC_CONCURRENT freed 536K, 63% free 3923K/10375K, external 1625K/2137K, paused 5ms+13ms
I/PackageManager(   69): Unpacking native libraries for /data/app/SoftKeyboard.apk
I/PackageManager(   69): /data/app/CubeLiveWallpapers.apk changed; collecting certs
I/PackageManager(   69): Unpacking native libraries for /data/app/CubeLiveWallpapers.apk
D/szipinf (   69): Initializing inflate state
W/PackageParser(   69): No actions in intent filter at /data/app/ApiDemos.apk Binary XML file line #1882
W/PackageParser(   69): No actions in intent filter at /data/app/ApiDemos.apk Binary XML file line #1888
I/PackageManager(   69): /data/app/ApiDemos.apk changed; collecting certs
D/dalvikvm(   69): GC_CONCURRENT freed 1027K, 65% free 3656K/10375K, external 1625K/2137K, paused 5ms+13ms
D/dalvikvm(   69): GC_CONCURRENT freed 455K, 63% free 3894K/10375K, external 1625K/2137K, paused 5ms+7ms
D/dalvikvm(   69): GC_CONCURRENT freed 748K, 63% free 3895K/10375K, external 1625K/2137K, paused 5ms+4ms
D/dalvikvm(   69): GC_CONCURRENT freed 753K, 63% free 3893K/10375K, external 1625K/2137K, paused 5ms+4ms
D/dalvikvm(   69): GC_CONCURRENT freed 733K, 63% free 3908K/10375K, external 1625K/2137K, paused 4ms+4ms
D/dalvikvm(   69): GC_CONCURRENT freed 751K, 63% free 3913K/10375K, external 1625K/2137K, paused 5ms+6ms
W/PackageManager(   69): Package com.example.android.apis desires unavailable shared library com.example.will.never.exist; ignoring!
I/PackageManager(   69): Unpacking native libraries for /data/app/ApiDemos.apk
I/PackageManager(   69): Time to scan packages: 21.736 seconds
I/PackageManager(   69): Platform changed from 0 to 10; regranting permissions for internal storage
W/PackageManager(   69): Unknown permission com.google.android.googleapps.permission.GOOGLE_AUTH.mail in package com.android.contacts
W/PackageManager(   69): Unknown permission android.permission.ADD_SYSTEM_SERVICE in package com.android.phone
W/PackageManager(   69): Not granting permission android.permission.SEND_DOWNLOAD_COMPLETED_INTENTS to package com.android.browser (protectionLevel=2 flags=0x9be45)
W/PackageManager(   69): Unknown permission com.google.android.gm.permission.WRITE_GMAIL in package com.android.settings
W/PackageManager(   69): Unknown permission com.google.android.gm.permission.READ_GMAIL in package com.android.settings
W/PackageManager(   69): Unknown permission com.google.android.googleapps.permission.GOOGLE_AUTH in package com.android.settings
W/PackageManager(   69): Unknown permission com.google.android.googleapps.permission.GOOGLE_AUTH in package com.android.providers.contacts
W/PackageManager(   69): Unknown permission com.google.android.googleapps.permission.GOOGLE_AUTH.cp in package com.android.providers.contacts
W/PackageManager(   69): Unknown permission com.google.android.googleapps.permission.ACCESS_GOOGLE_PASSWORD in package com.android.development
W/PackageManager(   69): Unknown permission com.google.android.googleapps.permission.GOOGLE_AUTH in package com.android.development
W/PackageManager(   69): Unknown permission com.google.android.googleapps.permission.GOOGLE_AUTH.ALL_SERVICES in package com.android.development
W/PackageManager(   69): Unknown permission com.google.android.googleapps.permission.GOOGLE_AUTH.YouTubeUser in package com.android.development
W/PackageManager(   69): Unknown permission android.permission.READ_OWNER_DATA in package com.android.email
W/PackageManager(   69): Not granting permission android.permission.DEVICE_POWER to package com.android.deskclock (protectionLevel=2 flags=0x8be45)
D/dalvikvm(   69): GC_CONCURRENT freed 490K, 61% free 4064K/10375K, external 1625K/2137K, paused 5ms+13ms
D/dalvikvm(   69): GC_EXPLICIT freed 607K, 67% free 3481K/10375K, external 1625K/2137K, paused 76ms
I/SystemServer(   69): Account Manager
I/SystemServer(   69): Content Manager
I/SyncManager(   69): No initial accounts
I/SyncManager(   69): No initial status
I/SyncManager(   69): No initial pending operations
I/SyncManager(   69): No initial statistics
I/SystemServer(   69): System Content Providers
D/installd(   34): DexInv: --- BEGIN '/system/app/SettingsProvider.apk' ---
D/dalvikvm(  103): DexOpt: load 37ms, verify+opt 115ms
D/installd(   34): DexInv: --- END '/system/app/SettingsProvider.apk' (success) ---
I/ActivityThread(   69): Pub settings: com.android.providers.settings.SettingsProvider
W/SettingsProvider(   69): Unable to add bookmark: com.google.android.gm/com.google.android.gm.ConversationListActivityGmail
W/SettingsProvider(   69): android.content.pm.PackageManager$NameNotFoundException: ComponentInfo{com.google.android.gm/com.google.android.gm.ConversationListActivityGmail}
W/SettingsProvider(   69): 	at android.app.ContextImpl$ApplicationPackageManager.getActivityInfo(ContextImpl.java:1826)
W/SettingsProvider(   69): 	at com.android.providers.settings.DatabaseHelper.loadBookmarks(DatabaseHelper.java:887)
W/SettingsProvider(   69): 	at com.android.providers.settings.DatabaseHelper.loadBookmarks(DatabaseHelper.java:925)
W/SettingsProvider(   69): 	at com.android.providers.settings.DatabaseHelper.onCreate(DatabaseHelper.java:135)
W/SettingsProvider(   69): 	at android.database.sqlite.SQLiteOpenHelper.getWritableDatabase(SQLiteOpenHelper.java:126)
W/SettingsProvider(   69): 	at android.database.sqlite.SQLiteOpenHelper.getReadableDatabase(SQLiteOpenHelper.java:187)
W/SettingsProvider(   69): 	at com.android.providers.settings.SettingsProvider.query(SettingsProvider.java:404)
W/SettingsProvider(   69): 	at com.android.providers.settings.SettingsProvider.ensureAndroidIdIsSet(SettingsProvider.java:323)
W/SettingsProvider(   69): 	at com.android.providers.settings.SettingsProvider.onCreate(SettingsProvider.java:259)
W/SettingsProvider(   69): 	at android.content.ContentProvider.attachInfo(ContentProvider.java:798)
W/SettingsProvider(   69): 	at android.app.ActivityThread.installProvider(ActivityThread.java:3554)
W/SettingsProvider(   69): 	at android.app.ActivityThread.installContentProviders(ActivityThread.java:3309)
W/SettingsProvider(   69): 	at android.app.ActivityThread.installSystemProviders(ActivityThread.java:3660)
W/SettingsProvider(   69): 	at com.android.server.am.ActivityManagerService.installSystemProviders(ActivityManagerService.java:5565)
W/SettingsProvider(   69): 	at com.android.server.ServerThread.run(SystemServer.java:169)
W/SettingsProvider(   69): Unable to add bookmark: com.android.im/com.android.im.app.LandingPage
W/SettingsProvider(   69): android.content.pm.PackageManager$NameNotFoundException: ComponentInfo{com.android.im/com.android.im.app.LandingPage}
W/SettingsProvider(   69): 	at android.app.ContextImpl$ApplicationPackageManager.getActivityInfo(ContextImpl.java:1826)
W/SettingsProvider(   69): 	at com.android.providers.settings.DatabaseHelper.loadBookmarks(DatabaseHelper.java:887)
W/SettingsProvider(   69): 	at com.android.providers.settings.DatabaseHelper.loadBookmarks(DatabaseHelper.java:925)
W/SettingsProvider(   69): 	at com.android.providers.settings.DatabaseHelper.onCreate(DatabaseHelper.java:135)
W/SettingsProvider(   69): 	at android.database.sqlite.SQLiteOpenHelper.getWritableDatabase(SQLiteOpenHelper.java:126)
W/SettingsProvider(   69): 	at android.database.sqlite.SQLiteOpenHelper.getReadableDatabase(SQLiteOpenHelper.java:187)
W/SettingsProvider(   69): 	at com.android.providers.settings.SettingsProvider.query(SettingsProvider.java:404)
W/SettingsProvider(   69): 	at com.android.providers.settings.SettingsProvider.ensureAndroidIdIsSet(SettingsProvider.java:323)
W/SettingsProvider(   69): 	at com.android.providers.settings.SettingsProvider.onCreate(SettingsProvider.java:259)
W/SettingsProvider(   69): 	at android.content.ContentProvider.attachInfo(ContentProvider.java:798)
W/SettingsProvider(   69): 	at android.app.ActivityThread.installProvider(ActivityThread.java:3554)
W/SettingsProvider(   69): 	at android.app.ActivityThread.installContentProviders(ActivityThread.java:3309)
W/SettingsProvider(   69): 	at android.app.ActivityThread.installSystemProviders(ActivityThread.java:3660)
W/SettingsProvider(   69): 	at com.android.server.am.ActivityManagerService.installSystemProviders(ActivityManagerService.java:5565)
W/SettingsProvider(   69): 	at com.android.server.ServerThread.run(SystemServer.java:169)
W/SettingsProvider(   69): Unable to add bookmark: com.android.calendar/com.android.calendar.LaunchActivity
W/SettingsProvider(   69): android.content.pm.PackageManager$NameNotFoundException: ComponentInfo{com.android.calendar/com.android.calendar.LaunchActivity}
W/SettingsProvider(   69): 	at android.app.ContextImpl$ApplicationPackageManager.getActivityInfo(ContextImpl.java:1826)
W/SettingsProvider(   69): 	at com.android.providers.settings.DatabaseHelper.loadBookmarks(DatabaseHelper.java:887)
W/SettingsProvider(   69): 	at com.android.providers.settings.DatabaseHelper.loadBookmarks(DatabaseHelper.java:925)
W/SettingsProvider(   69): 	at com.android.providers.settings.DatabaseHelper.onCreate(DatabaseHelper.java:135)
W/SettingsProvider(   69): 	at android.database.sqlite.SQLiteOpenHelper.getWritableDatabase(SQLiteOpenHelper.java:126)
W/SettingsProvider(   69): 	at android.database.sqlite.SQLiteOpenHelper.getReadableDatabase(SQLiteOpenHelper.java:187)
W/SettingsProvider(   69): 	at com.android.providers.settings.SettingsProvider.query(SettingsProvider.java:404)
W/SettingsProvider(   69): 	at com.android.providers.settings.SettingsProvider.ensureAndroidIdIsSet(SettingsProvider.java:323)
W/SettingsProvider(   69): 	at com.android.providers.settings.SettingsProvider.onCreate(SettingsProvider.java:259)
W/SettingsProvider(   69): 	at android.content.ContentProvider.attachInfo(ContentProvider.java:798)
W/SettingsProvider(   69): 	at android.app.ActivityThread.installProvider(ActivityThread.java:3554)
W/SettingsProvider(   69): 	at android.app.ActivityThread.installContentProviders(ActivityThread.java:3309)
W/SettingsProvider(   69): 	at android.app.ActivityThread.installSystemProviders(ActivityThread.java:3660)
W/SettingsProvider(   69): 	at com.android.server.am.ActivityManagerService.installSystemProviders(ActivityManagerService.java:5565)
W/SettingsProvider(   69): 	at com.android.server.ServerThread.run(SystemServer.java:169)
D/SettingsProvider(   69): Generated and saved new ANDROID_ID [c01de1c879f229fe]
I/SystemServer(   69): Battery Service
I/SystemServer(   69): Lights Service
I/SystemServer(   69): Vibrator Service
D/qemud   (   37): fdhandler_accept_event: accepting on fd 9
D/qemud   (   37): created client 0x11f88 listening on fd 11
D/qemud   (   37): client_fd_receive: attempting registration for service 'hw-control'
D/qemud   (   37): client_fd_receive:    -> received channel id 3
D/SettingsProvider(   69): cache for settings table 'secure' rows=20; fullycached=true
D/qemud   (   37): client_registration: registration succeeded for client 3
D/SettingsProvider(   69): cache for settings table 'system' rows=44; fullycached=true
I/SystemServer(   69): Alarm Manager
I/SystemServer(   69): Init Watchdog
I/SystemServer(   69): Window Manager
I/InputManager(   69): Initializing input manager
I/InputManager(   69): Starting input manager
I/SystemServer(   69): Registering null Bluetooth Service (emulator)
E/System  (   69): Failure starting core service
E/System  (   69): java.lang.SecurityException
E/System  (   69): 	at android.os.BinderProxy.transact(Native Method)
E/System  (   69): 	at android.os.ServiceManagerProxy.addService(ServiceManagerNative.java:146)
E/System  (   69): 	at android.os.ServiceManager.addService(ServiceManager.java:72)
E/System  (   69): 	at com.android.server.ServerThread.run(SystemServer.java:206)
I/SystemServer(   69): Device Policy
I/SystemServer(   69): Status Bar
I/SystemServer(   69): Clipboard Service
I/SystemServer(   69): Input Method Service
I/EventHub(   69): New keyboard: device->id=0x10000 devname='qwerty2' propName='hw.keyboards.65536.devname' keylayout='/system/usr/keylayout/qwerty.kl'
I/EventHub(   69): New device: path=/dev/input/event0 name=qwerty2 id=0x10000 (of 0x1) index=1 fd=88 classes=0xaf
E/EventHub(   69): could not get driver version for /dev/input/mouse0, Not a typewriter
E/EventHub(   69): could not get driver version for /dev/input/mice, Not a typewriter
I/InputManager-Callbacks(   69): No input device calibration properties found for device qwerty2.
I/InputReader(   69): Device added: id=0x0, name=qwerty2, sources=00011307
I/InputManagerService(   69): Enabled input methods: jp.co.omronsoft.openwnn/.OpenWnnJAJP:com.android.inputmethod.latin/.LatinIME:com.android.inputmethod.pinyin/.PinyinIME
I/InputManagerService(   69): Enabled input methods or default IME has not been set, enabling all
I/InputManagerService(   69): Adding: jp.co.omronsoft.openwnn/.OpenWnnJAJP
I/InputManagerService(   69): Adding: com.android.inputmethod.latin/.LatinIME
I/InputManagerService(   69): Adding: com.android.inputmethod.pinyin/.PinyinIME
I/InputManagerService(   69): Adding: com.example.android.softkeyboard/.SoftKeyboard
I/InputManagerService(   69): No default found, using jp.co.omronsoft.openwnn/.OpenWnnJAJP
I/SystemServer(   69): NetStat Service
I/SystemServer(   69): NetworkManagement Service
I/SystemServer(   69): Connectivity Service
I/WifiService(   69): WifiService starting up with Wi-Fi disabled
D/NetworkManagmentService(   69): Registering observer
D/dalvikvm(   69): GC_CONCURRENT freed 333K, 65% free 3714K/10375K, external 1625K/2137K, paused 5ms+6ms
I/SystemServer(   69): Throttle Service
I/SystemServer(   69): Accessibility Manager
I/SystemServer(   69): Mount Service
I/SystemServer(   69): Notification Manager
I/SystemServer(   69): Device Storage Monitor
D/VoldCmdListener(   28): volume list
I/SystemServer(   69): Location Manager
I/SystemServer(   69): Search Service
W/MountService(   69): Duplicate state transition (removed -> removed)
D/VoldCmdListener(   28): share status ums
I/SystemServer(   69): DropBox Service
I/SystemServer(   69): Wallpaper Service
W/WallpaperService(   69): failed parsing /data/system/wallpaper_info.xml java.io.FileNotFoundException: /data/system/wallpaper_info.xml (No such file or directory)
I/SystemServer(   69): Audio Service
D/AudioHardwareInterface(   33): setMode(NORMAL)
W/AudioPolicyManagerBase(   33): setPhoneState() setting same state 0
E/SoundPool(   69): error loading /system/media/audio/ui/Effect_Tick.ogg
W/AudioService(   69): Soundpool could not load file: /system/media/audio/ui/Effect_Tick.ogg
E/SoundPool(   69): error loading /system/media/audio/ui/KeypressStandard.ogg
W/AudioService(   69): Soundpool could not load file: /system/media/audio/ui/KeypressStandard.ogg
E/SoundPool(   69): error loading /system/media/audio/ui/KeypressSpacebar.ogg
W/AudioService(   69): Soundpool could not load file: /system/media/audio/ui/KeypressSpacebar.ogg
E/SoundPool(   69): error loading /system/media/audio/ui/KeypressDelete.ogg
W/AudioService(   69): Soundpool could not load file: /system/media/audio/ui/KeypressDelete.ogg
E/SoundPool(   69): error loading /system/media/audio/ui/KeypressReturn.ogg
W/AudioService(   69): Soundpool could not load file: /system/media/audio/ui/KeypressReturn.ogg
I/SystemServer(   69): Headset Observer
W/HeadsetObserver(   69): This kernel does not have wired headset support
I/SystemServer(   69): Dock Observer
W/DockObserver(   69): This kernel does not have dock station support
I/SystemServer(   69): USB Observer
W/UsbObserver(   69): This kernel does not have USB configuration switch support
E/UsbObserver(   69): 
E/UsbObserver(   69): java.lang.NullPointerException
E/UsbObserver(   69): 	at com.android.server.UsbObserver.init(UsbObserver.java:131)
E/UsbObserver(   69): 	at com.android.server.UsbObserver.<init>(UsbObserver.java:65)
E/UsbObserver(   69): 	at com.android.server.ServerThread.run(SystemServer.java:402)
I/SystemServer(   69): UI Mode Manager Service
I/SystemServer(   69): Backup Service
V/BackupManagerService(   69): No ancestral data
I/BackupManagerService(   69): Backup enabled => true
I/SystemServer(   69): AppWidget Service
I/SystemServer(   69): Recognition Service
I/SystemServer(   69): DiskStats Service
I/WindowManager(   69): SAFE MODE not enabled
D/dalvikvm(   69): JIT started for system_server
D/PowerManagerService(   69): system ready!
I/ActivityManager(   69): Sending system update to: ComponentInfo{com.android.providers.contacts/com.android.providers.contacts.ContactsUpgradeReceiver}
I/Zygote  (   69): Process: zygote socket opened
I/SystemServer(   69): Enabled StrictMode for system server main thread.
I/ActivityManager(   69): Start proc android.process.acore for broadcast com.android.providers.contacts/.ContactsUpgradeReceiver: pid=127 uid=10006 gids={3003, 1015}
I/ActivityManager(   69): Starting: Intent { act=android.intent.action.MAIN cat=[android.intent.category.HOME] flg=0x10000000 cmp=com.android.sdksetup/.DefaultActivity } from pid 0
I/ActivityManager(   69): Launching preboot mode app: ProcessRecord{4097bd70 127:android.process.acore/10006}
D/installd(   34): DexInv: --- BEGIN '/system/app/ContactsProvider.apk' ---
D/dalvikvm(  136): DexOpt: load 49ms, verify+opt 549ms
D/installd(   34): DexInv: --- END '/system/app/ContactsProvider.apk' (success) ---
I/ContactsUpgradeReceiver(  127): Creating or opening contacts database
I/ContactsDatabaseHelper(  127): Bootstrapping database
D/dalvikvm(  127): GC_CONCURRENT freed 407K, 55% free 2591K/5639K, external 1625K/2137K, paused 4ms+12ms
I/ContactsProviderV1(  127): Bootstrapping database legacy support
I/ActivityManager(   69): Writing new set of last done pre-boot receivers...
I/ActivityManager(   69): Removing system update proc: ProcessRecord{4097bd70 127:android.process.acore/10006}
I/Process (   69): Sending signal. PID: 127 SIG: 9
I/ActivityManager(   69): System now ready
I/SystemServer(   69): Making services ready
I/StatusBarManagerService(   69): Starting service: ComponentInfo{com.android.systemui/com.android.systemui.statusbar.StatusBarService}
I/ActivityManager(   69): Start proc com.android.systemui for service com.android.systemui/.statusbar.StatusBarService: pid=139 uid=1000 gids={3002, 3001, 3003}
I/UsbObserver(   69): Device not provisioned, skipping USB broadcast
I/ActivityManager(   69): Config changed: { scale=1.0 imsi=0/0 loc=ld_US touch=0 keys=0/0/0 nav=0/0 orien=0 layout=0 uiMode=17 seq=2}
W/RecognitionManagerService(   69): no available voice recognition services found
I/ActivityManager(   69): Start proc jp.co.omronsoft.openwnn for service jp.co.omronsoft.openwnn/.OpenWnnJAJP: pid=144 uid=10004 gids={}
D/NetworkManagmentService(   69): Registering observer
E/ThrottleService(   69): Could not open GPS configuration file /etc/gps.conf
E/ThrottleService(   69): Error reading data file
I/ActivityManager(   69): Start proc com.android.phone for added application com.android.phone: pid=149 uid=1001 gids={3002, 3001, 3003, 1015}
I/ActivityManager(   69): Start proc com.android.systemui for added application com.android.systemui: pid=151 uid=1000 gids={3002, 3001, 3003}
D/dalvikvm(   69): GC_EXTERNAL_ALLOC freed 263K, 63% free 3914K/10375K, external 1625K/2137K, paused 334ms
I/ActivityManager(   69): Start proc com.android.sdksetup for activity com.android.sdksetup/.DefaultActivity: pid=152 uid=10026 gids={}
I/ActivityManager(   69): Config changed: { scale=1.0 imsi=0/0 loc=ld_US touch=3 keys=2/1/2 nav=3/1 orien=1 layout=34 uiMode=17 seq=3}
E/logwrapper(  158): executing /system/bin/tc failed: No such file or directory
I/logwrapper(   29): /system/bin/tc terminated by exit(1)
E/logwrapper(  159): executing /system/bin/tc failed: No such file or directory
I/logwrapper(   29): /system/bin/tc terminated by exit(1)
E/logwrapper(  160): executing /system/bin/tc failed: No such file or directory
I/logwrapper(   29): /system/bin/tc terminated by exit(1)
E/logwrapper(  162): executing /system/bin/tc failed: No such file or directory
I/logwrapper(   29): /system/bin/tc terminated by exit(1)
E/logwrapper(  163): executing /system/bin/tc failed: No such file or directory
I/logwrapper(   29): /system/bin/tc terminated by exit(1)
E/logwrapper(  164): executing /system/bin/tc failed: No such file or directory
I/logwrapper(   29): /system/bin/tc terminated by exit(1)
W/GpsLocationProvider(   69): Could not open GPS configuration file /etc/gps.conf
W/ActivityManager(   69): No pending application record for pid 139 (IApplicationThread android.app.ApplicationThreadProxy@4058be88); dropping process
I/Process (   69): Sending signal. PID: 139 SIG: 9
W/ActivityManager(   69): Unable to start service Intent { act=@0 }: not found
W/ActivityManager(   69): Unable to start service Intent { act=@0 }: not found
D/installd(   34): DexInv: --- BEGIN '/system/app/TelephonyProvider.apk' ---
D/qemud   (   37): fdhandler_accept_event: accepting on fd 9
D/qemud   (   37): created client 0x11fd8 listening on fd 12
D/qemud   (   37): client_fd_receive: attempting registration for service 'gps'
D/qemud   (   37): client_fd_receive:    -> received channel id 4
D/qemud   (   37): client_registration: registration succeeded for client 4
D/dalvikvm(  189): DexOpt: load 28ms, verify+opt 189ms
D/installd(   34): DexInv: --- END '/system/app/TelephonyProvider.apk' (success) ---
D/installd(   34): DexInv: --- BEGIN '/system/app/Phone.apk' ---
D/dalvikvm(  196): DexOpt: load 167ms, verify+opt 1069ms
D/installd(   34): DexInv: --- END '/system/app/Phone.apk' (success) ---
D/installd(   34): DexInv: --- BEGIN '/system/app/SystemUI.apk' ---
D/dalvikvm(  149): GC_CONCURRENT freed 405K, 54% free 2633K/5639K, external 1625K/2137K, paused 5ms+16ms
I/ActivityThread(  149): Pub mms: com.android.providers.telephony.MmsProvider
D/dalvikvm(  197): DexOpt: load 359ms, verify+opt 414ms
D/installd(   34): DexInv: --- END '/system/app/SystemUI.apk' (success) ---
D/installd(   34): DexInv: --- BEGIN '/system/app/OpenWnn.apk' ---
I/ActivityThread(  149): Pub sms: com.android.providers.telephony.SmsProvider
I/ActivityThread(  149): Pub telephony: com.android.providers.telephony.TelephonyProvider
I/ActivityThread(  149): Pub icc: com.android.phone.IccProvider
I/ActivityThread(  149): Pub mms-sms: com.android.providers.telephony.MmsSmsProvider
D/dalvikvm(   69): GREF has increased to 201
D/dalvikvm(  151): GC_CONCURRENT freed 407K, 54% free 2631K/5639K, external 1625K/2137K, paused 5ms+20ms
D/dalvikvm(  198): DexOpt: load 214ms, verify+opt 572ms
D/installd(   34): DexInv: --- END '/system/app/OpenWnn.apk' (success) ---
D/installd(   34): DexInv: --- BEGIN '/system/app/SdkSetup.apk' ---
D/dalvikvm(  144): GC_CONCURRENT freed 396K, 54% free 2642K/5639K, external 1625K/2137K, paused 5ms+15ms
D/dalvikvm(  199): DexOpt: load 70ms, verify+opt 48ms
D/installd(   34): DexInv: --- END '/system/app/SdkSetup.apk' (success) ---
I/ActivityManager(   69): Start proc com.android.settings for broadcast com.android.settings/.widget.SettingsAppWidgetProvider: pid=200 uid=1000 gids={3002, 3001, 3003}
I/StatusBarManagerService(   69): registerStatusBar bar=com.android.internal.statusbar.IStatusBar$Stub$Proxy@406c0c48
D/VoldCmdListener(   28): share status ums
D/StorageNotification(  151): Startup with UMS connection false (media state removed)
I/StorageNotification(  151): UMS connection changed to false (media state removed)
D/dalvikvm(  144): No JNI_OnLoad found in /system/lib/libwnndict.so 0x40513150, skipping init
D/dalvikvm(   69): GC_CONCURRENT freed 354K, 62% free 3952K/10375K, external 2225K/2779K, paused 6ms+58ms
D/dalvikvm(  144): GC_CONCURRENT freed 302K, 51% free 2893K/5831K, external 1625K/2137K, paused 5ms+160ms
D/dalvikvm(  152): GC_CONCURRENT freed 382K, 54% free 2589K/5575K, external 1625K/2137K, paused 6ms+57ms
I/ActivityManager(   69): Force stopping package com.android.sdksetup uid=10026
I/Process (   69): Sending signal. PID: 152 SIG: 9
