I/APP     (  430): I 06/24/2011 13:27:21:021 002d6658           HttpServer| Process URI: '/app/Settings/do_login'
I/APP     (  430): I 06/24/2011 13:27:21:024 002d6658                  APP| RHO serve: /app/Settings/do_login
I/APP     (  430): I 06/24/2011 13:27:21:053 002d6658                  APP| Params: {"login"=>"a", "password"=>"a"}
I/APP     (  430): I 06/24/2011 13:27:21:073 002d6658  SyncThread.cpp: 225| STOP sync
I/APP     (  430): I 06/24/2011 13:27:21:076 002d6658                 Sync| addCommand: Login
I/APP     (  430): I 06/24/2011 13:27:37:395 002d6658           HttpServer| Process URI: '/app/Settings/do_login'
I/APP     (  430): I 06/24/2011 13:27:37:398 002d6658                  APP| RHO serve: /app/Settings/do_login
I/APP     (  430): I 06/24/2011 13:27:37:423 002d6658                  APP| Params: {"login"=>"a", "password"=>"a"}
I/APP     (  430): I 06/24/2011 13:27:37:425 002d6658  SyncThread.cpp: 225| STOP sync
I/APP     (  430): I 06/24/2011 13:27:37:446 002d6658                 Sync| addCommand: Login
I/APP     (  430): I 06/24/2011 13:27:40:805 002d6658           HttpServer| Process URI: '/app/index_erb.iseq'
I/APP     (  430): I 06/24/2011 13:27:40:810 002d6658                  APP| RHO serve_index: /app/index_erb.iseq
I/APP     (  430): I 06/24/2011 13:27:40:819 002d6658 RHO Rho::RhoController| inst_render_index
I/APP     (  430): I 06/24/2011 13:27:40:884 002d6658 RHO Rho::RhoController| index layout
V/SimpleMainView(  430): ms[1308922067183] processForNativeView : [http://127.0.0.1:34708/app/Settings]
I/APP     (  430): I 06/24/2011 13:27:47:242 002d6658           HttpServer| Process URI: '/app/Settings'
I/APP     (  430): I 06/24/2011 13:27:47:245 002d6658                  APP| RHO serve: /app/Settings
I/APP     (  430): I 06/24/2011 13:27:47:447 002d6658 RHO SettingsController| Layout file: /data/data/com.rhomobile.timer/rhodata/apps/app/layout_erb.iseq. Content size: 1318
I/APP     (  430): I 06/24/2011 13:27:58:242 002d6658           HttpServer| Process URI: '/app/Settings/login'
I/APP     (  430): I 06/24/2011 13:27:58:245 002d6658                  APP| RHO serve: /app/Settings/login
I/APP     (  430): I 06/24/2011 13:28:02:854 002d6658           HttpServer| Process URI: '/app/Settings/do_login'
I/APP     (  430): I 06/24/2011 13:28:02:858 002d6658                  APP| RHO serve: /app/Settings/do_login
I/APP     (  430): I 06/24/2011 13:28:02:867 002d6658                  APP| Params: {"login"=>"", "password"=>""}
I/APP     (  430): I 06/24/2011 13:28:02:899 002d6658  SyncThread.cpp: 225| STOP sync
I/APP     (  430): I 06/24/2011 13:28:02:901 002d6658                 Sync| addCommand: Login
I/APP     (  430): I 06/24/2011 13:28:02:912 002d6658                 Sync| Command already exists in queue. Skip it.
D/dalvikvm(  430): GC_CONCURRENT freed 1111K, 56% free 2966K/6727K, external 3222K/3999K, paused 6ms+17ms
V/SimpleMainView(  430): ms[1308922087611] processForNativeView : [http://127.0.0.1:34708/app]
I/APP     (  430): I 06/24/2011 13:28:07:652 002d6658           HttpServer| Process URI: '/app'
I/APP     (  430): I 06/24/2011 13:28:07:806 002d6658           HttpServer| Process URI: '/app/index_erb.iseq'
I/APP     (  430): I 06/24/2011 13:28:07:812 002d6658                  APP| RHO serve_index: /app/index_erb.iseq
I/APP     (  430): I 06/24/2011 13:28:07:819 002d6658 RHO Rho::RhoController| inst_render_index
I/APP     (  430): I 06/24/2011 13:28:07:872 002d6658 RHO Rho::RhoController| index layout
D/SntpClient(   69): request time failed: java.net.SocketException: Address family not supported by protocol
W/KeyCharacterMap(  430): No keyboard for id 0
W/KeyCharacterMap(  430): Using default keymap: /system/usr/keychars/qwerty.kcm.bin
I/ActivityManager(   69): moveTaskToBack: 6
D/PhoneWindow(  430): couldn't save which view has focus because the focused view android.webkit.WebView@405cee18 has no id.
I/APP     (  430): I 06/24/2011 13:28:18:191 afd4d440         AppActivated| Handlers have completed.
I/APP     (  430): I 06/24/2011 13:28:18:199 afd4d440    RhodesApplication| New UiState: MainActivityPaused
D/RhodesActivity(  430): RhodesActivity.onPause()
I/APP     (  430): I 06/24/2011 13:28:18:222 002d6658           HttpServer| Process URI: '/system/uidestroyed'
W/InputManagerService(   69): Window already focused, ignoring focus gain of: com.android.internal.view.IInputMethodClient$Stub$Proxy@406d52a0
I/APP     (  430): I 06/24/2011 13:28:20:027 afd4d440       AppDeactivated| Handlers have completed.
I/APP     (  430): I 06/24/2011 13:28:20:034 afd4d440    RhodesApplication| New AppState: AppDeactivated
I/APP     (  430): I 06/24/2011 13:28:20:040 afd4d440        RhodesService| activityStopped() temporary release wakeLock object
I/APP     (  430): I 06/24/2011 13:28:20:049 afd4d440            RhodesApp| callAppActiveCallback
I/APP     (  430): I 06/24/2011 13:28:20:060 afd4d440         AppCallbacks| addCommand: APP-DEACTIVATED
I/APP     (  430): I 06/24/2011 13:28:20:062 002a5368         AppCallbacks| process command: APP-DEACTIVATED
I/APP     (  430): I 06/24/2011 13:28:20:062 002a5368         AppCallbacks| ThreadQueue blocked for 300 seconds...
I/APP     (  430): I 06/24/2011 13:28:20:079 002d6658           HttpServer| Process URI: '/system/deactivateapp'
D/RhodesActivity(  430): RhodesActivity.onStop()
D/dalvikvm(  430): GC_EXPLICIT freed 321K, 58% free 2866K/6727K, external 3222K/3999K, paused 59ms
D/dalvikvm(  216): GC_EXPLICIT freed 130K, 49% free 2984K/5767K, external 5918K/7338K, paused 75ms
D/SntpClient(   69): request time failed: java.net.SocketException: Address family not supported by protocol
I/APP     (  430): I 06/24/2011 13:33:20:066 002a5368         AppCallbacks| ThreadQueue blocked for 300 seconds...
D/SntpClient(   69): request time failed: java.net.SocketException: Address family not supported by protocol
I/APP     (  430): I 06/24/2011 13:38:20:068 002a5368         AppCallbacks| ThreadQueue blocked for 300 seconds...
D/SntpClient(   69): request time failed: java.net.SocketException: Address family not supported by protocol
I/APP     (  430): I 06/24/2011 13:43:20:122 002a5368         AppCallbacks| ThreadQueue blocked for 300 seconds...
I/ActivityManager(   69): Starting: Intent { act=android.intent.action.MAIN cat=[android.intent.category.LAUNCHER] flg=0x10200000 cmp=com.rhomobile.timer/com.rhomobile.rhodes.RhodesActivity } from pid 216
D/RhodesActivity(  430): RhodesActivity.onNewIntent()
I/APP     (  430): I 06/24/2011 13:47:52:720 afd4d440            RhodesApp| callAppActiveCallback
I/APP     (  430): I 06/24/2011 13:47:52:721 afd4d440         AppCallbacks| addCommand: APP-ACTIVATED
I/APP     (  430): I 06/24/2011 13:47:52:728 002a5368            RhodesApp| restart local server.
I/APP     (  430): I 06/24/2011 13:47:52:730 002a5368           HttpServer| Stopping server...
I/APP     (  430): I 06/24/2011 13:47:52:733 002d6658           HttpServer| Start HTTP server
I/APP     (  430): I 06/24/2011 13:47:52:735 002d6658         AppCallbacks| addCommand: LOCAL-SERVER-STARTED
I/APP     (  430): I 06/24/2011 13:47:52:743 afd4d440         AppActivated| Handlers have completed.
I/APP     (  430): I 06/24/2011 13:47:52:745 afd4d440    RhodesApplication| New AppState: AppActivated
D/RhodesActivity(  430): RhodesActivity.onStart()
I/APP     (  430): I 06/24/2011 13:47:52:754 002a5368         AppCallbacks| Received command APP-ACTIVATED which is greater than expected (LOCAL-SERVER-STARTED) - postpone it
I/APP     (  430): I 06/24/2011 13:47:52:755 002a5368         AppCallbacks| process command: LOCAL-SERVER-STARTED
I/APP     (  430): I 06/24/2011 13:47:52:757 002a5368           AppStarted| Handlers have completed.
I/APP     (  430): I 06/24/2011 13:47:52:774 afd4d440         AppActivated| Handlers have completed.
I/APP     (  430): I 06/24/2011 13:47:52:776 afd4d440    RhodesApplication| New UiState: MainActivityStarted
D/RhodesActivity(  430): RhodesActivity.onResume()
I/APP     (  430): I 06/24/2011 13:47:52:760 002a5368         AppActivated| Handlers have completed.
I/APP     (  430): I 06/24/2011 13:47:52:845 002a5368    RhodesApplication| New AppState: AppActivated
I/APP     (  430): I 06/24/2011 13:47:52:846 002a5368         AppCallbacks| process command: APP-ACTIVATED
I/APP     (  430): I 06/24/2011 13:47:52:940 002d6658           HttpServer| Process URI: '/system/activateapp'
I/APP     (  430): I 06/24/2011 13:47:53:020 002a5368         AppCallbacks| ThreadQueue blocked for 300 seconds...
I/APP     (  430): I 06/24/2011 13:47:53:026 002a5368         AppCallbacks| ThreadQueue blocked for 300 seconds...
W/InputManagerService(   69): Window already focused, ignoring focus gain of: com.android.internal.view.IInputMethodClient$Stub$Proxy@406b5520
D/dalvikvm(  216): GC_EXPLICIT freed 100K, 50% free 2936K/5767K, external 6039K/7338K, paused 64ms
W/KeyCharacterMap(  430): No keyboard for id 0
W/KeyCharacterMap(  430): Using default keymap: /system/usr/keychars/qwerty.kcm.bin
I/ActivityManager(   69): moveTaskToBack: 6
D/PhoneWindow(  430): couldn't save which view has focus because the focused view android.webkit.WebView@405cee18 has no id.
I/APP     (  430): I 06/24/2011 13:48:04:133 afd4d440         AppActivated| Handlers have completed.
I/APP     (  430): I 06/24/2011 13:48:04:157 afd4d440    RhodesApplication| New UiState: MainActivityPaused
D/RhodesActivity(  430): RhodesActivity.onPause()
I/APP     (  430): I 06/24/2011 13:48:04:178 002d6658           HttpServer| Process URI: '/system/uidestroyed'
I/APP     (  430): I 06/24/2011 13:48:05:654 afd4d440       AppDeactivated| Handlers have completed.
I/APP     (  430): I 06/24/2011 13:48:05:657 afd4d440    RhodesApplication| New AppState: AppDeactivated
I/APP     (  430): I 06/24/2011 13:48:05:662 afd4d440        RhodesService| activityStopped() temporary release wakeLock object
I/APP     (  430): I 06/24/2011 13:48:05:668 afd4d440            RhodesApp| callAppActiveCallback
I/APP     (  430): I 06/24/2011 13:48:05:671 afd4d440         AppCallbacks| addCommand: APP-DEACTIVATED
I/APP     (  430): I 06/24/2011 13:48:05:676 002a5368         AppCallbacks| process command: APP-DEACTIVATED
I/APP     (  430): I 06/24/2011 13:48:05:680 002a5368         AppCallbacks| ThreadQueue blocked for 300 seconds...
I/APP     (  430): I 06/24/2011 13:48:05:694 002d6658           HttpServer| Process URI: '/system/deactivateapp'
D/RhodesActivity(  430): RhodesActivity.onStop()
W/KeyCharacterMap(  216): No keyboard for id 0
W/KeyCharacterMap(  216): Using default keymap: /system/usr/keychars/qwerty.kcm.bin
D/SntpClient(   69): request time failed: java.net.SocketException: Address family not supported by protocol
D/dalvikvm(  430): GC_EXPLICIT freed 440K, 58% free 2833K/6727K, external 3222K/3999K, paused 67ms
I/APP     (  430): I 06/24/2011 13:53:05:740 002a5368         AppCallbacks| ThreadQueue blocked for 300 seconds...
D/SntpClient(   69): request time failed: java.net.SocketException: Address family not supported by protocol
D/AndroidRuntime(  460): 
D/AndroidRuntime(  460): >>>>>> AndroidRuntime START com.android.internal.os.RuntimeInit <<<<<<
D/AndroidRuntime(  460): CheckJNI is ON
D/AndroidRuntime(  460): Calling main entry com.android.commands.pm.Pm
D/dalvikvm(  395): GC_EXPLICIT freed 36K, 54% free 2538K/5511K, external 1625K/2137K, paused 42ms
W/ActivityManager(   69): No content provider found for: 
W/ActivityManager(   69): No content provider found for: 
D/PackageParser(   69): Scanning package: /data/app/vmdl1571366327.tmp
D/dalvikvm(   69): GC_CONCURRENT freed 770K, 57% free 4518K/10375K, external 3125K/3903K, paused 8ms+8ms
D/dalvikvm(   69): GC_CONCURRENT freed 1170K, 57% free 4508K/10375K, external 3125K/3903K, paused 9ms+7ms
I/PackageManager(   69): Removing non-system package:com.rhomobile.timer
I/ActivityManager(   69): Force stopping package com.rhomobile.timer uid=10034
W/ActivityManager(   69): Scheduling restart of crashed service com.rhomobile.timer/com.rhomobile.rhodes.RhodesService in 5000ms
I/Process (   69): Sending signal. PID: 430 SIG: 9
I/ActivityManager(   69):   Force finishing activity HistoryRecord{408ae9f0 com.rhomobile.timer/com.rhomobile.rhodes.RhodesActivity}
I/ActivityManager(   69):   Force stopping service ServiceRecord{408dcb58 com.rhomobile.timer/com.rhomobile.rhodes.RhodesService}
I/WindowManager(   69): WIN DEATH: Window{40660cf0 com.rhomobile.timer/com.rhomobile.rhodes.RhodesActivity paused=true}
D/PackageManager(   69): Scanning package com.rhomobile.timer
I/PackageManager(   69): Package com.rhomobile.timer codePath changed from /data/app/com.rhomobile.timer-1.apk to /data/app/com.rhomobile.timer-2.apk; Retaining data and using new
I/PackageManager(   69): Unpacking native libraries for /data/app/com.rhomobile.timer-2.apk
D/installd(   34): DexInv: --- BEGIN '/data/app/com.rhomobile.timer-2.apk' ---
D/dalvikvm(  469): DexOpt: load 127ms, verify+opt 598ms
D/installd(   34): DexInv: --- END '/data/app/com.rhomobile.timer-2.apk' (success) ---
I/ActivityManager(   69): Force stopping package com.rhomobile.timer uid=10034
W/PackageManager(   69): Code path for pkg : com.rhomobile.timer changing from /data/app/com.rhomobile.timer-1.apk to /data/app/com.rhomobile.timer-2.apk
W/PackageManager(   69): Resource path for pkg : com.rhomobile.timer changing from /data/app/com.rhomobile.timer-1.apk to /data/app/com.rhomobile.timer-2.apk
D/PackageManager(   69): Registered content provider: com.rhomobile.timer, className = com.rhomobile.rhodes.LocalFileProvider, isSyncable = false
D/PackageManager(   69):   Providers: com.rhomobile.rhodes.LocalFileProvider
D/PackageManager(   69):   Services: com.rhomobile.rhodes.RhodesService
D/PackageManager(   69):   Activities: com.rhomobile.rhodes.RhodesActivity com.rhomobile.rhodes.alert.PopupActivity com.rhomobile.rhodes.camera.FileList com.rhomobile.rhodes.camera.ImageCapture com.rhomobile.rhodes.signature.ImageCapture com.rhomobile.rhodes.datetime.DateTimePickerScreen com.rhomobile.rhodes.mapview.MapView com.rhomobile.rhodes.mapview.GoogleMapView com.rhomobile.rhodes.bluetooth.RhoBluetoothDeviceListActivity
I/installd(   34): move /data/dalvik-cache/data@app@com.rhomobile.timer-2.apk@classes.dex -> /data/dalvik-cache/data@app@com.rhomobile.timer-2.apk@classes.dex
D/PackageManager(   69): New package installed in /data/app/com.rhomobile.timer-2.apk
D/dalvikvm(   69): GC_CONCURRENT freed 1081K, 56% free 4587K/10375K, external 3125K/3903K, paused 7ms+12ms
I/ActivityManager(   69): Force stopping package com.rhomobile.timer uid=10034
D/dalvikvm(  216): GC_EXPLICIT freed 46K, 50% free 2892K/5767K, external 5918K/7338K, paused 62ms
D/dalvikvm(  232): GC_EXPLICIT freed 251K, 53% free 2768K/5767K, external 1625K/2137K, paused 60ms
W/RecognitionManagerService(   69): no available voice recognition services found
D/dalvikvm(   69): GC_EXPLICIT freed 535K, 60% free 4228K/10375K, external 3125K/3903K, paused 93ms
I/installd(   34): unlink /data/dalvik-cache/data@app@com.rhomobile.timer-1.apk@classes.dex
D/AndroidRuntime(  460): Shutting down VM
D/dalvikvm(  460): GC_CONCURRENT freed 100K, 72% free 293K/1024K, external 0K/0K, paused 2ms+2ms
D/jdwp    (  460): adbd disconnected
I/AndroidRuntime(  460): NOTE: attach of thread 'Binder Thread #3' failed
D/AndroidRuntime(  474): 
D/AndroidRuntime(  474): >>>>>> AndroidRuntime START com.android.internal.os.RuntimeInit <<<<<<
D/AndroidRuntime(  474): CheckJNI is ON
D/AndroidRuntime(  474): Calling main entry com.android.commands.am.Am
I/ActivityManager(   69): Starting: Intent { act=android.intent.action.MAIN flg=0x10000000 cmp=com.rhomobile.timer/com.rhomobile.rhodes.RhodesActivity } from pid 474
D/AndroidRuntime(  474): Shutting down VM
D/dalvikvm(  474): GC_CONCURRENT freed 100K, 69% free 318K/1024K, external 0K/0K, paused 2ms+1ms
I/ActivityManager(   69): Start proc com.rhomobile.timer for activity com.rhomobile.timer/com.rhomobile.rhodes.RhodesActivity: pid=483 uid=10034 gids={3003}
I/AndroidRuntime(  474): NOTE: attach of thread 'Binder Thread #3' failed
D/jdwp    (  474): adbd disconnected
D/dalvikvm(  483): Trying to load lib /data/data/com.rhomobile.timer/lib/librhodes.so 0x40513420
D/dalvikvm(  483): Added shared lib /data/data/com.rhomobile.timer/lib/librhodes.so 0x40513420
I/ActivityThread(  483): Pub com.rhomobile.timer: com.rhomobile.rhodes.LocalFileProvider
D/dalvikvm(  483): GC_EXTERNAL_ALLOC freed 77K, 52% free 2601K/5379K, external 1625K/2137K, paused 55ms
I/RhodesActivity(  483): >>>>>>>>>>>>>>> onCreate()
D/RhodesActivity(  483): RhodesActivity.onStart()
D/RhodesActivity(  483): RhodesActivity.onResume()
D/RhodesService(  483): Root path: /data/data/com.rhomobile.timer/rhodata/
D/RhodesService(  483): Sqlite journals path: /data/data/com.rhomobile.timer/sqlite_stmt_journals/
I/RhodesService(  483): Application hash was changed
W/ActivityManager(   69): No content provider found for: 
D/RhodesService(  483): Root path: /data/data/com.rhomobile.timer/rhodata/
D/RhodesService(  483): Sqlite journals path: /data/data/com.rhomobile.timer/sqlite_stmt_journals/
I/APP     (  483): I 06/24/2011 13:56:53:859 002a8060         AppCallbacks| Starting main routine...
I/APP     (  483): I 06/24/2011 13:56:53:882 002a8060         AppCallbacks| ThreadQueue blocked for 300 seconds...
I/APP     (  483): I 06/24/2011 13:56:53:848 afd4d440            RhodesApp| Trying to get free listening port.
I/APP     (  483): I 06/24/2011 13:56:53:893 afd4d440            RhodesApp| Trying to bind of 0 port...
I/APP     (  483): I 06/24/2011 13:56:53:896 afd4d440            RhodesApp| Got port to bind on: 43078
I/APP     (  483): I 06/24/2011 13:56:53:902 afd4d440            RhodesApp| Free listening port: 43078
I/APP     (  483): I 06/24/2011 13:56:54:020 afd4d440               Rhodes| Loading...
I/APP     (  483): I 06/24/2011 13:56:54:430 afd4d440            RhodesApp| callAppActiveCallback
I/APP     (  483): I 06/24/2011 13:56:54:432 afd4d440         AppCallbacks| addCommand: APP-ACTIVATED
I/APP     (  483): I 06/24/2011 13:56:54:460 002a8060         AppCallbacks| Received command APP-ACTIVATED which is greater than expected (LOCAL-SERVER-STARTED) - postpone it
I/APP     (  483): I 06/24/2011 13:56:54:462 002a8060         AppCallbacks| ThreadQueue blocked for 300 seconds...
I/APP     (  483): I 06/24/2011 13:56:54:468 afd4d440         AppActivated| Cannot commit now, application will be activated when started.
I/APP     (  483): I 06/24/2011 13:56:54:473 afd4d440            Undefined| Handlers have completed.
I/APP     (  483): I 06/24/2011 13:56:54:480 afd4d440    RhodesApplication| New AppState: Undefined
I/APP     (  483): I 06/24/2011 13:56:54:479 002e4a18            RhodesApp| Starting RhodesApp main routine...
I/APP     (  483): I 06/24/2011 13:56:54:506 afd4d440        RhodesService| handleCommand: startId=1, source=com.rhomobile.rhodes.BaseActivity
I/APP     (  483): I 06/24/2011 13:56:54:508 afd4d440        RhodesService| New activity was created
I/APP     (  483): I 06/24/2011 13:56:54:585 afd4d440         AppCallbacks| addCommand: UI-CREATED
I/APP     (  483): I 06/24/2011 13:56:54:597 002a8060         AppCallbacks| Received command UI-CREATED which is greater than expected (LOCAL-SERVER-STARTED) - postpone it
I/APP     (  483): I 06/24/2011 13:56:54:603 002a8060         AppCallbacks| ThreadQueue blocked for 300 seconds...
I/APP     (  483): I 06/24/2011 13:56:54:787 afd4d440       RhodesActivity| onServiceConnected: {com.rhomobile.timer/com.rhomobile.rhodes.RhodesService}
I/APP     (  483): I 06/24/2011 13:56:55:209 002e4a18              RhoRuby| Init_RhoBlobs: /data/data/com.rhomobile.timer/rhodata/db/db-files
I/APP     (  483): I 06/24/2011 13:56:55:305 002e4a18              RhoRuby| require_compiled: rhoframework
I/APP     (  483): I 06/24/2011 13:56:55:374 002e4a18              RhoRuby| require_compiled: rational
I/APP     (  483): I 06/24/2011 13:56:55:391 002e4a18              RhoRuby| require_compiled: rhom/rhom_db_adapter
I/APP     (  483): I 06/24/2011 13:56:55:482 002e4a18              RhoRuby| require_compiled: rhodes
I/APP     (  483): I 06/24/2011 13:56:55:490 002e4a18              RhoRuby| require_compiled: rhom/rhom_object
I/APP     (  483): I 06/24/2011 13:56:55:529 002e4a18              RhoRuby| require_compiled: rhofsconnector
I/APP     (  483): I 06/24/2011 13:56:55:533 002e4a18              RhoRuby| require_compiled: rho/rhofsconnector
I/APP     (  483): I 06/24/2011 13:56:55:554 002e4a18              RhoRuby| require_compiled: rhom/rhom_object_factory
D/szipinf (  483): Initializing inflate state
D/szipinf (  483): Initializing zlib to inflate
I/APP     (  483): I 06/24/2011 13:56:55:947 002e4a18              RhoRuby| require_compiled: rhom/rhom
I/APP     (  483): I 06/24/2011 13:56:55:997 002e4a18              RhoRuby| require_compiled: rhom/rhom_model
I/APP     (  483): I 06/24/2011 13:56:56:057 002e4a18              RhoRuby| require_compiled: rhom
I/APP     (  483): I 06/24/2011 13:56:56:060 002e4a18              RhoRuby| require_compiled: rho/rhoapplication
I/APP     (  483): I 06/24/2011 13:56:56:107 002e4a18              RhoRuby| require_compiled: rholang/localization_simplified
I/APP     (  483): I 06/24/2011 13:56:56:174 002e4a18                  APP| Current locale: en; Country code: us
I/APP     (  483): I 06/24/2011 13:56:56:175 002e4a18                  APP| file: /data/data/com.rhomobile.timer/rhodata/lib/rholang/lang_
I/APP     (  483): I 06/24/2011 13:56:56:178 002e4a18              RhoRuby| require_compiled: /data/data/com.rhomobile.timer/rhodata/lib/rholang/lang_en
I/APP     (  483): I 06/24/2011 13:56:56:209 002e4a18              RhoRuby| require_compiled: rho/rhomsg
I/APP     (  483): I 06/24/2011 13:56:56:214 002e4a18                  APP| Current locale: en; Country code: us
I/APP     (  483): I 06/24/2011 13:56:56:215 002e4a18                  APP| file: /data/data/com.rhomobile.timer/rhodata/lib/rholang/rhomsg_
I/APP     (  483): I 06/24/2011 13:56:56:218 002e4a18              RhoRuby| require_compiled: /data/data/com.rhomobile.timer/rhodata/lib/rholang/rhomsg_en
I/APP     (  483): I 06/24/2011 13:56:56:232 002e4a18              RhoRuby| require_compiled: rho/rhotabbar
I/APP     (  483): I 06/24/2011 13:56:56:247 002e4a18              RhoRuby| require_compiled: rho/rhotoolbar
I/APP     (  483): I 06/24/2011 13:56:56:261 002e4a18              RhoRuby| require_compiled: indifferent_access
I/APP     (  483): I 06/24/2011 13:56:56:299 002e4a18              RhoRuby| require_compiled: rho/rhosupport
I/APP     (  483): I 06/24/2011 13:56:56:366 002e4a18              RhoRuby| require_compiled: rho/rhocontroller
I/APP     (  483): I 06/24/2011 13:56:56:419 002e4a18              RhoRuby| require_compiled: rho/render
I/APP     (  483): I 06/24/2011 13:56:56:517 002e4a18              RhoRuby| require_compiled: rho/rho
D/szipinf (  483): Initializing inflate state
D/szipinf (  483): Initializing zlib to inflate
I/ActivityManager(   69): Displayed com.rhomobile.timer/com.rhomobile.rhodes.RhodesActivity: +5s59ms
I/APP     (  483): I 06/24/2011 13:56:57:435 002e4a18              RhoRuby| require_compiled: rho/rhoerror
I/APP     (  483): I 06/24/2011 13:56:57:445 002e4a18                  APP| Current locale: en; Country code: us
I/APP     (  483): I 06/24/2011 13:56:57:446 002e4a18                  APP| file: /data/data/com.rhomobile.timer/rhodata/lib/rholang/rhoerror_
I/APP     (  483): I 06/24/2011 13:56:57:449 002e4a18              RhoRuby| require_compiled: /data/data/com.rhomobile.timer/rhodata/lib/rholang/rhoerror_en
I/APP     (  483): I 06/24/2011 13:56:57:461 002e4a18              RhoRuby| require_compiled: rhom/rhom_source
I/APP     (  483): I 06/24/2011 13:56:57:492 002e4a18              RhoRuby| require_compiled: rho/rhoviewhelpers
I/APP     (  483): I 06/24/2011 13:56:57:518 002e4a18              RhoRuby| require_compiled: rho
I/APP     (  483): I 06/24/2011 13:56:57:521 002e4a18                  APP| RHO loaded
I/APP     (  483): I 06/24/2011 13:56:57:522 002e4a18                  APP| Calling RHO.initialize
I/APP     (  483): I 06/24/2011 13:56:57:528 002e4a18                  APP| model file: Alarms/alarms
I/APP     (  483): I 06/24/2011 13:56:57:532 002e4a18                   DB| Open DB: /data/data/com.rhomobile.timer/rhodata/db/syncdbuser.sqlite
I/APP     (  483): I 06/24/2011 13:56:57:568 002e4a18            RhodesApp| Starting sync engine...
I/APP     (  483): I 06/24/2011 13:56:57:569 002e4a18                 Sync| sync_poll_interval: 0
I/APP     (  483): I 06/24/2011 13:56:57:571 002e4a18                 Sync| syncserver: 
I/APP     (  483): I 06/24/2011 13:56:57:572 002e4a18                 Sync| bulksync_state: 0
I/APP     (  483): I 06/24/2011 13:56:57:574 002e4a18            RhodesApp| RhoRubyInitApp...
I/APP     (  483): I 06/24/2011 13:56:57:578 002e4a18                  APP| init_app
I/APP     (  483): I 06/24/2011 13:56:57:581 002e4a18              RhoRuby| require_compiled: application
I/APP     (  483): I 06/24/2011 13:56:57:589 002e4a18                  APP| Current locale: en; Country code: us
I/APP     (  483): I 06/24/2011 13:56:57:593 002e4a18                  APP| on_reinstall_config_update: {"LogToOutput"=>["0", "1"]}
I/APP     (  483): I 06/24/2011 13:56:57:602 002e4a18           HttpServer| Start HTTP server
I/APP     (  483): I 06/24/2011 13:56:57:605 002e4a18         AppCallbacks| addCommand: LOCAL-SERVER-STARTED
I/APP     (  483): I 06/24/2011 13:56:57:607 002a8060         AppCallbacks| process command: LOCAL-SERVER-STARTED
I/APP     (  483): I 06/24/2011 13:56:57:608 002a8060           AppStarted| Handlers have completed.
I/APP     (  483): I 06/24/2011 13:56:57:609 002a8060         AppActivated| Handlers have completed.
I/APP     (  483): I 06/24/2011 13:56:57:610 002a8060    RhodesApplication| New AppState: AppActivated
I/APP     (  483): I 06/24/2011 13:56:57:610 002a8060         AppCallbacks| process command: UI-CREATED
I/APP     (  483): I 06/24/2011 13:56:57:644 002e4a18           HttpServer| Process URI: '/system/uicreated'
I/APP     (  483): I 06/24/2011 13:56:57:646 002e4a18                  APP| on_ui_created.navigate to start url: '/app'
I/APP     (  483): I 06/24/2011 13:56:57:733 002a8060         AppCallbacks| process command: APP-ACTIVATED
D/dalvikvm(  483): GC_EXTERNAL_ALLOC freed 620K, 55% free 2694K/5959K, external 3232K/3528K, paused 54ms
D/webviewglue(  483): nativeDestroy view: 0x500ac0
I/APP     (  483): I 06/24/2011 13:56:57:818 002e4a18           HttpServer| Process URI: '/system/activateapp'
I/APP     (  483): I 06/24/2011 13:56:57:822 002a8060         AppCallbacks| ThreadQueue blocked for 300 seconds...
V/SimpleMainView(  483): ms[1308923817894] processForNativeView : [http://127.0.0.1:43078/app]
V/SimpleMainView.View(  483): ms[1308923817930]  Main Window :: onSizeChanged() old [ 480 x 762 ]  new [ 0 x 0 ]
I/APP     (  483): I 06/24/2011 13:56:58:209 002e4a18           HttpServer| Process URI: '/app'
I/APP     (  483): I 06/24/2011 13:56:58:385 002e4a18           HttpServer| Process URI: '/app/index_erb.iseq'
I/APP     (  483): I 06/24/2011 13:56:58:391 002e4a18                  APP| RHO serve_index: /app/index_erb.iseq
I/APP     (  483): I 06/24/2011 13:56:58:395 002e4a18 RHO Rho::RhoController| inst_render_index
I/APP     (  483): I 06/24/2011 13:56:58:416 002e4a18 RHO Rho::RhoController| index layout
I/APP     (  483): I 06/24/2011 13:56:58:675 002e4a18           HttpServer| Process URI: '/public/jqtouch/jquery.1.3.2.min.js'
D/dalvikvm(  483): GREF has increased to 201
I/APP     (  483): I 06/24/2011 13:56:58:776 002e4a18           HttpServer| Process URI: '/public/jqtouch/jqtouch.js'
I/APP     (  483): I 06/24/2011 13:56:58:889 002e4a18           HttpServer| Process URI: '/public/jqtouch/jqtouch.css'
I/APP     (  483): I 06/24/2011 13:56:58:939 002e4a18           HttpServer| Process URI: '/public/css/android.css'
I/APP     (  483): I 06/24/2011 13:57:00:750 002e4a18           HttpServer| Process URI: '/public/images/android/disclosure.png'
D/dalvikvm(  408): GC_EXPLICIT freed 324K, 55% free 2532K/5511K, external 1625K/2137K, paused 59ms
D/dalvikvm(  285): GC_EXPLICIT freed 12K, 55% free 2588K/5703K, external 1625K/2137K, paused 73ms
I/APP     (  483): I 06/24/2011 13:57:13:969 afd4d440      ChromeClientNew| ReferenceError: Can't find variable: $referrer -- From line 581 of http://127.0.0.1:43078/public/jqtouch/jqtouch.js
E/Web Console(  483): ReferenceError: Can't find variable: $referrer at http://127.0.0.1:43078/public/jqtouch/jqtouch.js:581
D/dalvikvm(  216): GC_EXPLICIT freed 13K, 50% free 2888K/5767K, external 5994K/7338K, paused 92ms
V/SimpleMainView(  483): ms[1308923839070] processForNativeView : [http://127.0.0.1:43078/app/Settings]
I/APP     (  483): I 06/24/2011 13:57:19:099 002e4a18           HttpServer| Process URI: '/app/Settings'
I/APP     (  483): I 06/24/2011 13:57:19:101 002e4a18                  APP| RHO serve: /app/Settings
I/APP     (  483): I 06/24/2011 13:57:19:111 002e4a18              RhoRuby| require_compiled: Settings/controller
I/APP     (  483): I 06/24/2011 13:57:19:152 002e4a18              RhoRuby| require_compiled: helpers/browser_helper
I/APP     (  483): I 06/24/2011 13:57:19:287 002e4a18 RHO SettingsController| Layout file: /data/data/com.rhomobile.timer/rhodata/apps/app/layout_erb.iseq. Content size: 1318
V/SimpleMainView(  483): ms[1308923846800] processForNativeView : [http://127.0.0.1:43078/app]
I/APP     (  483): I 06/24/2011 13:57:26:833 002e4a18           HttpServer| Process URI: '/app'
I/APP     (  483): I 06/24/2011 13:57:26:945 002e4a18           HttpServer| Process URI: '/app/index_erb.iseq'
I/APP     (  483): I 06/24/2011 13:57:26:949 002e4a18                  APP| RHO serve_index: /app/index_erb.iseq
I/APP     (  483): I 06/24/2011 13:57:26:954 002e4a18 RHO Rho::RhoController| inst_render_index
I/APP     (  483): I 06/24/2011 13:57:26:998 002e4a18 RHO Rho::RhoController| index layout
I/APP     (  483): I 06/24/2011 13:57:34:205 002e4a18           HttpServer| Process URI: '/app/Settings/login'
I/APP     (  483): I 06/24/2011 13:57:34:208 002e4a18                  APP| RHO serve: /app/Settings/login
W/KeyCharacterMap(  483): No keyboard for id 0
W/KeyCharacterMap(  483): Using default keymap: /system/usr/keychars/qwerty.kcm.bin
I/APP     (  483): I 06/24/2011 13:57:42:384 002e4a18           HttpServer| Process URI: '/app/Settings/do_login'
I/APP     (  483): I 06/24/2011 13:57:42:387 002e4a18                  APP| RHO serve: /app/Settings/do_login
I/APP     (  483): I 06/24/2011 13:57:42:392 002e4a18                  APP| Params: {"login"=>"a", "password"=>"a"}
I/APP     (  483): I 06/24/2011 13:57:42:393 002e4a18  SyncThread.cpp: 225| STOP sync
I/APP     (  483): I 06/24/2011 13:57:42:394 002e4a18                 Sync| addCommand: Login
I/ActivityManager(   69): Starting: Intent { act=android.intent.action.MAIN cat=[android.intent.category.HOME] flg=0x10200000 cmp=com.android.launcher/com.android.launcher2.Launcher } from pid 69
D/PhoneWindow(  483): couldn't save which view has focus because the focused view android.webkit.WebView@405d23a0 has no id.
I/APP     (  483): I 06/24/2011 13:57:53:429 afd4d440         AppActivated| Handlers have completed.
I/APP     (  483): I 06/24/2011 13:57:53:430 afd4d440    RhodesApplication| New UiState: MainActivityPaused
D/RhodesActivity(  483): RhodesActivity.onPause()
I/APP     (  483): I 06/24/2011 13:57:53:445 002e4a18           HttpServer| Process URI: '/system/uidestroyed'
I/APP     (  483): I 06/24/2011 13:57:54:277 afd4d440       AppDeactivated| Handlers have completed.
I/APP     (  483): I 06/24/2011 13:57:54:280 afd4d440    RhodesApplication| New AppState: AppDeactivated
I/APP     (  483): I 06/24/2011 13:57:54:284 afd4d440        RhodesService| activityStopped() temporary release wakeLock object
I/APP     (  483): I 06/24/2011 13:57:54:289 afd4d440            RhodesApp| callAppActiveCallback
I/APP     (  483): I 06/24/2011 13:57:54:293 afd4d440         AppCallbacks| addCommand: APP-DEACTIVATED
I/APP     (  483): I 06/24/2011 13:57:54:298 002a8060         AppCallbacks| process command: APP-DEACTIVATED
I/APP     (  483): I 06/24/2011 13:57:54:301 002a8060         AppCallbacks| ThreadQueue blocked for 300 seconds...
I/APP     (  483): I 06/24/2011 13:57:54:315 002e4a18           HttpServer| Process URI: '/system/deactivateapp'
D/RhodesActivity(  483): RhodesActivity.onStop()
W/KeyCharacterMap(  216): No keyboard for id 0
W/KeyCharacterMap(  216): Using default keymap: /system/usr/keychars/qwerty.kcm.bin
I/ActivityManager(   69): Starting: Intent { act=android.settings.SETTINGS flg=0x10200000 cmp=com.android.settings/.Settings } from pid 216
D/dalvikvm(   69): GREF has increased to 401
I/ActivityManager(   69): Displayed com.android.settings/.Settings: +1s508ms
I/ActivityManager(   69): Starting: Intent { act=android.intent.action.MAIN cmp=com.android.settings/.ApplicationSettings } from pid 200
I/ActivityManager(   69): Displayed com.android.settings/.ApplicationSettings: +797ms
I/ActivityManager(   69): Starting: Intent { act=android.intent.action.MAIN cmp=com.android.settings/.RunningServices } from pid 200
D/dalvikvm(  200): GC_EXTERNAL_ALLOC freed 161K, 50% free 2851K/5639K, external 2137K/2137K, paused 61ms
I/ActivityManager(   69): Displayed com.android.settings/.RunningServices: +1s207ms
D/SntpClient(   69): request time failed: java.net.SocketException: Address family not supported by protocol
D/dalvikvm(  200): GC_CONCURRENT freed 114K, 49% free 2997K/5767K, external 2369K/2715K, paused 5ms+6ms
D/dalvikvm(  200): GC_EXTERNAL_ALLOC freed 10K, 49% free 2986K/5767K, external 2369K/2715K, paused 56ms
D/dalvikvm(  483): GC_EXPLICIT freed 1006K, 56% free 2923K/6599K, external 3222K/3999K, paused 70ms
I/ActivityManager(   69): Starting: Intent { cmp=com.android.settings/.applications.RunningServiceDetails (has extras) } from pid 200
I/ActivityManager(   69): Displayed com.android.settings/.applications.RunningServiceDetails: +1s649ms
I/ActivityManager(   69): Starting: Intent { act=android.intent.action.MAIN cat=[android.intent.category.HOME] flg=0x10200000 cmp=com.android.launcher/com.android.launcher2.Launcher } from pid 69
D/dalvikvm(  200): GC_EXPLICIT freed 548K, 52% free 3041K/6215K, external 2392K/3630K, paused 59ms
D/dalvikvm(  294): GC_EXPLICIT freed 731K, 57% free 2553K/5895K, external 1625K/2137K, paused 69ms
D/EmailProvider(  337): Creating EmailProviderBody database
D/dalvikvm(   69): GC_CONCURRENT freed 986K, 60% free 4191K/10375K, external 3125K/3903K, paused 6ms+7ms
I/MediaProvider(  262): Upgrading media database from version 63 to 93, which will destroy all old data
D/EAS SyncManager(  337): !!! EAS SyncManager, onCreate
D/EAS SyncManager(  337): !!! EAS SyncManager, onStartCommand
D/EAS SyncManager(  337): !!! EAS SyncManager, stopping self
D/EAS SyncManager(  337): !!! EAS SyncManager, onDestroy
E/MetadataRetrieverClient(   33): failed to extract an album art
D/MediaScanner(  262):  prescan time: 1583ms
D/MediaScanner(  262):     scan time: 385ms
D/MediaScanner(  262): postscan time: 0ms
D/MediaScanner(  262):    total time: 1968ms
D/MediaScannerService(  262): done scanning volume internal
D/dalvikvm(  216): GC_EXPLICIT freed 59K, 50% free 2831K/5639K, external 4814K/5377K, paused 71ms
E/ThrottleService(   69): Error reading data file
I/InputReader(   69): Device reconfigured: id=0x0, name=qwerty2, display size is now 480x800
I/InputManager-Callbacks(   69): No virtual keys found for device qwerty2.
D/dalvikvm(  216): GC_EXTERNAL_ALLOC freed 9K, 50% free 2825K/5639K, external 5145K/5377K, paused 65ms
D/dalvikvm(  216): GC_EXTERNAL_ALLOC freed 12K, 50% free 2863K/5639K, external 5427K/6426K, paused 43ms
I/ActivityManager(   69): Starting: Intent { act=android.intent.action.MAIN cat=[android.intent.category.LAUNCHER] flg=0x10200000 cmp=com.android.development/.Development } from pid 216
I/ActivityManager(   69): Start proc com.android.development for activity com.android.development/.Development: pid=359 uid=10029 gids={3003}
D/installd(   34): DexInv: --- BEGIN '/system/app/Development.apk' ---
D/dalvikvm(  367): DexOpt: load 95ms, verify+opt 301ms
D/installd(   34): DexInv: --- END '/system/app/Development.apk' (success) ---
I/dalvikvm(   69): Jit: resizing JitTable from 512 to 1024
I/ARMAssembler(   69): generated scanline__00000177:03515104_00001002_00000000 [ 87 ipp] (110 ins) at [0x446f1678:0x446f1830] in 645193 ns
I/ActivityManager(   69): Displayed com.android.development/.Development: +2s278ms
D/dalvikvm(  216): GC_EXPLICIT freed 5K, 50% free 2863K/5639K, external 6409K/7952K, paused 54ms
D/dalvikvm(  359): GC_EXTERNAL_ALLOC freed 454K, 55% free 2614K/5703K, external 2120K/2137K, paused 67ms
D/dalvikvm(  359): GC_EXTERNAL_ALLOC freed 5K, 55% free 2610K/5703K, external 2742K/2750K, paused 58ms
W/KeyCharacterMap(  359): No keyboard for id 0
W/KeyCharacterMap(  359): Using default keymap: /system/usr/keychars/qwerty.kcm.bin
W/InputManagerService(   69): Starting input on non-focused client com.android.internal.view.IInputMethodClient$Stub$Proxy@40984b40 (uid=10029 pid=359)
W/IInputConnectionWrapper(  359): showStatusIcon on inactive InputConnection
I/ActivityManager(   69): Starting: Intent { act=android.intent.action.MAIN cat=[android.intent.category.LAUNCHER] flg=0x10200000 cmp=com.example.android.apis/.ApiDemos } from pid 216
I/ActivityManager(   69): Start proc com.example.android.apis for activity com.example.android.apis/.ApiDemos: pid=368 uid=10033 gids={3003, 1015, 1006}
D/installd(   34): DexInv: --- BEGIN '/data/app/ApiDemos.apk' ---
D/dalvikvm(  376): DexOpt: load 226ms, verify+opt 784ms
D/installd(   34): DexInv: --- END '/data/app/ApiDemos.apk' (success) ---
I/ActivityThread(  368): Pub com.example.android.apis.SuggestionProvider: com.example.android.apis.app.SearchSuggestionSampleProvider
I/ActivityManager(   69): Displayed com.example.android.apis/.ApiDemos: +3s466ms
D/dalvikvm(  368): GC_EXTERNAL_ALLOC freed 572K, 55% free 2674K/5895K, external 2100K/2137K, paused 68ms
I/ActivityManager(   69): Starting: Intent { cmp=com.example.android.apis/.ApiDemos (has extras) } from pid 368
D/dalvikvm(  368): GC_EXTERNAL_ALLOC freed 379K, 54% free 2716K/5895K, external 2722K/2725K, paused 43ms
I/ActivityManager(   69): Displayed com.example.android.apis/.ApiDemos: +1s1ms
D/dalvikvm(  368): GC_EXTERNAL_ALLOC freed 7K, 54% free 2736K/5895K, external 3017K/3083K, paused 58ms
I/ActivityManager(   69): Starting: Intent { cmp=com.example.android.apis/.ApiDemos (has extras) } from pid 368
I/ActivityManager(   69): Displayed com.example.android.apis/.ApiDemos: +937ms
D/dalvikvm(  368): GC_EXTERNAL_ALLOC freed 386K, 53% free 2776K/5895K, external 3287K/3308K, paused 52ms
I/ActivityManager(   69): Starting: Intent { cmp=com.example.android.apis/.graphics.TriangleActivity } from pid 368
D/libEGL  (  368): egl.cfg not found, using default config
D/libEGL  (  368): loaded /system/lib/egl/libGLES_android.so
I/ActivityManager(   69): Displayed com.example.android.apis/.graphics.TriangleActivity: +450ms
I/ARMAssembler(  368): generated scanline__00000077:03010144_00009504_00000000 [108 ipp] (150 ins) at [0x441091e8:0x44109440] in 2954955 ns
W/KeyCharacterMap(  368): No keyboard for id 0
W/KeyCharacterMap(  368): Using default keymap: /system/usr/keychars/qwerty.kcm.bin
I/ActivityManager(   69): Starting: Intent { cmp=com.example.android.apis/.graphics.kube.Kube } from pid 368
I/ARMAssembler(  368): generated scanline__00000097:03010104_00000000_00000000 [ 12 ipp] (43 ins) at [0x44109448:0x441094f4] in 1154574 ns
I/ActivityManager(   69): Displayed com.example.android.apis/.graphics.kube.Kube: +560ms
D/dalvikvm(  368): GC_CONCURRENT freed 1207K, 58% free 2853K/6727K, external 2837K/3533K, paused 5ms+11ms
W/KeyCharacterMap(  368): No keyboard for id 0
W/KeyCharacterMap(  368): Using default keymap: /system/usr/keychars/qwerty.kcm.bin
I/ActivityManager(   69): Starting: Intent { cmp=com.example.android.apis/.graphics.spritetext.SpriteTextActivity } from pid 368
I/ActivityManager(   69): Displayed com.example.android.apis/.graphics.spritetext.SpriteTextActivity: +491ms
I/ARMAssembler(  368): generated scanline__00000097:03010144_00009504_00000000 [119 ipp] (194 ins) at [0x441094f8:0x44109800] in 2320232 ns
I/ARMAssembler(  368): generated scanline__00000097:03545404_00001A07_00000000 [ 57 ipp] (96 ins) at [0x44109808:0x44109988] in 601154 ns
I/ARMAssembler(  368): generated scanline__00000097:03010104_00009504_00000000 [108 ipp] (149 ins) at [0x44109990:0x44109be4] in 652892 ns
D/SntpClient(   69): request time failed: java.net.SocketException: Address family not supported by protocol
I/dalvikvm(  368): Jit: resizing JitTable from 512 to 1024
I/ActivityManager(   69): Starting: Intent { cmp=com.example.android.apis/.graphics.GLES20Activity } from pid 368
I/ActivityManager(   69): Displayed com.example.android.apis/.graphics.GLES20Activity: +456ms
W/IInputConnectionWrapper(  368): showStatusIcon on inactive InputConnection
W/KeyCharacterMap(  216): No keyboard for id 0
W/KeyCharacterMap(  216): Using default keymap: /system/usr/keychars/qwerty.kcm.bin
D/dalvikvm(  368): GC_EXPLICIT freed 857K, 59% free 2793K/6727K, external 2721K/3398K, paused 56ms
D/AndroidRuntime(  387): 
D/AndroidRuntime(  387): >>>>>> AndroidRuntime START com.android.internal.os.RuntimeInit <<<<<<
D/AndroidRuntime(  387): CheckJNI is ON
D/AndroidRuntime(  387): Calling main entry com.android.commands.pm.Pm
I/ActivityManager(   69): Start proc com.android.defcontainer for service com.android.defcontainer/.DefaultContainerService: pid=395 uid=10003 gids={1015, 2001}
D/installd(   34): DexInv: --- BEGIN '/system/app/DefaultContainerService.apk' ---
D/dalvikvm(  403): DexOpt: load 26ms, verify+opt 51ms
D/installd(   34): DexInv: --- END '/system/app/DefaultContainerService.apk' (success) ---
D/dalvikvm(  395): GC_EXPLICIT freed 296K, 54% free 2562K/5511K, external 1625K/2137K, paused 55ms
W/ActivityManager(   69): No content provider found for: 
W/ActivityManager(   69): No content provider found for: 
D/PackageParser(   69): Scanning package: /data/app/vmdl-1515601028.tmp
D/dalvikvm(   69): GC_CONCURRENT freed 941K, 59% free 4331K/10375K, external 3125K/3903K, paused 7ms+7ms
I/dalvikvm(   69): Jit: resizing JitTable from 1024 to 2048
D/dalvikvm(   69): GC_CONCURRENT freed 1021K, 58% free 4450K/10375K, external 3125K/3903K, paused 7ms+6ms
D/PackageManager(   69): Scanning package com.rhomobile.timer
I/PackageManager(   69): Unpacking native libraries for /data/app/com.rhomobile.timer-1.apk
D/installd(   34): DexInv: --- BEGIN '/data/app/com.rhomobile.timer-1.apk' ---
D/dalvikvm(  407): DexOpt: load 101ms, verify+opt 485ms
D/installd(   34): DexInv: --- END '/data/app/com.rhomobile.timer-1.apk' (success) ---
D/PackageManager(   69): Registered content provider: com.rhomobile.timer, className = com.rhomobile.rhodes.LocalFileProvider, isSyncable = false
D/PackageManager(   69):   Providers: com.rhomobile.rhodes.LocalFileProvider
D/PackageManager(   69):   Services: com.rhomobile.rhodes.RhodesService
D/PackageManager(   69):   Activities: com.rhomobile.rhodes.RhodesActivity com.rhomobile.rhodes.alert.PopupActivity com.rhomobile.rhodes.camera.FileList com.rhomobile.rhodes.camera.ImageCapture com.rhomobile.rhodes.signature.ImageCapture com.rhomobile.rhodes.datetime.DateTimePickerScreen com.rhomobile.rhodes.mapview.MapView com.rhomobile.rhodes.mapview.GoogleMapView com.rhomobile.rhodes.bluetooth.RhoBluetoothDeviceListActivity
I/ActivityManager(   69): Force stopping package com.rhomobile.timer uid=10034
D/dalvikvm(   69): GC_CONCURRENT freed 1068K, 57% free 4524K/10375K, external 3125K/3903K, paused 7ms+11ms
I/installd(   34): move /data/dalvik-cache/data@app@com.rhomobile.timer-1.apk@classes.dex -> /data/dalvik-cache/data@app@com.rhomobile.timer-1.apk@classes.dex
D/PackageManager(   69): New package installed in /data/app/com.rhomobile.timer-1.apk
I/ActivityManager(   69): Start proc com.svox.pico for broadcast com.svox.pico/.VoiceDataInstallerReceiver: pid=408 uid=10009 gids={}
W/RecognitionManagerService(   69): no available voice recognition services found
D/dalvikvm(   32): GC_EXPLICIT freed 11K, 53% free 2531K/5379K, external 1625K/2137K, paused 188ms
D/dalvikvm(   32): GC_EXPLICIT freed <1K, 53% free 2531K/5379K, external 1625K/2137K, paused 126ms
D/dalvikvm(   32): GC_EXPLICIT freed <1K, 53% free 2531K/5379K, external 1625K/2137K, paused 89ms
D/installd(   34): DexInv: --- BEGIN '/system/app/PicoTts.apk' ---
D/dalvikvm(  417): DexOpt: load 42ms, verify+opt 34ms
D/installd(   34): DexInv: --- END '/system/app/PicoTts.apk' (success) ---
I/ActivityThread(  408): Pub com.svox.pico.providers.SettingsProvider: com.svox.pico.providers.SettingsProvider
D/dalvikvm(   69): GC_EXPLICIT freed 626K, 60% free 4203K/10375K, external 3125K/3903K, paused 97ms
D/AndroidRuntime(  387): Shutting down VM
D/dalvikvm(  387): GC_CONCURRENT freed 100K, 72% free 293K/1024K, external 0K/0K, paused 1ms+1ms
D/jdwp    (  387): adbd disconnected
I/AndroidRuntime(  387): NOTE: attach of thread 'Binder Thread #3' failed
D/AndroidRuntime(  422): 
D/AndroidRuntime(  422): >>>>>> AndroidRuntime START com.android.internal.os.RuntimeInit <<<<<<
D/AndroidRuntime(  422): CheckJNI is ON
D/AndroidRuntime(  422): Calling main entry com.android.commands.am.Am
I/ActivityManager(   69): Starting: Intent { act=android.intent.action.MAIN flg=0x10000000 cmp=com.rhomobile.timer/com.rhomobile.rhodes.RhodesActivity } from pid 422
D/AndroidRuntime(  422): Shutting down VM
I/ActivityManager(   69): Start proc com.rhomobile.timer for activity com.rhomobile.timer/com.rhomobile.rhodes.RhodesActivity: pid=430 uid=10034 gids={3003}
I/Launcher(  216): setLoadOnResume
D/dalvikvm(  422): GC_CONCURRENT freed 100K, 69% free 318K/1024K, external 0K/0K, paused 1ms+2ms
D/jdwp    (  422): adbd disconnected
I/AndroidRuntime(  422): NOTE: attach of thread 'Binder Thread #3' failed
D/dalvikvm(  430): Trying to load lib /data/data/com.rhomobile.timer/lib/librhodes.so 0x40512fb8
D/dalvikvm(  430): Added shared lib /data/data/com.rhomobile.timer/lib/librhodes.so 0x40512fb8
I/ActivityThread(  430): Pub com.rhomobile.timer: com.rhomobile.rhodes.LocalFileProvider
D/dalvikvm(  430): GC_EXTERNAL_ALLOC freed 75K, 52% free 2599K/5379K, external 1625K/2137K, paused 94ms
I/RhodesActivity(  430): >>>>>>>>>>>>>>> onCreate()
D/RhodesActivity(  430): RhodesActivity.onStart()
D/RhodesActivity(  430): RhodesActivity.onResume()
D/RhodesService(  430): Root path: /data/data/com.rhomobile.timer/rhodata/
D/RhodesService(  430): Sqlite journals path: /data/data/com.rhomobile.timer/sqlite_stmt_journals/
I/RhodesService(  430): Application hash was changed
W/ActivityManager(   69): No content provider found for: 
D/RhodesService(  430): Root path: /data/data/com.rhomobile.timer/rhodata/
D/RhodesService(  430): Sqlite journals path: /data/data/com.rhomobile.timer/sqlite_stmt_journals/
I/APP     (  430): I 06/24/2011 13:26:10:423 002a5368         AppCallbacks| Starting main routine...
I/APP     (  430): I 06/24/2011 13:26:10:441 002a5368         AppCallbacks| ThreadQueue blocked for 300 seconds...
I/APP     (  430): I 06/24/2011 13:26:10:415 afd4d440            RhodesApp| Trying to get free listening port.
I/APP     (  430): I 06/24/2011 13:26:10:449 afd4d440            RhodesApp| Trying to bind of 0 port...
I/APP     (  430): I 06/24/2011 13:26:10:451 afd4d440            RhodesApp| Got port to bind on: 34708
I/APP     (  430): I 06/24/2011 13:26:10:454 afd4d440            RhodesApp| Free listening port: 34708
I/APP     (  430): I 06/24/2011 13:26:10:504 afd4d440               Rhodes| Loading...
I/APP     (  430): I 06/24/2011 13:26:10:845 afd4d440            RhodesApp| callAppActiveCallback
I/APP     (  430): I 06/24/2011 13:26:10:846 afd4d440         AppCallbacks| addCommand: APP-ACTIVATED
I/APP     (  430): I 06/24/2011 13:26:10:850 002a5368         AppCallbacks| Received command APP-ACTIVATED which is greater than expected (LOCAL-SERVER-STARTED) - postpone it
I/APP     (  430): I 06/24/2011 13:26:10:851 002a5368         AppCallbacks| ThreadQueue blocked for 300 seconds...
I/APP     (  430): I 06/24/2011 13:26:10:855 afd4d440         AppActivated| Cannot commit now, application will be activated when started.
I/APP     (  430): I 06/24/2011 13:26:10:857 afd4d440            Undefined| Handlers have completed.
I/APP     (  430): I 06/24/2011 13:26:10:859 afd4d440    RhodesApplication| New AppState: Undefined
I/APP     (  430): I 06/24/2011 13:26:10:866 afd4d440        RhodesService| handleCommand: startId=1, source=com.rhomobile.rhodes.BaseActivity
I/APP     (  430): I 06/24/2011 13:26:10:869 afd4d440        RhodesService| New activity was created
I/APP     (  430): I 06/24/2011 13:26:10:900 afd4d440         AppCallbacks| addCommand: UI-CREATED
I/APP     (  430): I 06/24/2011 13:26:10:902 002d6658            RhodesApp| Starting RhodesApp main routine...
I/APP     (  430): I 06/24/2011 13:26:10:928 002a5368         AppCallbacks| Received command UI-CREATED which is greater than expected (LOCAL-SERVER-STARTED) - postpone it
I/APP     (  430): I 06/24/2011 13:26:10:928 002a5368         AppCallbacks| ThreadQueue blocked for 300 seconds...
