W/Zygote  (   33): Preloaded drawable resource #0x108049f (res/drawable-mdpi/spinner_select.9.png) that varies with configuration!!
D/dalvikvm(   33): GC_EXPLICIT freed 14K, 2% free 5660K/5763K, paused 2ms+5ms
W/Zygote  (   33): Preloaded drawable resource #0x10800c0 (res/drawable/btn_cab_done.xml) that varies with configuration!!
D/dalvikvm(   33): GC_EXPLICIT freed 2K, 2% free 5743K/5827K, paused 3ms+2ms
W/Zygote  (   33): Preloaded drawable resource #0x10800c2 (res/drawable-mdpi/btn_cab_done_focused_holo.9.png) that varies with configuration!!
W/Zygote  (   33): Preloaded drawable resource #0x10800c3 (res/drawable-mdpi/btn_cab_done_holo.9.png) that varies with configuration!!
W/Zygote  (   33): Preloaded drawable resource #0x10800c4 (res/drawable-mdpi/btn_cab_done_pressed_holo.9.png) that varies with configuration!!
W/Zygote  (   33): Preloaded drawable resource #0x10801fb (res/drawable-mdpi/cab_background_light.9.png) that varies with configuration!!
D/dalvikvm(   33): GC_EXPLICIT freed 4K, 2% free 5799K/5891K, paused 2ms+2ms
W/Zygote  (   33): Preloaded drawable resource #0x1080202 (res/drawable-mdpi/cab_ic_close_focused_holo.png) that varies with configuration!!
W/Zygote  (   33): Preloaded drawable resource #0x1080203 (res/drawable/cab_ic_close_holo.xml) that varies with configuration!!
W/Zygote  (   33): Preloaded drawable resource #0x1080204 (res/drawable-mdpi/cab_ic_close_normal_holo.png) that varies with configuration!!
W/Zygote  (   33): Preloaded drawable resource #0x1080205 (res/drawable-mdpi/cab_ic_close_pressed_holo.png) that varies with configuration!!
W/Zygote  (   33): Preloaded drawable resource #0x10802a6 (res/drawable-mdpi/ic_cab_close_holo.png) that varies with configuration!!
W/Zygote  (   33): Preloaded drawable resource #0x1080038 (res/drawable-mdpi/ic_menu_close_clear_cancel.png) that varies with configuration!!
W/Zygote  (   33): Preloaded drawable resource #0x10802df (res/drawable-mdpi/ic_menu_copy_holo_dark.png) that varies with configuration!!
W/Zygote  (   33): Preloaded drawable resource #0x10802e0 (res/drawable-mdpi/ic_menu_copy_holo_light.png) that varies with configuration!!
W/Zygote  (   33): Preloaded drawable resource #0x10802e1 (res/drawable-mdpi/ic_menu_cut_holo_dark.png) that varies with configuration!!
W/Zygote  (   33): Preloaded drawable resource #0x10802e2 (res/drawable-mdpi/ic_menu_cut_holo_light.png) that varies with configuration!!
D/dalvikvm(   33): GC_EXPLICIT freed 11K, 1% free 5842K/5891K, paused 3ms+2ms
W/Zygote  (   33): Preloaded drawable resource #0x1080045 (res/drawable-mdpi/ic_menu_more.png) that varies with configuration!!
W/Zygote  (   33): Preloaded drawable resource #0x10802f2 (res/drawable/ic_menu_moreoverflow_holo_dark.xml) that varies with configuration!!
W/Zygote  (   33): Preloaded drawable resource #0x10802f3 (res/drawable/ic_menu_moreoverflow_holo_light.xml) that varies with configuration!!
W/Zygote  (   33): Preloaded drawable resource #0x10802f7 (res/drawable-mdpi/ic_menu_paste_holo_dark.png) that varies with configuration!!
W/Zygote  (   33): Preloaded drawable resource #0x10802f8 (res/drawable-mdpi/ic_menu_paste_holo_light.png) that varies with configuration!!
W/Zygote  (   33): Preloaded drawable resource #0x1080217 (res/drawable-mdpi/dialog_bottom_holo_dark.9.png) that varies with configuration!!
D/dalvikvm(   33): GC_EXPLICIT freed 8K, 1% free 5907K/5955K, paused 2ms+4ms
W/Zygote  (   33): Preloaded drawable resource #0x1080218 (res/drawable-mdpi/dialog_bottom_holo_light.9.png) that varies with configuration!!
W/Zygote  (   33): Preloaded drawable resource #0x108021c (res/drawable-mdpi/dialog_full_holo_dark.9.png) that varies with configuration!!
D/dalvikvm(   33): GC_EXPLICIT freed 3K, 2% free 5982K/6083K, paused 3ms+2ms
W/Zygote  (   33): Preloaded drawable resource #0x108021d (res/drawable-mdpi/dialog_full_holo_light.9.png) that varies with configuration!!
W/Zygote  (   33): Preloaded drawable resource #0x1080225 (res/drawable-mdpi/dialog_middle_holo_dark.9.png) that varies with configuration!!
D/dalvikvm(   33): GC_EXPLICIT freed 2K, 1% free 6031K/6083K, paused 3ms+5ms
W/Zygote  (   33): Preloaded drawable resource #0x1080226 (res/drawable-mdpi/dialog_middle_holo_light.9.png) that varies with configuration!!
W/Zygote  (   33): Preloaded drawable resource #0x1080227 (res/drawable-mdpi/dialog_top_holo_dark.9.png) that varies with configuration!!
W/Zygote  (   33): Preloaded drawable resource #0x1080228 (res/drawable-mdpi/dialog_top_holo_light.9.png) that varies with configuration!!
D/dalvikvm(   33): GC_EXPLICIT freed 3K, 2% free 6116K/6211K, paused 4ms+2ms
W/Zygote  (   33): Preloaded drawable resource #0x1080027 (res/drawable-mdpi/ic_dialog_alert.png) that varies with configuration!!
W/Zygote  (   33): Preloaded drawable resource #0x10802b3 (res/drawable-mdpi/ic_dialog_alert_holo_dark.png) that varies with configuration!!
W/Zygote  (   33): Preloaded drawable resource #0x10802b4 (res/drawable-mdpi/ic_dialog_alert_holo_light.png) that varies with configuration!!
W/Zygote  (   33): Preloaded drawable resource #0x1080367 (res/drawable-mdpi/list_divider_holo_dark.9.png) that varies with configuration!!
W/Zygote  (   33): Preloaded drawable resource #0x1080368 (res/drawable-mdpi/list_divider_holo_light.9.png) that varies with configuration!!
W/Zygote  (   33): Preloaded drawable resource #0x108031e (res/drawable-mdpi/indicator_code_lock_drag_direction_green_up.png) that varies with configuration!!
W/Zygote  (   33): Preloaded drawable resource #0x108031f (res/drawable-mdpi/indicator_code_lock_drag_direction_red_up.png) that varies with configuration!!
W/Zygote  (   33): Preloaded drawable resource #0x1080320 (res/drawable-mdpi/indicator_code_lock_point_area_default.png) that varies with configuration!!
D/dalvikvm(   33): GC_EXPLICIT freed 9K, 1% free 6163K/6211K, paused 3ms+2ms
W/Zygote  (   33): Preloaded drawable resource #0x1080321 (res/drawable-mdpi/indicator_code_lock_point_area_green.png) that varies with configuration!!
W/Zygote  (   33): Preloaded drawable resource #0x1080322 (res/drawable-mdpi/indicator_code_lock_point_area_red.png) that varies with configuration!!
I/Zygote  (   33): ...preloaded 247 resources in 5234ms.
D/dalvikvm(   33): GC_EXPLICIT freed 10K, 1% free 6214K/6275K, paused 2ms+2ms
I/Zygote  (   33): ...preloaded 31 resources in 117ms.
D/dalvikvm(   33): GC_EXPLICIT freed 8K, 1% free 6227K/6275K, paused 3ms+2ms
D/dalvikvm(   33): GC_EXPLICIT freed 7K, 1% free 6220K/6275K, paused 6ms+4ms
D/dalvikvm(   33): GC_EXPLICIT freed <1K, 1% free 6220K/6275K, paused 5ms+3ms
I/dalvikvm(   33): System server process 97 has been created
I/Zygote  (   33): Accepting command socket connections
E/BatteryService(   97): usbOnlinePath not found
E/BatteryService(   97): batteryVoltagePath not found
E/BatteryService(   97): batteryTemperaturePath not found
I/sysproc (   97): Entered system_init()
I/sysproc (   97): ServiceManager: 0xce608
D/SensorService(   97): nuSensorService starting...
I/SensorService(   97): Goldfish 3-axis Accelerometer
I/SensorService(   97): Goldfish Proximity sensor
I/sysproc (   97): System server: starting Android runtime.
I/sysproc (   97): System server: starting Android services.
I/SystemServer(   97): Entered the Android system server!
D/SensorService(   97): nuSensorService thread starting...
I/sysproc (   97): System server: entering thread pool.
I/SystemServer(   97): Entropy Service
W/EntropyService(   97): unable to load initial entropy (first boot?)
W/EntropyService(   97): java.io.FileNotFoundException: /data/system/entropy.dat (No such file or directory)
W/EntropyService(   97): 	at org.apache.harmony.luni.platform.OSFileSystem.open(Native Method)
W/EntropyService(   97): 	at dalvik.system.BlockGuard$WrappedFileSystem.open(BlockGuard.java:239)
W/EntropyService(   97): 	at java.io.FileInputStream.<init>(FileInputStream.java:88)
W/EntropyService(   97): 	at java.io.FileInputStream.<init>(FileInputStream.java:122)
W/EntropyService(   97): 	at com.android.server.RandomBlock.fromFile(RandomBlock.java:45)
W/EntropyService(   97): 	at com.android.server.EntropyService.loadInitialEntropy(EntropyService.java:99)
W/EntropyService(   97): 	at com.android.server.EntropyService.<init>(EntropyService.java:86)
W/EntropyService(   97): 	at com.android.server.EntropyService.<init>(EntropyService.java:76)
W/EntropyService(   97): 	at com.android.server.ServerThread.run(SystemServer.java:137)
I/SystemServer(   97): Power Manager
I/SystemServer(   97): Activity Manager
I/ActivityManager(   97): Memory class: 48
I/ActivityManager(   97): Enabled StrictMode logging for AThread's Looper
I/SystemServer(   97): Telephony Registry
I/SystemServer(   97): Package Manager
I/Installer(   97): connecting...
I/installd(   35): new connection
I/PackageManager(   97): No settings file; creating initial state
W/PackageManager(   97): Running ENG build: no pre-dexopt!
D/installd(   35): DexInv: --- BEGIN '/system/framework/android.test.runner.jar' ---
D/dalvikvm(  111): DexOpt: load 71ms, verify+opt 544ms
D/installd(   35): DexInv: --- END '/system/framework/android.test.runner.jar' (success) ---
D/installd(   35): DexInv: --- BEGIN '/system/framework/com.android.location.provider.jar' ---
D/dalvikvm(  114): DexOpt: load 24ms, verify+opt 23ms
D/installd(   35): DexInv: --- END '/system/framework/com.android.location.provider.jar' (success) ---
D/installd(   35): DexInv: --- BEGIN '/system/framework/javax.obex.jar' ---
D/dalvikvm(  115): DexOpt: load 10ms, verify+opt 99ms
D/installd(   35): DexInv: --- END '/system/framework/javax.obex.jar' (success) ---
D/installd(   35): DexInv: --- BEGIN '/system/framework/monkey.jar' ---
D/dalvikvm(  116): DexOpt: load 26ms, verify+opt 181ms
D/installd(   35): DexInv: --- END '/system/framework/monkey.jar' (success) ---
D/installd(   35): DexInv: --- BEGIN '/system/framework/sqlite-jdbc.jar' ---
D/dalvikvm(  117): DexOpt: load 43ms, verify+opt 210ms
D/installd(   35): DexInv: --- END '/system/framework/sqlite-jdbc.jar' (success) ---
D/installd(   35): DexInv: --- BEGIN '/system/framework/pm.jar' ---
D/dalvikvm(  120): DexOpt: load 16ms, verify+opt 92ms
D/installd(   35): DexInv: --- END '/system/framework/pm.jar' (success) ---
D/installd(   35): DexInv: --- BEGIN '/system/framework/bmgr.jar' ---
D/dalvikvm(  121): DexOpt: load 14ms, verify+opt 30ms
D/installd(   35): DexInv: --- END '/system/framework/bmgr.jar' (success) ---
D/installd(   35): DexInv: --- BEGIN '/system/framework/ime.jar' ---
D/dalvikvm(  122): DexOpt: load 5ms, verify+opt 31ms
D/installd(   35): DexInv: --- END '/system/framework/ime.jar' (success) ---
D/installd(   35): DexInv: --- BEGIN '/system/framework/am.jar' ---
D/dalvikvm(  123): DexOpt: load 18ms, verify+opt 80ms
D/installd(   35): DexInv: --- END '/system/framework/am.jar' (success) ---
D/installd(   35): DexInv: --- BEGIN '/system/framework/input.jar' ---
D/dalvikvm(  124): DexOpt: load 5ms, verify+opt 35ms
D/installd(   35): DexInv: --- END '/system/framework/input.jar' (success) ---
D/installd(   35): DexInv: --- BEGIN '/system/framework/svc.jar' ---
D/dalvikvm(  125): DexOpt: load 6ms, verify+opt 36ms
D/installd(   35): DexInv: --- END '/system/framework/svc.jar' (success) ---
I/PackageManager(   97): /system/framework/framework-res.apk changed; collecting certs
D/dalvikvm(   97): GC_CONCURRENT freed 164K, 4% free 6506K/6727K, paused 5ms+3ms
D/dalvikvm(   97): GC_CONCURRENT freed 213K, 4% free 6858K/7111K, paused 4ms+4ms
D/dalvikvm(   97): GC_CONCURRENT freed 168K, 4% free 7197K/7431K, paused 3ms+3ms
D/dalvikvm(   97): GC_CONCURRENT freed 288K, 5% free 7450K/7815K, paused 4ms+2ms
D/dalvikvm(   97): GC_CONCURRENT freed 253K, 6% free 7640K/8071K, paused 4ms+26ms
D/dalvikvm(   97): GC_FOR_ALLOC freed 62K, 7% free 7578K/8071K, paused 146ms
I/dalvikvm-heap(   97): Grow heap (frag case) to 7.699MB for 260112-byte allocation
D/dalvikvm(   97): GC_FOR_ALLOC freed 126K, 8% free 7706K/8327K, paused 156ms
I/dalvikvm-heap(   97): Grow heap (frag case) to 8.073MB for 521486-byte allocation
D/dalvikvm(   97): GC_CONCURRENT freed 0K, 8% free 8215K/8839K, paused 8ms+6ms
D/dalvikvm(   97): GC_FOR_ALLOC freed 254K, 10% free 7961K/8839K, paused 73ms
D/dalvikvm(   97): GC_CONCURRENT freed 567K, 11% free 7892K/8839K, paused 4ms+2ms
D/dalvikvm(   97): GC_FOR_ALLOC freed 188K, 9% free 8084K/8839K, paused 65ms
I/dalvikvm-heap(   97): Grow heap (frag case) to 8.443MB for 522044-byte allocation
D/dalvikvm(   97): GC_CONCURRENT freed 0K, 9% free 8594K/9351K, paused 4ms+2ms
D/dalvikvm(   97): GC_FOR_ALLOC freed 254K, 11% free 8340K/9351K, paused 67ms
D/dalvikvm(   97): GC_CONCURRENT freed 519K, 12% free 8313K/9351K, paused 3ms+3ms
D/dalvikvm(   97): GC_FOR_ALLOC freed 232K, 10% free 8461K/9351K, paused 65ms
I/dalvikvm-heap(   97): Grow heap (frag case) to 8.811MB for 522044-byte allocation
D/dalvikvm(   97): GC_CONCURRENT freed 0K, 10% free 8971K/9863K, paused 11ms+31ms
D/dalvikvm(   97): GC_CONCURRENT freed 793K, 11% free 8864K/9863K, paused 4ms+5ms
D/dalvikvm(   97): GC_CONCURRENT freed 57K, 4% free 9513K/9863K, paused 4ms+5ms
D/dalvikvm(   97): GC_CONCURRENT freed 82K, 2% free 10304K/10439K, paused 4ms+5ms
D/dalvikvm(   97): GC_FOR_ALLOC freed 501K, 6% free 10583K/11143K, paused 106ms
D/dalvikvm(   97): GC_CONCURRENT freed 454K, 5% free 11276K/11783K, paused 5ms+8ms
D/dalvikvm(   97): GC_CONCURRENT freed 125K, 2% free 12437K/12615K, paused 4ms+5ms
I/PackageManager(   97): /system/app/ContactsProvider.apk changed; collecting certs
I/PackageManager(   97): New shared user android.uid.shared: id=10000
I/PackageManager(   97): /system/app/UserDictionaryProvider.apk changed; collecting certs
I/PackageManager(   97): /system/app/DefaultContainerService.apk changed; collecting certs
I/PackageManager(   97): /system/app/OpenWnn.apk changed; collecting certs
D/dalvikvm(   97): GC_CONCURRENT freed 1796K, 12% free 12473K/14087K, paused 4ms+79ms
I/PackageManager(   97): /system/app/SpareParts.apk changed; collecting certs
I/PackageManager(   97): /system/app/Email.apk changed; collecting certs
D/dalvikvm(   97): GC_CONCURRENT freed 6304K, 46% free 7767K/14151K, paused 5ms+19ms
I/PackageManager(   97): /system/app/Mms.apk changed; collecting certs
D/dalvikvm(   97): GC_CONCURRENT freed 906K, 48% free 7373K/14151K, paused 4ms+18ms
I/PackageManager(   97): /system/app/PicoTts.apk changed; collecting certs
I/PackageManager(   97): /system/app/Fallback.apk changed; collecting certs
D/dalvikvm(   97): GC_CONCURRENT freed 911K, 51% free 6973K/14151K, paused 4ms+11ms
W/PackageParser(   97): No actions in intent filter at /system/app/Contacts.apk Binary XML file line #473
I/PackageManager(   97): /system/app/Contacts.apk changed; collecting certs
D/dalvikvm(   97): GC_CONCURRENT freed 606K, 52% free 6867K/14151K, paused 5ms+4ms
D/dalvikvm(   97): GC_CONCURRENT freed 372K, 51% free 7006K/14151K, paused 4ms+7ms
D/dalvikvm(   97): GC_CONCURRENT freed 181K, 49% free 7337K/14151K, paused 4ms+5ms
I/PackageManager(   97): /system/app/PinyinIME.apk changed; collecting certs
D/dalvikvm(   97): GC_CONCURRENT freed 331K, 47% free 7515K/14151K, paused 4ms+18ms
I/PackageManager(   97): /system/app/Phone.apk changed; collecting certs
D/dalvikvm(   97): GC_CONCURRENT freed 974K, 51% free 7043K/14151K, paused 4ms+6ms
D/dalvikvm(   97): GC_CONCURRENT freed 421K, 50% free 7118K/14151K, paused 4ms+5ms
I/PackageManager(   97): /system/app/Protips.apk changed; collecting certs
I/PackageManager(   97): /system/app/HTMLViewer.apk changed; collecting certs
D/dalvikvm(   97): GC_CONCURRENT freed 325K, 49% free 7304K/14151K, paused 4ms+18ms
I/PackageManager(   97): /system/app/Camera.apk changed; collecting certs
D/dalvikvm(   97): GC_CONCURRENT freed 771K, 51% free 7013K/14151K, paused 4ms+4ms
D/dalvikvm(   97): GC_CONCURRENT freed 441K, 50% free 7084K/14151K, paused 4ms+5ms
I/PackageManager(   97): /system/app/QuickSearchBox.apk changed; collecting certs
D/dalvikvm(   97): GC_CONCURRENT freed 321K, 49% free 7257K/14151K, paused 4ms+13ms
D/dalvikvm(   97): GC_CONCURRENT freed 683K, 50% free 7085K/14151K, paused 4ms+29ms
I/PackageManager(   97): /system/app/SpeechRecorder.apk changed; collecting certs
I/PackageManager(   97): /system/app/Exchange.apk changed; collecting certs
I/PackageManager(   97): /system/app/LatinIME.apk changed; collecting certs
D/dalvikvm(   97): GC_CONCURRENT freed 337K, 49% free 7260K/14151K, paused 4ms+11ms
D/dalvikvm(   97): GC_CONCURRENT freed 620K, 50% free 7140K/14151K, paused 5ms+2ms
D/dalvikvm(   97): GC_CONCURRENT freed 218K, 48% free 7449K/14151K, paused 4ms+5ms
D/dalvikvm(   97): GC_CONCURRENT freed 212K, 45% free 7801K/14151K, paused 4ms+4ms
I/PackageManager(   97): /system/app/MediaProvider.apk changed; collecting certs
I/PackageManager(   97): New shared user android.media: id=10016
I/PackageManager(   97): /system/app/Launcher2.apk changed; collecting certs
D/dalvikvm(   97): GC_CONCURRENT freed 396K, 45% free 7915K/14151K, paused 4ms+20ms
D/dalvikvm(   97): GC_CONCURRENT freed 1276K, 49% free 7259K/14151K, paused 4ms+5ms
I/PackageManager(   97): /system/app/CustomLocale.apk changed; collecting certs
D/dalvikvm(   97): GC_CONCURRENT freed 364K, 48% free 7375K/14151K, paused 5ms+20ms
I/PackageManager(   97): /system/app/Browser.apk changed; collecting certs
D/dalvikvm(   97): GC_CONCURRENT freed 815K, 51% free 7051K/14151K, paused 5ms+6ms
D/dalvikvm(   97): GC_CONCURRENT freed 347K, 50% free 7215K/14151K, paused 4ms+7ms
I/PackageManager(   97): /system/app/DeskClock.apk changed; collecting certs
D/dalvikvm(   97): GC_CONCURRENT freed 266K, 48% free 7449K/14151K, paused 4ms+13ms
I/PackageManager(   97): /system/app/Development.apk changed; collecting certs
I/PackageManager(   97): /system/app/Calculator.apk changed; collecting certs
D/dalvikvm(   97): GC_CONCURRENT freed 829K, 50% free 7132K/14151K, paused 4ms+9ms
I/PackageManager(   97): /system/app/SettingsProvider.apk changed; collecting certs
I/PackageManager(   97): /system/app/DownloadProviderUi.apk changed; collecting certs
I/PackageManager(   97): /system/app/Gallery.apk changed; collecting certs
D/dalvikvm(   97): GC_CONCURRENT freed 608K, 51% free 7032K/14151K, paused 4ms+7ms
I/PackageManager(   97): /system/app/SdkSetup.apk changed; collecting certs
I/PackageManager(   97): /system/app/TtsService.apk changed; collecting certs
D/dalvikvm(   97): GC_CONCURRENT freed 411K, 50% free 7133K/14151K, paused 4ms+16ms
I/PackageManager(   97): /system/app/StingrayProgramMenuSystem.apk changed; collecting certs
I/PackageManager(   97): /system/app/SoundRecorder.apk changed; collecting certs
I/PackageManager(   97): /system/app/LiveWallpapersPicker.apk changed; collecting certs
I/PackageManager(   97): /system/app/PackageInstaller.apk changed; collecting certs
D/dalvikvm(   97): GC_CONCURRENT freed 615K, 51% free 7027K/14151K, paused 4ms+9ms
D/szipinf (   97): Initializing inflate state
I/PackageManager(   97): /system/app/Settings.apk changed; collecting certs
D/dalvikvm(   97): GC_CONCURRENT freed 361K, 50% free 7175K/14151K, paused 5ms+6ms
D/dalvikvm(   97): GC_CONCURRENT freed 365K, 49% free 7321K/14151K, paused 4ms+7ms
D/dalvikvm(   97): GC_CONCURRENT freed 227K, 47% free 7606K/14151K, paused 4ms+8ms
I/PackageManager(   97): /system/app/Music.apk changed; collecting certs
D/dalvikvm(   97): GC_CONCURRENT freed 343K, 46% free 7771K/14151K, paused 4ms+17ms
D/dalvikvm(   97): GC_CONCURRENT freed 946K, 49% free 7337K/14151K, paused 4ms+5ms
I/PackageManager(   97): /system/app/NetSpeed.apk changed; collecting certs
I/PackageManager(   97): /system/app/StingrayProgramMenu.apk changed; collecting certs
I/PackageManager(   97): /system/app/DownloadProvider.apk changed; collecting certs
I/PackageManager(   97): /system/app/DrmProvider.apk changed; collecting certs
D/dalvikvm(   97): GC_CONCURRENT freed 366K, 48% free 7483K/14151K, paused 5ms+14ms
I/PackageManager(   97): /system/app/ApplicationsProvider.apk changed; collecting certs
I/PackageManager(   97): /system/app/TelephonyProvider.apk changed; collecting certs
I/PackageManager(   97): /system/app/SystemUI.apk changed; collecting certs
D/dalvikvm(   97): GC_CONCURRENT freed 747K, 49% free 7248K/14151K, paused 5ms+9ms
D/dalvikvm(   97): GC_CONCURRENT freed 362K, 49% free 7345K/14151K, paused 4ms+3ms
D/dalvikvm(   97): GC_CONCURRENT freed 223K, 47% free 7633K/14151K, paused 4ms+7ms
I/PackageManager(   97): /system/app/CertInstaller.apk changed; collecting certs
D/dalvikvm(   97): GC_CONCURRENT freed 371K, 46% free 7774K/14151K, paused 4ms+4ms
D/PackageManager(   97): No files in app dir /vendor/app
I/PackageManager(   97): /data/app/GestureBuilder.apk changed; collecting certs
I/PackageManager(   97): Unpacking native libraries for /data/app/GestureBuilder.apk
I/PackageManager(   97): /data/app/WidgetPreview.apk changed; collecting certs
I/PackageManager(   97): Unpacking native libraries for /data/app/WidgetPreview.apk
I/PackageManager(   97): /data/app/CubeLiveWallpapers.apk changed; collecting certs
D/dalvikvm(   97): GC_CONCURRENT freed 411K, 45% free 7875K/14151K, paused 4ms+19ms
I/PackageManager(   97): Unpacking native libraries for /data/app/CubeLiveWallpapers.apk
D/szipinf (   97): Initializing inflate state
W/PackageParser(   97): No actions in intent filter at /data/app/ApiDemos.apk Binary XML file line #2537
W/PackageParser(   97): No actions in intent filter at /data/app/ApiDemos.apk Binary XML file line #2543
I/PackageManager(   97): /data/app/ApiDemos.apk changed; collecting certs
D/dalvikvm(   97): GC_CONCURRENT freed 1002K, 48% free 7384K/14151K, paused 5ms+10ms
D/dalvikvm(   97): GC_CONCURRENT freed 293K, 47% free 7576K/14151K, paused 5ms+3ms
D/dalvikvm(   97): GC_CONCURRENT freed 354K, 46% free 7733K/14151K, paused 4ms+4ms
D/dalvikvm(   97): GC_CONCURRENT freed 438K, 45% free 7802K/14151K, paused 4ms+3ms
D/dalvikvm(   97): GC_CONCURRENT freed 508K, 45% free 7805K/14151K, paused 5ms+3ms
D/dalvikvm(   97): GC_CONCURRENT freed 508K, 45% free 7808K/14151K, paused 5ms+3ms
D/dalvikvm(   97): GC_CONCURRENT freed 506K, 45% free 7814K/14151K, paused 5ms+6ms
D/dalvikvm(   97): GC_CONCURRENT freed 503K, 45% free 7817K/14151K, paused 5ms+7ms
D/dalvikvm(   97): GC_CONCURRENT freed 502K, 45% free 7820K/14151K, paused 5ms+3ms
D/dalvikvm(   97): GC_CONCURRENT freed 502K, 45% free 7822K/14151K, paused 5ms+3ms
D/dalvikvm(   97): GC_CONCURRENT freed 502K, 45% free 7825K/14151K, paused 5ms+4ms
W/PackageManager(   97): Package com.example.android.apis desires unavailable shared library com.example.will.never.exist; ignoring!
I/PackageManager(   97): Unpacking native libraries for /data/app/ApiDemos.apk
D/dalvikvm(   97): GC_CONCURRENT freed 435K, 45% free 7902K/14151K, paused 5ms+6ms
I/PackageManager(   97): /data/app/SoftKeyboard.apk changed; collecting certs
I/PackageManager(   97): Unpacking native libraries for /data/app/SoftKeyboard.apk
I/PackageManager(   97): Time to scan packages: 39.831 seconds
I/PackageManager(   97): Platform changed from 0 to 12; regranting permissions for internal storage
W/PackageManager(   97): Unknown permission com.google.android.googleapps.permission.GOOGLE_AUTH.mail in package com.android.contacts
W/PackageManager(   97): Unknown permission android.permission.ADD_SYSTEM_SERVICE in package com.android.phone
W/PackageManager(   97): Unknown permission com.android.smspush.WAPPUSH_MANAGER_BIND in package com.android.phone
W/PackageManager(   97): Not granting permission android.permission.SEND_DOWNLOAD_COMPLETED_INTENTS to package com.android.browser (protectionLevel=2 flags=0x9be45)
W/PackageManager(   97): Not granting permission android.permission.BIND_APPWIDGET to package com.android.widgetpreview (protectionLevel=3 flags=0x8be44)
W/PackageManager(   97): Unknown permission com.google.android.googleapps.permission.GOOGLE_AUTH in package com.android.settings
W/PackageManager(   97): Unknown permission com.google.android.googleapps.permission.GOOGLE_AUTH in package com.android.providers.contacts
W/PackageManager(   97): Unknown permission com.google.android.googleapps.permission.GOOGLE_AUTH.cp in package com.android.providers.contacts
W/PackageManager(   97): Unknown permission android.permission.READ_OWNER_DATA in package com.android.exchange
W/PackageManager(   97): Unknown permission com.google.android.googleapps.permission.ACCESS_GOOGLE_PASSWORD in package com.android.development
W/PackageManager(   97): Unknown permission com.google.android.googleapps.permission.GOOGLE_AUTH in package com.android.development
W/PackageManager(   97): Unknown permission com.google.android.googleapps.permission.GOOGLE_AUTH.ALL_SERVICES in package com.android.development
W/PackageManager(   97): Unknown permission com.google.android.googleapps.permission.GOOGLE_AUTH.YouTubeUser in package com.android.development
W/PackageManager(   97): Unknown permission android.permission.READ_OWNER_DATA in package com.android.email
W/PackageManager(   97): Not granting permission android.permission.DEVICE_POWER to package com.android.deskclock (protectionLevel=2 flags=0x8be45)
D/dalvikvm(   97): GC_CONCURRENT freed 375K, 43% free 8096K/14151K, paused 5ms+18ms
D/dalvikvm(   97): GC_EXPLICIT freed 844K, 49% free 7344K/14151K, paused 6ms+4ms
I/SystemServer(   97): Account Manager
D/PackageManager(   97): generateServicesMap(android.accounts.AccountAuthenticator): 2 services:
D/PackageManager(   97):   New service added: ServiceInfo: AuthenticatorDescription {type=com.android.email}, ComponentInfo{com.android.email/com.android.email.service.PopImapAuthenticatorService}, uid 10004
D/PackageManager(   97):   New service added: ServiceInfo: AuthenticatorDescription {type=com.android.exchange}, ComponentInfo{com.android.email/com.android.email.service.EasAuthenticatorService}, uid 10004
I/SystemServer(   97): Content Manager
I/SyncManager(   97): No initial accounts
I/SyncManager(   97): No initial status
I/SyncManager(   97): No initial pending operations
I/SyncManager(   97): No initial statistics
D/PackageManager(   97): generateServicesMap(android.content.SyncAdapter): 4 services:
D/PackageManager(   97):   New service added: ServiceInfo: SyncAdapterType {name=com.android.email.provider, type=com.android.email, userVisible=true, supportsUploading=false, isAlwaysSyncable=false, allowParallelSyncs=false}, ComponentInfo{com.android.email/com.android.email.service.PopImapSyncAdapterService}, uid 10004
D/PackageManager(   97):   New service added: ServiceInfo: SyncAdapterType {name=com.android.email.provider, type=com.android.exchange, userVisible=true, supportsUploading=false, isAlwaysSyncable=false, allowParallelSyncs=false}, ComponentInfo{com.android.exchange/com.android.exchange.EmailSyncAdapterService}, uid 10014
D/PackageManager(   97):   New service added: ServiceInfo: SyncAdapterType {name=com.android.contacts, type=com.android.exchange, userVisible=true, supportsUploading=true, isAlwaysSyncable=false, allowParallelSyncs=false}, ComponentInfo{com.android.exchange/com.android.exchange.ContactsSyncAdapterService}, uid 10014
D/PackageManager(   97):   New service added: ServiceInfo: SyncAdapterType {name=com.android.calendar, type=com.android.exchange, userVisible=true, supportsUploading=true, isAlwaysSyncable=false, allowParallelSyncs=false}, ComponentInfo{com.android.exchange/com.android.exchange.CalendarSyncAdapterService}, uid 10014
I/SystemServer(   97): System Content Providers
D/installd(   35): DexInv: --- BEGIN '/system/app/SettingsProvider.apk' ---
D/dalvikvm(  140): DexOpt: load 32ms, verify+opt 149ms
D/installd(   35): DexInv: --- END '/system/app/SettingsProvider.apk' (success) ---
I/ActivityThread(   97): Pub settings: com.android.providers.settings.SettingsProvider
W/SettingsProvider(   97): Unable to add bookmark: com.google.android.email/com.android.email.activity.Welcome
W/SettingsProvider(   97): android.content.pm.PackageManager$NameNotFoundException: ComponentInfo{com.google.android.email/com.android.email.activity.Welcome}
W/SettingsProvider(   97): 	at android.app.ApplicationPackageManager.getActivityInfo(ApplicationPackageManager.java:220)
W/SettingsProvider(   97): 	at com.android.providers.settings.DatabaseHelper.loadBookmarks(DatabaseHelper.java:1021)
W/SettingsProvider(   97): 	at com.android.providers.settings.DatabaseHelper.loadBookmarks(DatabaseHelper.java:1059)
W/SettingsProvider(   97): 	at com.android.providers.settings.DatabaseHelper.onCreate(DatabaseHelper.java:132)
W/SettingsProvider(   97): 	at android.database.sqlite.SQLiteOpenHelper.getWritableDatabase(SQLiteOpenHelper.java:157)
W/SettingsProvider(   97): 	at android.database.sqlite.SQLiteOpenHelper.getReadableDatabase(SQLiteOpenHelper.java:223)
W/SettingsProvider(   97): 	at com.android.providers.settings.SettingsProvider.query(SettingsProvider.java:398)
W/SettingsProvider(   97): 	at com.android.providers.settings.SettingsProvider.ensureAndroidIdIsSet(SettingsProvider.java:317)
W/SettingsProvider(   97): 	at com.android.providers.settings.SettingsProvider.onCreate(SettingsProvider.java:256)
W/SettingsProvider(   97): 	at android.content.ContentProvider.attachInfo(ContentProvider.java:955)
W/SettingsProvider(   97): 	at android.app.ActivityThread.installProvider(ActivityThread.java:3880)
W/SettingsProvider(   97): 	at android.app.ActivityThread.installContentProviders(ActivityThread.java:3635)
W/SettingsProvider(   97): 	at android.app.ActivityThread.installSystemProviders(ActivityThread.java:3987)
W/SettingsProvider(   97): 	at com.android.server.am.ActivityManagerService.installSystemProviders(ActivityManagerService.java:5781)
W/SettingsProvider(   97): 	at com.android.server.ServerThread.run(SystemServer.java:173)
W/SettingsProvider(   97): Unable to add bookmark: com.google.android.calendar/com.android.calendar.LaunchActivity
W/SettingsProvider(   97): android.content.pm.PackageManager$NameNotFoundException: ComponentInfo{com.google.android.calendar/com.android.calendar.LaunchActivity}
W/SettingsProvider(   97): 	at android.app.ApplicationPackageManager.getActivityInfo(ApplicationPackageManager.java:220)
W/SettingsProvider(   97): 	at com.android.providers.settings.DatabaseHelper.loadBookmarks(DatabaseHelper.java:1021)
W/SettingsProvider(   97): 	at com.android.providers.settings.DatabaseHelper.loadBookmarks(DatabaseHelper.java:1059)
W/SettingsProvider(   97): 	at com.android.providers.settings.DatabaseHelper.onCreate(DatabaseHelper.java:132)
W/SettingsProvider(   97): 	at android.database.sqlite.SQLiteOpenHelper.getWritableDatabase(SQLiteOpenHelper.java:157)
W/SettingsProvider(   97): 	at android.database.sqlite.SQLiteOpenHelper.getReadableDatabase(SQLiteOpenHelper.java:223)
W/SettingsProvider(   97): 	at com.android.providers.settings.SettingsProvider.query(SettingsProvider.java:398)
W/SettingsProvider(   97): 	at com.android.providers.settings.SettingsProvider.ensureAndroidIdIsSet(SettingsProvider.java:317)
W/SettingsProvider(   97): 	at com.android.providers.settings.SettingsProvider.onCreate(SettingsProvider.java:256)
W/SettingsProvider(   97): 	at android.content.ContentProvider.attachInfo(ContentProvider.java:955)
W/SettingsProvider(   97): 	at android.app.ActivityThread.installProvider(ActivityThread.java:3880)
W/SettingsProvider(   97): 	at android.app.ActivityThread.installContentProviders(ActivityThread.java:3635)
W/SettingsProvider(   97): 	at android.app.ActivityThread.installSystemProviders(ActivityThread.java:3987)
W/SettingsProvider(   97): 	at com.android.server.am.ActivityManagerService.installSystemProviders(ActivityManagerService.java:5781)
W/SettingsProvider(   97): 	at com.android.server.ServerThread.run(SystemServer.java:173)
D/SettingsProvider(   97): Generated and saved new ANDROID_ID [939c2fbbe92f8cea]
D/SettingsProvider(   97): cache for settings table 'secure' rows=23; fullycached=true
I/SystemServer(   97): Lights Service
I/SystemServer(   97): Battery Service
D/BatteryService(   97): level:50 scale:100 status:2 health:2 present:true voltage: 0 temperature: 0 technology: Li-ion AC powered:true USB powered:false icon:17302715 invalid charger:0
I/SystemServer(   97): Vibrator Service
D/SettingsProvider(   97): cache for settings table 'system' rows=46; fullycached=true
I/SystemServer(   97): Alarm Manager
I/SystemServer(   97): Init Watchdog
I/SystemServer(   97): Window Manager
I/InputManager(   97): Initializing input manager
D/dalvikvm(   97): GC_CONCURRENT freed 357K, 48% free 7477K/14151K, paused 4ms+5ms
D/WindowManager(   97): couldn't read hdmi state from /sys/class/switch/hdmi/state: java.io.FileNotFoundException: /sys/class/switch/hdmi/state (No such file or directory)
I/InputManager(   97): Starting input manager
I/WindowManager(   97): Enabled StrictMode logging for WMThread's Looper
I/SystemServer(   97): No Bluetooh Service (emulator)
I/SystemServer(   97): Device Policy
I/SystemServer(   97): Status Bar
I/WindowManager(   97): Enabled StrictMode for PolicyThread's Looper
I/SystemServer(   97): Clipboard Service
I/SystemServer(   97): Input Method Service
I/EventHub(   97): New device: id=1, fd=58, path='/dev/input/event0', name='qwerty2', classes=0x2f, configuration='/system/usr/idc/qwerty2.idc', keyLayout='/system/usr/keylayout/qwerty.kl', keyCharacterMap='/system/usr/keychars/qwerty2.kcm', builtinKeyboard=true
E/EventHub(   97): could not get driver version for /dev/input/mouse0, Not a typewriter
E/EventHub(   97): could not get driver version for /dev/input/mice, Not a typewriter
I/InputReader(   97): Device added: id=0, name='qwerty2', sources=0x00011307
I/InputManagerService(   97): No default found, using jp.co.omronsoft.openwnn/.OpenWnnJAJP
I/SystemServer(   97): NetStat Service
I/SystemServer(   97): NetworkManagement Service
I/SystemServer(   97): Connectivity Service
D/ConnectivityService(   97): ConnectivityService starting up
D/ConnectivityService(   97): Starting Wifi Service.
I/WifiService(   97): WifiService starting up with Wi-Fi disabled
E/WifiService(   97): Invoking mWifiStateMachine.setWifiEnabled
D/NetworkManagmentService(   97): Registering observer
I/SystemServer(   97): Throttle Service
I/SystemServer(   97): Accessibility Manager
I/SystemServer(   97): Mount Service
I/SystemServer(   97): Notification Manager
I/SystemServer(   97): Device Storage Monitor
I/SystemServer(   97): Location Manager
I/SystemServer(   97): Country Detector
D/VoldCmdListener(   29): volume list
I/SystemServer(   97): Search Service
I/PackageManager(   97): Updating external media status from unmounted to unmounted
D/VoldCmdListener(   29): share status ums
I/SystemServer(   97): DropBox Service
I/SystemServer(   97): Wallpaper Service
W/WallpaperService(   97): failed parsing /data/system/wallpaper_info.xml java.io.FileNotFoundException: /data/system/wallpaper_info.xml (No such file or directory)
I/SystemServer(   97): Audio Service
W/System.err(   97): Error reading from ./android/widget/ViewStub.class
W/System.err(   97): Error reading from ./android/webkit/ViewStub.class
I/AudioService(   97):  AudioFocus  abandonAudioFocus() from AudioFocus_For_Phone_Ring_And_Calls
D/AudioHardwareInterface(   34): setMode(NORMAL)
W/AudioPolicyManagerBase(   34): setPhoneState() setting same state 0
I/SystemServer(   97): Dock Observer
W/DockObserver(   97): This kernel does not have dock station support
I/SystemServer(   97): Wired Accessory Observer
I/SystemServer(   97): USB Observer
W/UsbDeviceSettingsManager(   97): settings file not found
I/UsbService(   97): This kernel does not have USB configuration switch support
I/SystemServer(   97): UI Mode Manager Service
I/SystemServer(   97): Backup Service
V/BackupManagerService(   97): No ancestral data
I/BackupManagerService(   97): Backup enabled => true
I/SystemServer(   97): AppWidget Service
I/SystemServer(   97): Recognition Service
I/SystemServer(   97): DiskStats Service
I/SystemServer(   97): SamplingProfiler Service
I/SystemServer(   97): NetworkTimeUpdateService
I/WindowManager(   97): SAFE MODE not enabled
D/dalvikvm(   97): JIT started for system_server
I/ActivityManager(   97): Config changed: { scale=1.0 imsi=0/0 loc=ld_US touch=3 keys=2/1/1 nav=3/1 orien=L layout=0x10000014 uiMode=0x0 seq=1}
D/PowerManagerService(   97): system ready!
I/ActivityManager(   97): Sending system update to: ComponentInfo{com.android.providers.contacts/com.android.providers.contacts.ContactsUpgradeReceiver}
I/Zygote  (   97): Process: zygote socket opened
I/SystemServer(   97): Enabled StrictMode for system server main thread.
I/ActivityManager(   97): Start proc android.process.acore for broadcast com.android.providers.contacts/.ContactsUpgradeReceiver: pid=170 uid=10000 gids={3003, 1015}
D/dalvikvm(   97): GC_CONCURRENT freed 164K, 46% free 7747K/14151K, paused 5ms+4ms
I/ActivityManager(   97): Starting: Intent { act=android.intent.action.MAIN cat=[android.intent.category.HOME] flg=0x10000000 cmp=com.android.settings/.CryptKeeper } from pid 0
I/ActivityManager(   97): Launching preboot mode app: ProcessRecord{408854f8 170:android.process.acore/10000}
D/installd(   35): DexInv: --- BEGIN '/system/app/ContactsProvider.apk' ---
D/dalvikvm(  180): DexOpt: load 142ms, verify+opt 1111ms
D/installd(   35): DexInv: --- END '/system/app/ContactsProvider.apk' (success) ---
I/ContactsUpgradeReceiver(  170): Creating or opening contacts database
I/ContactsDatabaseHelper(  170): Bootstrapping database
D/dalvikvm(  170): GC_CONCURRENT freed 401K, 8% free 6316K/6791K, paused 4ms+11ms
I/ContactsProviderV1(  170): Bootstrapping database legacy support
I/ActivityManager(   97): Writing new set of last done pre-boot receivers...
I/ActivityManager(   97): Removing system update proc: ProcessRecord{408854f8 170:android.process.acore/10000}
I/Process (   97): Sending signal. PID: 170 SIG: 9
I/ActivityManager(   97): System now ready
I/SystemServer(   97): Making services ready
D/SystemServer(   97): Starting service: Intent { cmp=com.android.systemui/.SystemUIService }
I/ActivityManager(   97): Start proc com.android.systemui for service com.android.systemui/.SystemUIService: pid=183 uid=1000 gids={1015, 3002, 3001, 3003}
I/ActivityManager(   97): Config changed: { scale=1.0 imsi=0/0 loc=ld_US touch=3 keys=2/1/1 nav=3/1 orien=L layout=0x10000014 uiMode=0x11 seq=2}
W/RecognitionManagerService(   97): no available voice recognition services found
I/UsbService(   97): Device not provisioned, skipping USB broadcast
I/ActivityManager(   97): Start proc jp.co.omronsoft.openwnn for service jp.co.omronsoft.openwnn/.OpenWnnJAJP: pid=191 uid=10002 gids={}
D/installd(   35): DexInv: --- BEGIN '/system/app/SystemUI.apk' ---
D/dalvikvm(  196): DexOpt: load 206ms, verify+opt 855ms
D/installd(   35): DexInv: --- END '/system/app/SystemUI.apk' (success) ---
D/installd(   35): DexInv: --- BEGIN '/system/app/OpenWnn.apk' ---
D/SystemUIService(  183): loading: class com.android.systemui.statusbar.tablet.TabletStatusBar
D/SystemUIService(  183): running: com.android.systemui.statusbar.tablet.TabletStatusBar@40666fb8
D/dalvikvm(  211): DexOpt: load 117ms, verify+opt 481ms
D/installd(   35): DexInv: --- END '/system/app/OpenWnn.apk' (success) ---
W/GpsLocationProvider(   97): Could not open GPS configuration file /etc/gps.conf
I/StatusBar.HeightReceiver(  183): Resizing status bar plugged=false height=48 old=0
E/ThrottleService(   97): Could not open GPS configuration file /etc/gps.conf
D/dalvikvm(   97): GC_FOR_ALLOC freed 298K, 45% free 7807K/14151K, paused 218ms
I/dalvikvm-heap(   97): Grow heap (frag case) to 12.840MB for 5406736-byte allocation
D/dalvikvm(   97): GC_FOR_ALLOC freed 0K, 33% free 13087K/19463K, paused 225ms
D/dalvikvm(  183): GC_CONCURRENT freed 111K, 3% free 6597K/6791K, paused 5ms+3ms
D/dalvikvm(   97): GREF has increased to 201
D/NetworkManagmentService(   97): Registering observer
E/ThrottleService(   97): Error reading data file
E/NetworkTimeUpdateService(   97): Could not open GPS configuration file /etc/gps.conf
E/NetworkTimeUpdateService(   97): NTP server address not found, not syncing to NTP time
I/ActivityManager(   97): Start proc com.android.phone for added application com.android.phone: pid=214 uid=1001 gids={3002, 3001, 3003, 1015}
I/ActivityManager(   97): Start proc com.android.settings for activity com.android.settings/.CryptKeeper: pid=215 uid=1000 gids={1015, 3002, 3001, 3003}
E/logwrapper(  226): executing /system/bin/tc failed: No such file or directory
I/logwrapper(   30): /system/bin/tc terminated by exit(1)
E/logwrapper(  228): executing /system/bin/tc failed: No such file or directory
I/logwrapper(   30): /system/bin/tc terminated by exit(1)
E/logwrapper(  229): executing /system/bin/tc failed: No such file or directory
I/logwrapper(   30): /system/bin/tc terminated by exit(1)
D/dalvikvm(  191): No JNI_OnLoad found in /system/lib/libwnndict.so 0x40630ae8, skipping init
E/logwrapper(  237): executing /system/bin/tc failed: No such file or directory
I/logwrapper(   30): /system/bin/tc terminated by exit(1)
E/logwrapper(  238): executing /system/bin/tc failed: No such file or directory
D/dalvikvm(   97): GC_CONCURRENT freed 119K, 33% free 13161K/19463K, paused 10ms+89ms
I/logwrapper(   30): /system/bin/tc terminated by exit(1)
E/logwrapper(  240): executing /system/bin/tc failed: No such file or directory
I/logwrapper(   30): /system/bin/tc terminated by exit(1)
D/installd(   35): DexInv: --- BEGIN '/system/app/Settings.apk' ---
D/dalvikvm(  183): GC_FOR_ALLOC freed 19K, 4% free 6690K/6919K, paused 385ms
D/dalvikvm(  191): GC_CONCURRENT freed 214K, 5% free 6512K/6791K, paused 4ms+80ms
I/dalvikvm-heap(  183): Grow heap (frag case) to 7.419MB for 876076-byte allocation
D/dalvikvm(  183): GC_CONCURRENT freed 1K, 4% free 7544K/7815K, paused 4ms+2ms
D/dalvikvm(  183): GC_FOR_ALLOC freed <1K, 4% free 7544K/7815K, paused 252ms
I/dalvikvm-heap(  183): Grow heap (frag case) to 8.253MB for 876076-byte allocation
D/dalvikvm(  183): GC_CONCURRENT freed <1K, 4% free 8400K/8711K, paused 4ms+2ms
D/dalvikvm(  191): GC_CONCURRENT freed 350K, 6% free 6692K/7111K, paused 4ms+54ms
D/dalvikvm(  191): GC_CONCURRENT freed 399K, 7% free 6787K/7239K, paused 4ms+4ms
D/dalvikvm(  183): GC_CONCURRENT freed 4K, 2% free 9082K/9223K, paused 4ms+21ms
I/StatusBarManagerService(   97): registerStatusBar bar=com.android.internal.statusbar.IStatusBar$Stub$Proxy@408afe28
D/SystemUIService(  183): loading: class com.android.systemui.power.PowerUI
D/SystemUIService(  183): running: com.android.systemui.power.PowerUI@409cec20
D/dalvikvm(  183): GC_CONCURRENT freed 60K, 2% free 9896K/10055K, paused 4ms+4ms
D/dalvikvm(  245): DexOpt: load 766ms, verify+opt 2585ms
D/installd(   35): DexInv: --- END '/system/app/Settings.apk' (success) ---
D/installd(   35): DexInv: --- BEGIN '/system/app/TelephonyProvider.apk' ---
D/dalvikvm(  250): DexOpt: load 285ms, verify+opt 528ms
D/installd(   35): DexInv: --- END '/system/app/TelephonyProvider.apk' (success) ---
D/installd(   35): DexInv: --- BEGIN '/system/app/Phone.apk' ---
D/dalvikvm(  253): DexOpt: load 243ms, verify+opt 1146ms
D/installd(   35): DexInv: --- END '/system/app/Phone.apk' (success) ---
I/ActivityManager(   97): Force stopping package com.android.settings uid=1000
I/Process (   97): Sending signal. PID: 215 SIG: 9
I/StatusBar.HeightReceiver(  183): Resizing status bar plugged=false height=48 old=48
I/ActivityManager(   97): Starting: Intent { act=android.intent.action.MAIN cat=[android.intent.category.HOME] flg=0x10000000 cmp=com.android.sdksetup/.DefaultActivity } from pid 0
I/ActivityManager(   97): Start proc com.android.sdksetup for activity com.android.sdksetup/.DefaultActivity: pid=257 uid=10023 gids={}
I/ActivityManager(   97): Start proc android.process.acore for broadcast com.android.providers.contacts/.PackageIntentReceiver: pid=259 uid=10000 gids={3003, 1015}
D/PackageManager(   97): generateServicesMap(android.accounts.AccountAuthenticator): 2 services unchanged
D/PackageManager(   97): generateServicesMap(android.content.SyncAdapter): 4 services unchanged
D/WifiService(   97): New client listening to asynchronous messages
V/TLINE   (  183): new: android.text.TextLine@409ce948
D/installd(   35): DexInv: --- BEGIN '/system/app/SdkSetup.apk' ---
I/ActivityThread(  214): Pub mms: com.android.providers.telephony.MmsProvider
I/ActivityThread(  214): Pub sms: com.android.providers.telephony.SmsProvider
I/ActivityThread(  214): Pub telephony: com.android.providers.telephony.TelephonyProvider
I/ActivityThread(  214): Pub icc: com.android.phone.IccProvider
I/ActivityThread(  214): Pub mms-sms: com.android.providers.telephony.MmsSmsProvider
D/dalvikvm(  278): DexOpt: load 37ms, verify+opt 20ms
D/installd(   35): DexInv: --- END '/system/app/SdkSetup.apk' (success) ---
D/installd(   35): DexInv: --- BEGIN '/system/app/ApplicationsProvider.apk' ---
D/dalvikvm(  279): DexOpt: load 49ms, verify+opt 155ms
D/installd(   35): DexInv: --- END '/system/app/ApplicationsProvider.apk' (success) ---
D/installd(   35): DexInv: --- BEGIN '/system/app/UserDictionaryProvider.apk' ---
D/dalvikvm(  281): DexOpt: load 28ms, verify+opt 61ms
D/installd(   35): DexInv: --- END '/system/app/UserDictionaryProvider.apk' (success) ---
I/ActivityThread(  259): Pub com.android.social: com.android.providers.contacts.SocialProvider
I/ActivityThread(  259): Pub applications: com.android.providers.applications.ApplicationsProvider
D/TabletStatusBar(  183): lights on
D/dalvikvm(   97): GC_CONCURRENT freed 1643K, 32% free 13256K/19463K, paused 6ms+30ms
D/dalvikvm(  259): GC_CONCURRENT freed 329K, 7% free 6322K/6727K, paused 13ms+18ms
W/ActivityManager(   97): Unable to start service Intent { act=com.android.internal.telephony.IWapPushManager }: not found
I/ActivityManager(   97): Force stopping package com.android.sdksetup uid=10023
I/Process (   97): Sending signal. PID: 257 SIG: 9
I/ActivityManager(   97): Starting: Intent { act=android.intent.action.MAIN cat=[android.intent.category.HOME] flg=0x10000000 cmp=com.android.launcher/com.android.launcher2.Launcher } from pid 0
I/ActivityManager(   97): Start proc com.android.launcher for activity com.android.launcher/com.android.launcher2.Launcher: pid=292 uid=10017 gids={}
D/PowerUI (  183): closing low battery warning: level=50
I/ActivityThread(  259): Pub contacts;com.android.contacts: com.android.providers.contacts.ContactsProvider2
D/PackageManager(   97): generateServicesMap(android.accounts.AccountAuthenticator): 2 services unchanged
D/PackageManager(   97): generateServicesMap(android.content.SyncAdapter): 4 services unchanged
D/dalvikvm(  214): GC_CONCURRENT freed 217K, 5% free 6496K/6791K, paused 5ms+5ms
D/MobileDataStateTracker(   97): hipri: hipri got ACTION_DATA_CONNECTION_TRACKER_MESSENGER
D/MobileDataStateTracker(   97): hipri: MdstHandler connected
D/MobileDataStateTracker(   97): supl: supl got ACTION_DATA_CONNECTION_TRACKER_MESSENGER
D/MobileDataStateTracker(   97): supl: MdstHandler connected
D/MobileDataStateTracker(   97): mms: mms got ACTION_DATA_CONNECTION_TRACKER_MESSENGER
D/MobileDataStateTracker(   97): mms: MdstHandler connected
D/MobileDataStateTracker(   97): default: default got ACTION_DATA_CONNECTION_TRACKER_MESSENGER
D/MobileDataStateTracker(   97): default: MdstHandler connected
D/CAT     (  214): CatService: Is running
D/CAT     (  214): CatService: NEW sInstance
D/CallManager(  214): registerPhone(GSM Handler{406758c8})
I/ActivityThread(  259): Pub call_log: com.android.providers.contacts.CallLogProvider
I/ActivityThread(  259): Pub user_dictionary: com.android.providers.userdictionary.UserDictionaryProvider
D/installd(   35): DexInv: --- BEGIN '/system/app/Contacts.apk' ---
I/ARMAssembler(   32): generated scanline__00000177:03010104_00000002_00000000 [ 44 ipp] (66 ins) at [0x4084b1e8:0x4084b2f0] in 4967835 ns
D/dalvikvm(  304): DexOpt: load 527ms, verify+opt 3949ms
D/installd(   35): DexInv: --- END '/system/app/Contacts.apk' (success) ---
D/installd(   35): DexInv: --- BEGIN '/system/app/Launcher2.apk' ---
D/AndroidRuntime(  316): 
D/AndroidRuntime(  316): >>>>>> AndroidRuntime START com.android.internal.os.RuntimeInit <<<<<<
D/AndroidRuntime(  316): CheckJNI is ON
V/ContactsProvider(  259): Importing legacy contacts
D/AndroidRuntime(  316): Calling main entry com.android.commands.pm.Pm
I/ContactsDatabaseHelper(  259): Switching to locale ld_US
D/dalvikvm(  314): DexOpt: load 684ms, verify+opt 1991ms
D/installd(   35): DexInv: --- END '/system/app/Launcher2.apk' (success) ---
W/ActivityManager(   97): Unable to start service Intent { act=com.android.ussd.IExtendedNetworkService }: not found
I/ActivityManager(   97): Start proc com.android.defcontainer for service com.android.defcontainer/.DefaultContainerService: pid=325 uid=10001 gids={1015, 2001}
D/AlarmManagerService(   97): Kernel timezone updated to 0 minutes west of GMT
D/SystemClock(  214): Setting time of day to sec=1308920138
W/SystemClock(  214): Unable to set rtc to 1308920138: Invalid argument
D/dalvikvm(   33): GC_EXPLICIT freed 10K, 5% free 6232K/6531K, paused 3ms+67ms
D/installd(   35): DexInv: --- BEGIN '/system/app/DefaultContainerService.apk' ---
D/dalvikvm(  259): GC_CONCURRENT freed 197K, 4% free 6624K/6855K, paused 4ms+19ms
I/TelephonyRegistry(   97): notifyDataConnection: state=0 isDataConnectivityPossible=false reason='radioTurnedOff' apn='null' apnType=default networkType=0
